=========================================
   eflete 1.19.1: tests/test-suite.log
=========================================

# TOTAL: 9
# PASS:  8
# SKIP:  0
# XFAIL: 0
# FAIL:  1
# XPASS: 0
# ERROR: 0

.. contents:: :depth: 2

FAIL: ewe_ruler_test
====================

Running suite(s): ewe_ruler_test
ERR<642479>: ../../src/bin/external/syntax_color.c:108 color_load() Failed to open color data file "/themes/default/color/color.eet"
## Copy & Paste the below (until EOF) into a terminal, then hit Enter

eina_btlog << EOF
/usr/local/lib/libeina.so.1	 0x7fd4c694c8ac 0x7fd4c6922000
/usr/local/lib/libeina.so.1	 0x7fd4c694d5e1 0x7fd4c6922000
/usr/local/lib/libeina.so.1	 0x7fd4c694e9f5 0x7fd4c6922000
/home/dimmus/dev/eflete/eflete-1.19.1-efl-1.20/tests/ewe_ruler_test	 0x5558e5d9ac52 0x5558e5d8f000
/home/dimmus/dev/eflete/eflete-1.19.1-efl-1.20/tests/ewe_ruler_test	 0x5558e5d9b24b 0x5558e5d8f000
/usr/local/lib/libecore.so.1	 0x7fd4c69fa5c8 0x7fd4c69c6000
/usr/local/lib/libecore.so.1	 0x7fd4c69fa71d 0x7fd4c69c6000
/usr/local/lib/libeina.so.1	 0x7fd4c69659b4 0x7fd4c6922000
/lib/x86_64-linux-gnu/libpthread.so.0	 0x7fd4c6907609 0x7fd4c68ff000
/lib/x86_64-linux-gnu/libc.so.6	 0x7fd4c66d1133 0x7fd4c65b2000
EOF

ERR<642479>:eina_safety lib/efreet/efreet_utils.c:251 efreet_util_desktop_exec_find() safety check failed: exec == NULL
## Copy & Paste the below (until EOF) into a terminal, then hit Enter

eina_btlog << EOF
/usr/local/lib/libeina.so.1	 0x7fd4c694c8ac 0x7fd4c6922000
/usr/local/lib/libeina.so.1	 0x7fd4c694d5e1 0x7fd4c6922000
/usr/local/lib/libeina.so.1	 0x7fd4c694e9f5 0x7fd4c6922000
/usr/local/lib/libeina.so.1	 0x7fd4c695db62 0x7fd4c6922000
/usr/local/lib/libefreet.so.1	 0x7fd4c6a7a969 0x7fd4c6a62000
/usr/local/lib/libelementary.so.1	 0x7fd4c70a4c0d 0x7fd4c6e16000
/usr/local/lib/libelementary.so.1	 0x7fd4c70a4ed4 0x7fd4c6e16000
/usr/local/lib/libeo.so.1	 0x7fd4c69b8b05 0x7fd4c69a8000
/usr/local/lib/libeo.so.1	 0x7fd4c69b13df 0x7fd4c69a8000
/home/dimmus/dev/eflete/eflete-1.19.1-efl-1.20/tests/ewe_ruler_test	 0x5558e5d9568c 0x5558e5d8f000
/home/dimmus/dev/eflete/eflete-1.19.1-efl-1.20/tests/ewe_ruler_test	 0x5558e5da46b6 0x5558e5d8f000
/home/dimmus/dev/eflete/eflete-1.19.1-efl-1.20/tests/ewe_ruler_test	 0x5558e5d94c57 0x5558e5d8f000
/lib/x86_64-linux-gnu/libc.so.6	 0x7fd4c65d6083 0x7fd4c65b2000
/home/dimmus/dev/eflete/eflete-1.19.1-efl-1.20/tests/ewe_ruler_test	 0x5558e5d94cae 0x5558e5d8f000
EOF

ERR<642479>:ecore_system_upower modules/ecore/system/upower/ecore_system_upower.c:288 _daemon_version_get_cb() Message error org.enlightenment.DBus.Canceled - Canceled by user.
## Copy & Paste the below (until EOF) into a terminal, then hit Enter

eina_btlog << EOF
/usr/local/lib/libeina.so.1	 0x7fd4c694c8ac 0x7fd4c6922000
/usr/local/lib/libeina.so.1	 0x7fd4c694d5e1 0x7fd4c6922000
/usr/local/lib/libeina.so.1	 0x7fd4c694e9f5 0x7fd4c6922000
/usr/local/lib/ecore/system/upower/v-1.20/module.so	 0x7fd4c71afa55 0x7fd4c71ae000
/usr/local/lib/libeldbus.so.1	 0x7fd4c64f6d5f 0x7fd4c64e0000
/usr/local/lib/libeldbus.so.1	 0x7fd4c64eb77d 0x7fd4c64e0000
/usr/local/lib/libeldbus.so.1	 0x7fd4c64ebb6f 0x7fd4c64e0000
/usr/local/lib/libeldbus.so.1	 0x7fd4c64efac0 0x7fd4c64e0000
/usr/local/lib/libeldbus.so.1	 0x7fd4c64f4c9e 0x7fd4c64e0000
/usr/local/lib/libeldbus.so.1	 0x7fd4c64f5d1b 0x7fd4c64e0000
/usr/local/lib/ecore/system/upower/v-1.20/module.so	 0x7fd4c71af609 0x7fd4c71ae000
/usr/local/lib/libeina.so.1	 0x7fd4c6957ece 0x7fd4c6922000
/usr/local/lib/libeina.so.1	 0x7fd4c6957f38 0x7fd4c6922000
/usr/local/lib/libeina.so.1	 0x7fd4c69587d5 0x7fd4c6922000
/usr/local/lib/libecore.so.1	 0x7fd4c69d8ab1 0x7fd4c69c6000
/usr/local/lib/libelementary.so.1	 0x7fd4c6ffc3dc 0x7fd4c6e16000
/usr/local/lib/libelementary.so.1	 0x7fd4c6ffc51a 0x7fd4c6e16000
/home/dimmus/dev/eflete/eflete-1.19.1-efl-1.20/tests/ewe_ruler_test	 0x5558e5d956bf 0x5558e5d8f000
/home/dimmus/dev/eflete/eflete-1.19.1-efl-1.20/tests/ewe_ruler_test	 0x5558e5da46b6 0x5558e5d8f000
/home/dimmus/dev/eflete/eflete-1.19.1-efl-1.20/tests/ewe_ruler_test	 0x5558e5d94c57 0x5558e5d8f000
/lib/x86_64-linux-gnu/libc.so.6	 0x7fd4c65d6083 0x7fd4c65b2000
/home/dimmus/dev/eflete/eflete-1.19.1-efl-1.20/tests/ewe_ruler_test	 0x5558e5d94cae 0x5558e5d8f000
EOF

[7;32m============================= ewe_ruler_add_test_p ==================================================================[0m


ERR<642489>:eina_safety ewe_ruler.c:1064 ewe_ruler_add() safety check failed: parent == NULL
## Copy & Paste the below (until EOF) into a terminal, then hit Enter

eina_btlog << EOF
/usr/local/lib/libeina.so.1	 0x7fd4c694c8ac 0x7fd4c6922000
/usr/local/lib/libeina.so.1	 0x7fd4c694d5e1 0x7fd4c6922000
/usr/local/lib/libeina.so.1	 0x7fd4c694e9f5 0x7fd4c6922000
/usr/local/lib/libeina.so.1	 0x7fd4c695db62 0x7fd4c6922000
/home/dimmus/dev/eflete/eflete-1.19.1-efl-1.20/tests/ewe_ruler_test	 0x5558e5da020f 0x5558e5d8f000
/home/dimmus/dev/eflete/eflete-1.19.1-efl-1.20/tests/ewe_ruler_test	 0x5558e5d95736 0x5558e5d8f000
/home/dimmus/dev/eflete/eflete-1.19.1-efl-1.20/tests/ewe_ruler_test	 0x5558e5da46b6 0x5558e5d8f000
/home/dimmus/dev/eflete/eflete-1.19.1-efl-1.20/tests/ewe_ruler_test	 0x5558e5d94c57 0x5558e5d8f000
/lib/x86_64-linux-gnu/libc.so.6	 0x7fd4c65d6083 0x7fd4c65b2000
/home/dimmus/dev/eflete/eflete-1.19.1-efl-1.20/tests/ewe_ruler_test	 0x5558e5d94cae 0x5558e5d8f000
EOF

[7;32m============================= ewe_ruler_add_test_n ==================================================================[0m


ERR<642499>:eina_safety lib/efreet/efreet_utils.c:251 efreet_util_desktop_exec_find() safety check failed: exec == NULL
## Copy & Paste the below (until EOF) into a terminal, then hit Enter

eina_btlog << EOF
/usr/local/lib/libeina.so.1	 0x7fd4c694c8ac 0x7fd4c6922000
/usr/local/lib/libeina.so.1	 0x7fd4c694d5e1 0x7fd4c6922000
/usr/local/lib/libeina.so.1	 0x7fd4c694e9f5 0x7fd4c6922000
/usr/local/lib/libeina.so.1	 0x7fd4c695db62 0x7fd4c6922000
/usr/local/lib/libefreet.so.1	 0x7fd4c6a7a969 0x7fd4c6a62000
/usr/local/lib/libelementary.so.1	 0x7fd4c70a4c0d 0x7fd4c6e16000
/usr/local/lib/libelementary.so.1	 0x7fd4c70a4ed4 0x7fd4c6e16000
/usr/local/lib/libeo.so.1	 0x7fd4c69b8b05 0x7fd4c69a8000
/usr/local/lib/libeo.so.1	 0x7fd4c69b13df 0x7fd4c69a8000
/usr/local/lib/libelementary.so.1	 0x7fd4c709fd67 0x7fd4c6e16000
/home/dimmus/dev/eflete/eflete-1.19.1-efl-1.20/tests/ewe_ruler_test	 0x5558e5d957db 0x5558e5d8f000
/home/dimmus/dev/eflete/eflete-1.19.1-efl-1.20/tests/ewe_ruler_test	 0x5558e5da46b6 0x5558e5d8f000
/home/dimmus/dev/eflete/eflete-1.19.1-efl-1.20/tests/ewe_ruler_test	 0x5558e5d94c57 0x5558e5d8f000
/lib/x86_64-linux-gnu/libc.so.6	 0x7fd4c65d6083 0x7fd4c65b2000
/home/dimmus/dev/eflete/eflete-1.19.1-efl-1.20/tests/ewe_ruler_test	 0x5558e5d94cae 0x5558e5d8f000
EOF

ERR<642499>: ../../src/bin/external/syntax_color.c:108 color_load() Failed to open color data file "/themes/default/color/color.eet"
## Copy & Paste the below (until EOF) into a terminal, then hit Enter

eina_btlog << EOF
/usr/local/lib/libeina.so.1	 0x7fd4c694c8ac 0x7fd4c6922000
/usr/local/lib/libeina.so.1	 0x7fd4c694d5e1 0x7fd4c6922000
/usr/local/lib/libeina.so.1	 0x7fd4c694e9f5 0x7fd4c6922000
/home/dimmus/dev/eflete/eflete-1.19.1-efl-1.20/tests/ewe_ruler_test	 0x5558e5d9ac52 0x5558e5d8f000
/home/dimmus/dev/eflete/eflete-1.19.1-efl-1.20/tests/ewe_ruler_test	 0x5558e5d9b24b 0x5558e5d8f000
/usr/local/lib/libecore.so.1	 0x7fd4c69fa5c8 0x7fd4c69c6000
/usr/local/lib/libecore.so.1	 0x7fd4c69fa71d 0x7fd4c69c6000
/usr/local/lib/libeina.so.1	 0x7fd4c69659b4 0x7fd4c6922000
/lib/x86_64-linux-gnu/libpthread.so.0	 0x7fd4c6907609 0x7fd4c68ff000
/lib/x86_64-linux-gnu/libc.so.6	 0x7fd4c66d1133 0x7fd4c65b2000
EOF

[7;32m============================= ewe_ruler_scale_add_test_p ==================================================================[0m


[7;32m============================= ewe_ruler_scale_add_test_n ==================================================================[0m


ERR<642509>: ../../src/bin/external/syntax_color.c:108 color_load() Failed to open color data file "/themes/default/color/color.eet"
## Copy & Paste the below (until EOF) into a terminal, then hit Enter

eina_btlog << EOF
/usr/local/lib/libeina.so.1	 0x7fd4c694c8ac 0x7fd4c6922000
/usr/local/lib/libeina.so.1	 0x7fd4c694d5e1 0x7fd4c6922000
/usr/local/lib/libeina.so.1	 0x7fd4c694e9f5 0x7fd4c6922000
/home/dimmus/dev/eflete/eflete-1.19.1-efl-1.20/tests/ewe_ruler_test	 0x5558e5d9ac52 0x5558e5d8f000
/home/dimmus/dev/eflete/eflete-1.19.1-efl-1.20/tests/ewe_ruler_test	 0x5558e5d9b24b 0x5558e5d8f000
/usr/local/lib/libecore.so.1	 0x7fd4c69fa5c8 0x7fd4c69c6000
/usr/local/lib/libecore.so.1	 0x7fd4c69fa71d 0x7fd4c69c6000
/usr/local/lib/libeina.so.1	 0x7fd4c69659b4 0x7fd4c6922000
/lib/x86_64-linux-gnu/libpthread.so.0	 0x7fd4c6907609 0x7fd4c68ff000
/lib/x86_64-linux-gnu/libc.so.6	 0x7fd4c66d1133 0x7fd4c65b2000
EOF

ERR<642509>:eina_safety lib/efreet/efreet_utils.c:251 efreet_util_desktop_exec_find() safety check failed: exec == NULL
## Copy & Paste the below (until EOF) into a terminal, then hit Enter

eina_btlog << EOF
/usr/local/lib/libeina.so.1	 0x7fd4c694c8ac 0x7fd4c6922000
/usr/local/lib/libeina.so.1	 0x7fd4c694d5e1 0x7fd4c6922000
/usr/local/lib/libeina.so.1	 0x7fd4c694e9f5 0x7fd4c6922000
/usr/local/lib/libeina.so.1	 0x7fd4c695db62 0x7fd4c6922000
/usr/local/lib/libefreet.so.1	 0x7fd4c6a7a969 0x7fd4c6a62000
/usr/local/lib/libelementary.so.1	 0x7fd4c70a4c0d 0x7fd4c6e16000
/usr/local/lib/libelementary.so.1	 0x7fd4c70a4ed4 0x7fd4c6e16000
/usr/local/lib/libeo.so.1	 0x7fd4c69b8b05 0x7fd4c69a8000
/usr/local/lib/libeo.so.1	 0x7fd4c69b13df 0x7fd4c69a8000
/usr/local/lib/libelementary.so.1	 0x7fd4c709fd67 0x7fd4c6e16000
/home/dimmus/dev/eflete/eflete-1.19.1-efl-1.20/tests/ewe_ruler_test	 0x5558e5d95941 0x5558e5d8f000
/home/dimmus/dev/eflete/eflete-1.19.1-efl-1.20/tests/ewe_ruler_test	 0x5558e5da46b6 0x5558e5d8f000
/home/dimmus/dev/eflete/eflete-1.19.1-efl-1.20/tests/ewe_ruler_test	 0x5558e5d94c57 0x5558e5d8f000
/lib/x86_64-linux-gnu/libc.so.6	 0x7fd4c65d6083 0x7fd4c65b2000
/home/dimmus/dev/eflete/eflete-1.19.1-efl-1.20/tests/ewe_ruler_test	 0x5558e5d94cae 0x5558e5d8f000
EOF

ERR<642509>:ecore_system_upower modules/ecore/system/upower/ecore_system_upower.c:288 _daemon_version_get_cb() Message error org.enlightenment.DBus.Canceled - Canceled by user.
## Copy & Paste the below (until EOF) into a terminal, then hit Enter

eina_btlog << EOF
/usr/local/lib/libeina.so.1	 0x7fd4c694c8ac 0x7fd4c6922000
/usr/local/lib/libeina.so.1	 0x7fd4c694d5e1 0x7fd4c6922000
/usr/local/lib/libeina.so.1	 0x7fd4c694e9f5 0x7fd4c6922000
/usr/local/lib/ecore/system/upower/v-1.20/module.so	 0x7fd4c71afa55 0x7fd4c71ae000
/usr/local/lib/libeldbus.so.1	 0x7fd4c64f6d5f 0x7fd4c64e0000
/usr/local/lib/libeldbus.so.1	 0x7fd4c64eb77d 0x7fd4c64e0000
/usr/local/lib/libeldbus.so.1	 0x7fd4c64ebb6f 0x7fd4c64e0000
/usr/local/lib/libeldbus.so.1	 0x7fd4c64efac0 0x7fd4c64e0000
/usr/local/lib/libeldbus.so.1	 0x7fd4c64f4c9e 0x7fd4c64e0000
/usr/local/lib/libeldbus.so.1	 0x7fd4c64f5d1b 0x7fd4c64e0000
/usr/local/lib/ecore/system/upower/v-1.20/module.so	 0x7fd4c71af609 0x7fd4c71ae000
/usr/local/lib/libeina.so.1	 0x7fd4c6957ece 0x7fd4c6922000
/usr/local/lib/libeina.so.1	 0x7fd4c6957f38 0x7fd4c6922000
/usr/local/lib/libeina.so.1	 0x7fd4c69587d5 0x7fd4c6922000
/usr/local/lib/libecore.so.1	 0x7fd4c69d8ab1 0x7fd4c69c6000
/usr/local/lib/libelementary.so.1	 0x7fd4c6ffc3dc 0x7fd4c6e16000
/usr/local/lib/libelementary.so.1	 0x7fd4c6ffc51a 0x7fd4c6e16000
/home/dimmus/dev/eflete/eflete-1.19.1-efl-1.20/tests/ewe_ruler_test	 0x5558e5d9598b 0x5558e5d8f000
/home/dimmus/dev/eflete/eflete-1.19.1-efl-1.20/tests/ewe_ruler_test	 0x5558e5da46b6 0x5558e5d8f000
/home/dimmus/dev/eflete/eflete-1.19.1-efl-1.20/tests/ewe_ruler_test	 0x5558e5d94c57 0x5558e5d8f000
/lib/x86_64-linux-gnu/libc.so.6	 0x7fd4c65d6083 0x7fd4c65b2000
/home/dimmus/dev/eflete/eflete-1.19.1-efl-1.20/tests/ewe_ruler_test	 0x5558e5d94cae 0x5558e5d8f000
EOF

[7;32m============================= ewe_ruler_scale_del_test_p ==================================================================[0m


[7;32m============================= ewe_ruler_scale_del_test_n ==================================================================[0m


ERR<642519>: ../../src/bin/external/syntax_color.c:108 color_load() Failed to open color data file "/themes/default/color/color.eet"
## Copy & Paste the below (until EOF) into a terminal, then hit Enter

eina_btlog << EOF
/usr/local/lib/libeina.so.1	 0x7fd4c694c8ac 0x7fd4c6922000
/usr/local/lib/libeina.so.1	 0x7fd4c694d5e1 0x7fd4c6922000
/usr/local/lib/libeina.so.1	 0x7fd4c694e9f5 0x7fd4c6922000
/home/dimmus/dev/eflete/eflete-1.19.1-efl-1.20/tests/ewe_ruler_test	 0x5558e5d9ac52 0x5558e5d8f000
/home/dimmus/dev/eflete/eflete-1.19.1-efl-1.20/tests/ewe_ruler_test	 0x5558e5d9b24b 0x5558e5d8f000
/usr/local/lib/libecore.so.1	 0x7fd4c69fa5c8 0x7fd4c69c6000
/usr/local/lib/libecore.so.1	 0x7fd4c69fa71d 0x7fd4c69c6000
/usr/local/lib/libeina.so.1	 0x7fd4c69659b4 0x7fd4c6922000
/lib/x86_64-linux-gnu/libpthread.so.0	 0x7fd4c6907609 0x7fd4c68ff000
/lib/x86_64-linux-gnu/libc.so.6	 0x7fd4c66d1133 0x7fd4c65b2000
EOF

ERR<642519>:eina_safety lib/efreet/efreet_utils.c:251 efreet_util_desktop_exec_find() safety check failed: exec == NULL
## Copy & Paste the below (until EOF) into a terminal, then hit Enter

eina_btlog << EOF
/usr/local/lib/libeina.so.1	 0x7fd4c694c8ac 0x7fd4c6922000
/usr/local/lib/libeina.so.1	 0x7fd4c694d5e1 0x7fd4c6922000
/usr/local/lib/libeina.so.1	 0x7fd4c694e9f5 0x7fd4c6922000
/usr/local/lib/libeina.so.1	 0x7fd4c695db62 0x7fd4c6922000
/usr/local/lib/libefreet.so.1	 0x7fd4c6a7a969 0x7fd4c6a62000
/usr/local/lib/libelementary.so.1	 0x7fd4c70a4c0d 0x7fd4c6e16000
/usr/local/lib/libelementary.so.1	 0x7fd4c70a4ed4 0x7fd4c6e16000
/usr/local/lib/libeo.so.1	 0x7fd4c69b8b05 0x7fd4c69a8000
/usr/local/lib/libeo.so.1	 0x7fd4c69b13df 0x7fd4c69a8000
/usr/local/lib/libelementary.so.1	 0x7fd4c709fd67 0x7fd4c6e16000
/home/dimmus/dev/eflete/eflete-1.19.1-efl-1.20/tests/ewe_ruler_test	 0x5558e5d95ac1 0x5558e5d8f000
/home/dimmus/dev/eflete/eflete-1.19.1-efl-1.20/tests/ewe_ruler_test	 0x5558e5da46b6 0x5558e5d8f000
/home/dimmus/dev/eflete/eflete-1.19.1-efl-1.20/tests/ewe_ruler_test	 0x5558e5d94c57 0x5558e5d8f000
/lib/x86_64-linux-gnu/libc.so.6	 0x7fd4c65d6083 0x7fd4c65b2000
/home/dimmus/dev/eflete/eflete-1.19.1-efl-1.20/tests/ewe_ruler_test	 0x5558e5d94cae 0x5558e5d8f000
EOF

ERR<642519>:ecore_system_upower modules/ecore/system/upower/ecore_system_upower.c:288 _daemon_version_get_cb() Message error org.enlightenment.DBus.Canceled - Canceled by user.
## Copy & Paste the below (until EOF) into a terminal, then hit Enter

eina_btlog << EOF
/usr/local/lib/libeina.so.1	 0x7fd4c694c8ac 0x7fd4c6922000
/usr/local/lib/libeina.so.1	 0x7fd4c694d5e1 0x7fd4c6922000
/usr/local/lib/libeina.so.1	 0x7fd4c694e9f5 0x7fd4c6922000
/usr/local/lib/ecore/system/upower/v-1.20/module.so	 0x7fd4c71afa55 0x7fd4c71ae000
/usr/local/lib/libeldbus.so.1	 0x7fd4c64f6d5f 0x7fd4c64e0000
/usr/local/lib/libeldbus.so.1	 0x7fd4c64eb77d 0x7fd4c64e0000
/usr/local/lib/libeldbus.so.1	 0x7fd4c64ebb6f 0x7fd4c64e0000
/usr/local/lib/libeldbus.so.1	 0x7fd4c64efac0 0x7fd4c64e0000
/usr/local/lib/libeldbus.so.1	 0x7fd4c64f4c9e 0x7fd4c64e0000
/usr/local/lib/libeldbus.so.1	 0x7fd4c64f5d1b 0x7fd4c64e0000
/usr/local/lib/ecore/system/upower/v-1.20/module.so	 0x7fd4c71af609 0x7fd4c71ae000
/usr/local/lib/libeina.so.1	 0x7fd4c6957ece 0x7fd4c6922000
/usr/local/lib/libeina.so.1	 0x7fd4c6957f38 0x7fd4c6922000
/usr/local/lib/libeina.so.1	 0x7fd4c69587d5 0x7fd4c6922000
/usr/local/lib/libecore.so.1	 0x7fd4c69d8ab1 0x7fd4c69c6000
/usr/local/lib/libelementary.so.1	 0x7fd4c6ffc3dc 0x7fd4c6e16000
/usr/local/lib/libelementary.so.1	 0x7fd4c6ffc51a 0x7fd4c6e16000
/home/dimmus/dev/eflete/eflete-1.19.1-efl-1.20/tests/ewe_ruler_test	 0x5558e5d95b0b 0x5558e5d8f000
/home/dimmus/dev/eflete/eflete-1.19.1-efl-1.20/tests/ewe_ruler_test	 0x5558e5da46b6 0x5558e5d8f000
/home/dimmus/dev/eflete/eflete-1.19.1-efl-1.20/tests/ewe_ruler_test	 0x5558e5d94c57 0x5558e5d8f000
/lib/x86_64-linux-gnu/libc.so.6	 0x7fd4c65d6083 0x7fd4c65b2000
/home/dimmus/dev/eflete/eflete-1.19.1-efl-1.20/tests/ewe_ruler_test	 0x5558e5d94cae 0x5558e5d8f000
EOF

[7;32m============================= ewe_ruler_scale_visible_get_test_p ==================================================================[0m


[7;32m============================= ewe_ruler_scale_visible_get_test_n ==================================================================[0m


ERR<642529>: ../../src/bin/external/syntax_color.c:108 color_load() Failed to open color data file "/themes/default/color/color.eet"
## Copy & Paste the below (until EOF) into a terminal, then hit Enter

eina_btlog << EOF
/usr/local/lib/libeina.so.1	 0x7fd4c694c8ac 0x7fd4c6922000
/usr/local/lib/libeina.so.1	 0x7fd4c694d5e1 0x7fd4c6922000
/usr/local/lib/libeina.so.1	 0x7fd4c694e9f5 0x7fd4c6922000
/home/dimmus/dev/eflete/eflete-1.19.1-efl-1.20/tests/ewe_ruler_test	 0x5558e5d9ac52 0x5558e5d8f000
/home/dimmus/dev/eflete/eflete-1.19.1-efl-1.20/tests/ewe_ruler_test	 0x5558e5d9b24b 0x5558e5d8f000
/usr/local/lib/libecore.so.1	 0x7fd4c69fa5c8 0x7fd4c69c6000
/usr/local/lib/libecore.so.1	 0x7fd4c69fa71d 0x7fd4c69c6000
/usr/local/lib/libeina.so.1	 0x7fd4c69659b4 0x7fd4c6922000
/lib/x86_64-linux-gnu/libpthread.so.0	 0x7fd4c6907609 0x7fd4c68ff000
/lib/x86_64-linux-gnu/libc.so.6	 0x7fd4c66d1133 0x7fd4c65b2000
EOF

ERR<642529>:eina_safety lib/efreet/efreet_utils.c:251 efreet_util_desktop_exec_find() safety check failed: exec == NULL
## Copy & Paste the below (until EOF) into a terminal, then hit Enter

eina_btlog << EOF
/usr/local/lib/libeina.so.1	 0x7fd4c694c8ac 0x7fd4c6922000
/usr/local/lib/libeina.so.1	 0x7fd4c694d5e1 0x7fd4c6922000
/usr/local/lib/libeina.so.1	 0x7fd4c694e9f5 0x7fd4c6922000
/usr/local/lib/libeina.so.1	 0x7fd4c695db62 0x7fd4c6922000
/usr/local/lib/libefreet.so.1	 0x7fd4c6a7a969 0x7fd4c6a62000
/usr/local/lib/libelementary.so.1	 0x7fd4c70a4c0d 0x7fd4c6e16000
/usr/local/lib/libelementary.so.1	 0x7fd4c70a4ed4 0x7fd4c6e16000
/usr/local/lib/libeo.so.1	 0x7fd4c69b8b05 0x7fd4c69a8000
/usr/local/lib/libeo.so.1	 0x7fd4c69b13df 0x7fd4c69a8000
/usr/local/lib/libelementary.so.1	 0x7fd4c709fd67 0x7fd4c6e16000
/home/dimmus/dev/eflete/eflete-1.19.1-efl-1.20/tests/ewe_ruler_test	 0x5558e5d95c3f 0x5558e5d8f000
/home/dimmus/dev/eflete/eflete-1.19.1-efl-1.20/tests/ewe_ruler_test	 0x5558e5da46b6 0x5558e5d8f000
/home/dimmus/dev/eflete/eflete-1.19.1-efl-1.20/tests/ewe_ruler_test	 0x5558e5d94c57 0x5558e5d8f000
/lib/x86_64-linux-gnu/libc.so.6	 0x7fd4c65d6083 0x7fd4c65b2000
/home/dimmus/dev/eflete/eflete-1.19.1-efl-1.20/tests/ewe_ruler_test	 0x5558e5d94cae 0x5558e5d8f000
EOF

ERR<642529>:ecore_system_upower modules/ecore/system/upower/ecore_system_upower.c:288 _daemon_version_get_cb() Message error org.enlightenment.DBus.Canceled - Canceled by user.
## Copy & Paste the below (until EOF) into a terminal, then hit Enter

eina_btlog << EOF
/usr/local/lib/libeina.so.1	 0x7fd4c694c8ac 0x7fd4c6922000
/usr/local/lib/libeina.so.1	 0x7fd4c694d5e1 0x7fd4c6922000
/usr/local/lib/libeina.so.1	 0x7fd4c694e9f5 0x7fd4c6922000
/usr/local/lib/ecore/system/upower/v-1.20/module.so	 0x7fd4c71afa55 0x7fd4c71ae000
/usr/local/lib/libeldbus.so.1	 0x7fd4c64f6d5f 0x7fd4c64e0000
/usr/local/lib/libeldbus.so.1	 0x7fd4c64eb77d 0x7fd4c64e0000
/usr/local/lib/libeldbus.so.1	 0x7fd4c64ebb6f 0x7fd4c64e0000
/usr/local/lib/libeldbus.so.1	 0x7fd4c64efac0 0x7fd4c64e0000
/usr/local/lib/libeldbus.so.1	 0x7fd4c64f4c9e 0x7fd4c64e0000
/usr/local/lib/libeldbus.so.1	 0x7fd4c64f5d1b 0x7fd4c64e0000
/usr/local/lib/ecore/system/upower/v-1.20/module.so	 0x7fd4c71af609 0x7fd4c71ae000
/usr/local/lib/libeina.so.1	 0x7fd4c6957ece 0x7fd4c6922000
/usr/local/lib/libeina.so.1	 0x7fd4c6957f38 0x7fd4c6922000
/usr/local/lib/libeina.so.1	 0x7fd4c69587d5 0x7fd4c6922000
/usr/local/lib/libecore.so.1	 0x7fd4c69d8ab1 0x7fd4c69c6000
/usr/local/lib/libelementary.so.1	 0x7fd4c6ffc3dc 0x7fd4c6e16000
/usr/local/lib/libelementary.so.1	 0x7fd4c6ffc51a 0x7fd4c6e16000
/home/dimmus/dev/eflete/eflete-1.19.1-efl-1.20/tests/ewe_ruler_test	 0x5558e5d95cff 0x5558e5d8f000
/home/dimmus/dev/eflete/eflete-1.19.1-efl-1.20/tests/ewe_ruler_test	 0x5558e5da46b6 0x5558e5d8f000
/home/dimmus/dev/eflete/eflete-1.19.1-efl-1.20/tests/ewe_ruler_test	 0x5558e5d94c57 0x5558e5d8f000
/lib/x86_64-linux-gnu/libc.so.6	 0x7fd4c65d6083 0x7fd4c65b2000
/home/dimmus/dev/eflete/eflete-1.19.1-efl-1.20/tests/ewe_ruler_test	 0x5558e5d94cae 0x5558e5d8f000
EOF

[7;32m============================= ewe_ruler_scale_visible_set_test_p ==================================================================[0m


[7;32m============================= ewe_ruler_scale_visible_set_test_n ==================================================================[0m


ERR<642539>: ../../src/bin/external/syntax_color.c:108 color_load() Failed to open color data file "/themes/default/color/color.eet"
## Copy & Paste the below (until EOF) into a terminal, then hit Enter

eina_btlog << EOF
/usr/local/lib/libeina.so.1	 0x7fd4c694c8ac 0x7fd4c6922000
/usr/local/lib/libeina.so.1	 0x7fd4c694d5e1 0x7fd4c6922000
/usr/local/lib/libeina.so.1	 0x7fd4c694e9f5 0x7fd4c6922000
/home/dimmus/dev/eflete/eflete-1.19.1-efl-1.20/tests/ewe_ruler_test	 0x5558e5d9ac52 0x5558e5d8f000
/home/dimmus/dev/eflete/eflete-1.19.1-efl-1.20/tests/ewe_ruler_test	 0x5558e5d9b24b 0x5558e5d8f000
/usr/local/lib/libecore.so.1	 0x7fd4c69fa5c8 0x7fd4c69c6000
/usr/local/lib/libecore.so.1	 0x7fd4c69fa71d 0x7fd4c69c6000
/usr/local/lib/libeina.so.1	 0x7fd4c69659b4 0x7fd4c6922000
/lib/x86_64-linux-gnu/libpthread.so.0	 0x7fd4c6907609 0x7fd4c68ff000
/lib/x86_64-linux-gnu/libc.so.6	 0x7fd4c66d1133 0x7fd4c65b2000
EOF

ERR<642539>:eina_safety lib/efreet/efreet_utils.c:251 efreet_util_desktop_exec_find() safety check failed: exec == NULL
## Copy & Paste the below (until EOF) into a terminal, then hit Enter

eina_btlog << EOF
/usr/local/lib/libeina.so.1	 0x7fd4c694c8ac 0x7fd4c6922000
/usr/local/lib/libeina.so.1	 0x7fd4c694d5e1 0x7fd4c6922000
/usr/local/lib/libeina.so.1	 0x7fd4c694e9f5 0x7fd4c6922000
/usr/local/lib/libeina.so.1	 0x7fd4c695db62 0x7fd4c6922000
/usr/local/lib/libefreet.so.1	 0x7fd4c6a7a969 0x7fd4c6a62000
/usr/local/lib/libelementary.so.1	 0x7fd4c70a4c0d 0x7fd4c6e16000
/usr/local/lib/libelementary.so.1	 0x7fd4c70a4ed4 0x7fd4c6e16000
/usr/local/lib/libeo.so.1	 0x7fd4c69b8b05 0x7fd4c69a8000
/usr/local/lib/libeo.so.1	 0x7fd4c69b13df 0x7fd4c69a8000
/usr/local/lib/libelementary.so.1	 0x7fd4c709fd67 0x7fd4c6e16000
/home/dimmus/dev/eflete/eflete-1.19.1-efl-1.20/tests/ewe_ruler_test	 0x5558e5d95e91 0x5558e5d8f000
/home/dimmus/dev/eflete/eflete-1.19.1-efl-1.20/tests/ewe_ruler_test	 0x5558e5da46b6 0x5558e5d8f000
/home/dimmus/dev/eflete/eflete-1.19.1-efl-1.20/tests/ewe_ruler_test	 0x5558e5d94c57 0x5558e5d8f000
/lib/x86_64-linux-gnu/libc.so.6	 0x7fd4c65d6083 0x7fd4c65b2000
/home/dimmus/dev/eflete/eflete-1.19.1-efl-1.20/tests/ewe_ruler_test	 0x5558e5d94cae 0x5558e5d8f000
EOF

ERR<642539>:ecore_system_upower modules/ecore/system/upower/ecore_system_upower.c:288 _daemon_version_get_cb() Message error org.enlightenment.DBus.Canceled - Canceled by user.
## Copy & Paste the below (until EOF) into a terminal, then hit Enter

eina_btlog << EOF
/usr/local/lib/libeina.so.1	 0x7fd4c694c8ac 0x7fd4c6922000
/usr/local/lib/libeina.so.1	 0x7fd4c694d5e1 0x7fd4c6922000
/usr/local/lib/libeina.so.1	 0x7fd4c694e9f5 0x7fd4c6922000
/usr/local/lib/ecore/system/upower/v-1.20/module.so	 0x7fd4c71afa55 0x7fd4c71ae000
/usr/local/lib/libeldbus.so.1	 0x7fd4c64f6d5f 0x7fd4c64e0000
/usr/local/lib/libeldbus.so.1	 0x7fd4c64eb77d 0x7fd4c64e0000
/usr/local/lib/libeldbus.so.1	 0x7fd4c64ebb6f 0x7fd4c64e0000
/usr/local/lib/libeldbus.so.1	 0x7fd4c64efac0 0x7fd4c64e0000
/usr/local/lib/libeldbus.so.1	 0x7fd4c64f4c9e 0x7fd4c64e0000
/usr/local/lib/libeldbus.so.1	 0x7fd4c64f5d1b 0x7fd4c64e0000
/usr/local/lib/ecore/system/upower/v-1.20/module.so	 0x7fd4c71af609 0x7fd4c71ae000
/usr/local/lib/libeina.so.1	 0x7fd4c6957ece 0x7fd4c6922000
/usr/local/lib/libeina.so.1	 0x7fd4c6957f38 0x7fd4c6922000
/usr/local/lib/libeina.so.1	 0x7fd4c69587d5 0x7fd4c6922000
/usr/local/lib/libecore.so.1	 0x7fd4c69d8ab1 0x7fd4c69c6000
/usr/local/lib/libelementary.so.1	 0x7fd4c6ffc3dc 0x7fd4c6e16000
/usr/local/lib/libelementary.so.1	 0x7fd4c6ffc51a 0x7fd4c6e16000
/home/dimmus/dev/eflete/eflete-1.19.1-efl-1.20/tests/ewe_ruler_test	 0x5558e5d95edb 0x5558e5d8f000
/home/dimmus/dev/eflete/eflete-1.19.1-efl-1.20/tests/ewe_ruler_test	 0x5558e5da46b6 0x5558e5d8f000
/home/dimmus/dev/eflete/eflete-1.19.1-efl-1.20/tests/ewe_ruler_test	 0x5558e5d94c57 0x5558e5d8f000
/lib/x86_64-linux-gnu/libc.so.6	 0x7fd4c65d6083 0x7fd4c65b2000
/home/dimmus/dev/eflete/eflete-1.19.1-efl-1.20/tests/ewe_ruler_test	 0x5558e5d94cae 0x5558e5d8f000
EOF

[7;32m============================= ewe_ruler_scale_middle_mark_get_test_p ==================================================================[0m


[7;32m============================= ewe_ruler_scale_middle_mark_get_test_n ==================================================================[0m


ERR<642549>: ../../src/bin/external/syntax_color.c:108 color_load() Failed to open color data file "/themes/default/color/color.eet"
## Copy & Paste the below (until EOF) into a terminal, then hit Enter

eina_btlog << EOF
/usr/local/lib/libeina.so.1	 0x7fd4c694c8ac 0x7fd4c6922000
/usr/local/lib/libeina.so.1	 0x7fd4c694d5e1 0x7fd4c6922000
/usr/local/lib/libeina.so.1	 0x7fd4c694e9f5 0x7fd4c6922000
/home/dimmus/dev/eflete/eflete-1.19.1-efl-1.20/tests/ewe_ruler_test	 0x5558e5d9ac52 0x5558e5d8f000
/home/dimmus/dev/eflete/eflete-1.19.1-efl-1.20/tests/ewe_ruler_test	 0x5558e5d9b24b 0x5558e5d8f000
/usr/local/lib/libecore.so.1	 0x7fd4c69fa5c8 0x7fd4c69c6000
/usr/local/lib/libecore.so.1	 0x7fd4c69fa71d 0x7fd4c69c6000
/usr/local/lib/libeina.so.1	 0x7fd4c69659b4 0x7fd4c6922000
/lib/x86_64-linux-gnu/libpthread.so.0	 0x7fd4c6907609 0x7fd4c68ff000
/lib/x86_64-linux-gnu/libc.so.6	 0x7fd4c66d1133 0x7fd4c65b2000
EOF

ERR<642549>:eina_safety lib/efreet/efreet_utils.c:251 efreet_util_desktop_exec_find() safety check failed: exec == NULL
## Copy & Paste the below (until EOF) into a terminal, then hit Enter

eina_btlog << EOF
/usr/local/lib/libeina.so.1	 0x7fd4c694c8ac 0x7fd4c6922000
/usr/local/lib/libeina.so.1	 0x7fd4c694d5e1 0x7fd4c6922000
/usr/local/lib/libeina.so.1	 0x7fd4c694e9f5 0x7fd4c6922000
/usr/local/lib/libeina.so.1	 0x7fd4c695db62 0x7fd4c6922000
/usr/local/lib/libefreet.so.1	 0x7fd4c6a7a969 0x7fd4c6a62000
/usr/local/lib/libelementary.so.1	 0x7fd4c70a4c0d 0x7fd4c6e16000
/usr/local/lib/libelementary.so.1	 0x7fd4c70a4ed4 0x7fd4c6e16000
/usr/local/lib/libeo.so.1	 0x7fd4c69b8b05 0x7fd4c69a8000
/usr/local/lib/libeo.so.1	 0x7fd4c69b13df 0x7fd4c69a8000
/usr/local/lib/libelementary.so.1	 0x7fd4c709fd67 0x7fd4c6e16000
/home/dimmus/dev/eflete/eflete-1.19.1-efl-1.20/tests/ewe_ruler_test	 0x5558e5d9600f 0x5558e5d8f000
/home/dimmus/dev/eflete/eflete-1.19.1-efl-1.20/tests/ewe_ruler_test	 0x5558e5da46b6 0x5558e5d8f000
/home/dimmus/dev/eflete/eflete-1.19.1-efl-1.20/tests/ewe_ruler_test	 0x5558e5d94c57 0x5558e5d8f000
/lib/x86_64-linux-gnu/libc.so.6	 0x7fd4c65d6083 0x7fd4c65b2000
/home/dimmus/dev/eflete/eflete-1.19.1-efl-1.20/tests/ewe_ruler_test	 0x5558e5d94cae 0x5558e5d8f000
EOF

ERR<642549>:ecore_system_upower modules/ecore/system/upower/ecore_system_upower.c:288 _daemon_version_get_cb() Message error org.enlightenment.DBus.Canceled - Canceled by user.
## Copy & Paste the below (until EOF) into a terminal, then hit Enter

eina_btlog << EOF
/usr/local/lib/libeina.so.1	 0x7fd4c694c8ac 0x7fd4c6922000
/usr/local/lib/libeina.so.1	 0x7fd4c694d5e1 0x7fd4c6922000
/usr/local/lib/libeina.so.1	 0x7fd4c694e9f5 0x7fd4c6922000
/usr/local/lib/ecore/system/upower/v-1.20/module.so	 0x7fd4c71afa55 0x7fd4c71ae000
/usr/local/lib/libeldbus.so.1	 0x7fd4c64f6d5f 0x7fd4c64e0000
/usr/local/lib/libeldbus.so.1	 0x7fd4c64eb77d 0x7fd4c64e0000
/usr/local/lib/libeldbus.so.1	 0x7fd4c64ebb6f 0x7fd4c64e0000
/usr/local/lib/libeldbus.so.1	 0x7fd4c64efac0 0x7fd4c64e0000
/usr/local/lib/libeldbus.so.1	 0x7fd4c64f4c9e 0x7fd4c64e0000
/usr/local/lib/libeldbus.so.1	 0x7fd4c64f5d1b 0x7fd4c64e0000
/usr/local/lib/ecore/system/upower/v-1.20/module.so	 0x7fd4c71af609 0x7fd4c71ae000
/usr/local/lib/libeina.so.1	 0x7fd4c6957ece 0x7fd4c6922000
/usr/local/lib/libeina.so.1	 0x7fd4c6957f38 0x7fd4c6922000
/usr/local/lib/libeina.so.1	 0x7fd4c69587d5 0x7fd4c6922000
/usr/local/lib/libecore.so.1	 0x7fd4c69d8ab1 0x7fd4c69c6000
/usr/local/lib/libelementary.so.1	 0x7fd4c6ffc3dc 0x7fd4c6e16000
/usr/local/lib/libelementary.so.1	 0x7fd4c6ffc51a 0x7fd4c6e16000
/home/dimmus/dev/eflete/eflete-1.19.1-efl-1.20/tests/ewe_ruler_test	 0x5558e5d960cf 0x5558e5d8f000
/home/dimmus/dev/eflete/eflete-1.19.1-efl-1.20/tests/ewe_ruler_test	 0x5558e5da46b6 0x5558e5d8f000
/home/dimmus/dev/eflete/eflete-1.19.1-efl-1.20/tests/ewe_ruler_test	 0x5558e5d94c57 0x5558e5d8f000
/lib/x86_64-linux-gnu/libc.so.6	 0x7fd4c65d6083 0x7fd4c65b2000
/home/dimmus/dev/eflete/eflete-1.19.1-efl-1.20/tests/ewe_ruler_test	 0x5558e5d94cae 0x5558e5d8f000
EOF

[7;32m============================= ewe_ruler_scale_middle_mark_set_test_p ==================================================================[0m


[7;32m============================= ewe_ruler_scale_middle_mark_set_test_n ==================================================================[0m


ERR<642559>: ../../src/bin/external/syntax_color.c:108 color_load() Failed to open color data file "/themes/default/color/color.eet"
## Copy & Paste the below (until EOF) into a terminal, then hit Enter

eina_btlog << EOF
/usr/local/lib/libeina.so.1	 0x7fd4c694c8ac 0x7fd4c6922000
/usr/local/lib/libeina.so.1	 0x7fd4c694d5e1 0x7fd4c6922000
/usr/local/lib/libeina.so.1	 0x7fd4c694e9f5 0x7fd4c6922000
/home/dimmus/dev/eflete/eflete-1.19.1-efl-1.20/tests/ewe_ruler_test	 0x5558e5d9ac52 0x5558e5d8f000
/home/dimmus/dev/eflete/eflete-1.19.1-efl-1.20/tests/ewe_ruler_test	 0x5558e5d9b24b 0x5558e5d8f000
/usr/local/lib/libecore.so.1	 0x7fd4c69fa5c8 0x7fd4c69c6000
/usr/local/lib/libecore.so.1	 0x7fd4c69fa71d 0x7fd4c69c6000
/usr/local/lib/libeina.so.1	 0x7fd4c69659b4 0x7fd4c6922000
/lib/x86_64-linux-gnu/libpthread.so.0	 0x7fd4c6907609 0x7fd4c68ff000
/lib/x86_64-linux-gnu/libc.so.6	 0x7fd4c66d1133 0x7fd4c65b2000
EOF

ERR<642559>:eina_safety lib/efreet/efreet_utils.c:251 efreet_util_desktop_exec_find() safety check failed: exec == NULL
## Copy & Paste the below (until EOF) into a terminal, then hit Enter

eina_btlog << EOF
/usr/local/lib/libeina.so.1	 0x7fd4c694c8ac 0x7fd4c6922000
/usr/local/lib/libeina.so.1	 0x7fd4c694d5e1 0x7fd4c6922000
/usr/local/lib/libeina.so.1	 0x7fd4c694e9f5 0x7fd4c6922000
/usr/local/lib/libeina.so.1	 0x7fd4c695db62 0x7fd4c6922000
/usr/local/lib/libefreet.so.1	 0x7fd4c6a7a969 0x7fd4c6a62000
/usr/local/lib/libelementary.so.1	 0x7fd4c70a4c0d 0x7fd4c6e16000
/usr/local/lib/libelementary.so.1	 0x7fd4c70a4ed4 0x7fd4c6e16000
/usr/local/lib/libeo.so.1	 0x7fd4c69b8b05 0x7fd4c69a8000
/usr/local/lib/libeo.so.1	 0x7fd4c69b13df 0x7fd4c69a8000
/usr/local/lib/libelementary.so.1	 0x7fd4c709fd67 0x7fd4c6e16000
/home/dimmus/dev/eflete/eflete-1.19.1-efl-1.20/tests/ewe_ruler_test	 0x5558e5d9626b 0x5558e5d8f000
/home/dimmus/dev/eflete/eflete-1.19.1-efl-1.20/tests/ewe_ruler_test	 0x5558e5da46b6 0x5558e5d8f000
/home/dimmus/dev/eflete/eflete-1.19.1-efl-1.20/tests/ewe_ruler_test	 0x5558e5d94c57 0x5558e5d8f000
/lib/x86_64-linux-gnu/libc.so.6	 0x7fd4c65d6083 0x7fd4c65b2000
/home/dimmus/dev/eflete/eflete-1.19.1-efl-1.20/tests/ewe_ruler_test	 0x5558e5d94cae 0x5558e5d8f000
EOF

[7;32m============================= ewe_ruler_horizontal_get_test_n ==================================================================[0m


ERR<642569>: ../../src/bin/external/syntax_color.c:108 color_load() Failed to open color data file "/themes/default/color/color.eet"
## Copy & Paste the below (until EOF) into a terminal, then hit Enter

eina_btlog << EOF
/usr/local/lib/libeina.so.1	 0x7fd4c694c8ac 0x7fd4c6922000
/usr/local/lib/libeina.so.1	 0x7fd4c694d5e1 0x7fd4c6922000
/usr/local/lib/libeina.so.1	 0x7fd4c694e9f5 0x7fd4c6922000
/home/dimmus/dev/eflete/eflete-1.19.1-efl-1.20/tests/ewe_ruler_test	 0x5558e5d9ac52 0x5558e5d8f000
/home/dimmus/dev/eflete/eflete-1.19.1-efl-1.20/tests/ewe_ruler_test	 0x5558e5d9b24b 0x5558e5d8f000
/usr/local/lib/libecore.so.1	 0x7fd4c69fa5c8 0x7fd4c69c6000
/usr/local/lib/libecore.so.1	 0x7fd4c69fa71d 0x7fd4c69c6000
/usr/local/lib/libeina.so.1	 0x7fd4c69659b4 0x7fd4c6922000
/lib/x86_64-linux-gnu/libpthread.so.0	 0x7fd4c6907609 0x7fd4c68ff000
/lib/x86_64-linux-gnu/libc.so.6	 0x7fd4c66d1133 0x7fd4c65b2000
EOF

ERR<642569>:eina_safety lib/efreet/efreet_utils.c:251 efreet_util_desktop_exec_find() safety check failed: exec == NULL
## Copy & Paste the below (until EOF) into a terminal, then hit Enter

eina_btlog << EOF
/usr/local/lib/libeina.so.1	 0x7fd4c694c8ac 0x7fd4c6922000
/usr/local/lib/libeina.so.1	 0x7fd4c694d5e1 0x7fd4c6922000
/usr/local/lib/libeina.so.1	 0x7fd4c694e9f5 0x7fd4c6922000
/usr/local/lib/libeina.so.1	 0x7fd4c695db62 0x7fd4c6922000
/usr/local/lib/libefreet.so.1	 0x7fd4c6a7a969 0x7fd4c6a62000
/usr/local/lib/libelementary.so.1	 0x7fd4c70a4c0d 0x7fd4c6e16000
/usr/local/lib/libelementary.so.1	 0x7fd4c70a4ed4 0x7fd4c6e16000
/usr/local/lib/libeo.so.1	 0x7fd4c69b8b05 0x7fd4c69a8000
/usr/local/lib/libeo.so.1	 0x7fd4c69b13df 0x7fd4c69a8000
/usr/local/lib/libelementary.so.1	 0x7fd4c709fd67 0x7fd4c6e16000
/home/dimmus/dev/eflete/eflete-1.19.1-efl-1.20/tests/ewe_ruler_test	 0x5558e5d963cb 0x5558e5d8f000
/home/dimmus/dev/eflete/eflete-1.19.1-efl-1.20/tests/ewe_ruler_test	 0x5558e5da46b6 0x5558e5d8f000
/home/dimmus/dev/eflete/eflete-1.19.1-efl-1.20/tests/ewe_ruler_test	 0x5558e5d94c57 0x5558e5d8f000
/lib/x86_64-linux-gnu/libc.so.6	 0x7fd4c65d6083 0x7fd4c65b2000
/home/dimmus/dev/eflete/eflete-1.19.1-efl-1.20/tests/ewe_ruler_test	 0x5558e5d94cae 0x5558e5d8f000
EOF

ERR<642574>: ../../src/bin/external/syntax_color.c:108 color_load() Failed to open color data file "/themes/default/color/color.eet"
## Copy & Paste the below (until EOF) into a terminal, then hit Enter

eina_btlog << EOF
/usr/local/lib/libeina.so.1	 0x7fd4c694c8ac 0x7fd4c6922000
/usr/local/lib/libeina.so.1	 0x7fd4c694d5e1 0x7fd4c6922000
/usr/local/lib/libeina.so.1	 0x7fd4c694e9f5 0x7fd4c6922000
/home/dimmus/dev/eflete/eflete-1.19.1-efl-1.20/tests/ewe_ruler_test	 0x5558e5d9ac52 0x5558e5d8f000
/home/dimmus/dev/eflete/eflete-1.19.1-efl-1.20/tests/ewe_ruler_test	 0x5558e5d9b24b 0x5558e5d8f000
/usr/local/lib/libecore.so.1	 0x7fd4c69fa5c8 0x7fd4c69c6000
/usr/local/lib/libecore.so.1	 0x7fd4c69fa71d 0x7fd4c69c6000
/usr/local/lib/libeina.so.1	 0x7fd4c69659b4 0x7fd4c6922000
/lib/x86_64-linux-gnu/libpthread.so.0	 0x7fd4c6907609 0x7fd4c68ff000
/lib/x86_64-linux-gnu/libc.so.6	 0x7fd4c66d1133 0x7fd4c65b2000
EOF

ERR<642574>:eina_safety lib/efreet/efreet_utils.c:251 efreet_util_desktop_exec_find() safety check failed: exec == NULL
## Copy & Paste the below (until EOF) into a terminal, then hit Enter

eina_btlog << EOF
/usr/local/lib/libeina.so.1	 0x7fd4c694c8ac 0x7fd4c6922000
/usr/local/lib/libeina.so.1	 0x7fd4c694d5e1 0x7fd4c6922000
/usr/local/lib/libeina.so.1	 0x7fd4c694e9f5 0x7fd4c6922000
/usr/local/lib/libeina.so.1	 0x7fd4c695db62 0x7fd4c6922000
/usr/local/lib/libefreet.so.1	 0x7fd4c6a7a969 0x7fd4c6a62000
/usr/local/lib/libelementary.so.1	 0x7fd4c70a4c0d 0x7fd4c6e16000
/usr/local/lib/libelementary.so.1	 0x7fd4c70a4ed4 0x7fd4c6e16000
/usr/local/lib/libeo.so.1	 0x7fd4c69b8b05 0x7fd4c69a8000
/usr/local/lib/libeo.so.1	 0x7fd4c69b13df 0x7fd4c69a8000
/usr/local/lib/libelementary.so.1	 0x7fd4c709fd67 0x7fd4c6e16000
/home/dimmus/dev/eflete/eflete-1.19.1-efl-1.20/tests/ewe_ruler_test	 0x5558e5d96491 0x5558e5d8f000
/home/dimmus/dev/eflete/eflete-1.19.1-efl-1.20/tests/ewe_ruler_test	 0x5558e5da46b6 0x5558e5d8f000
/home/dimmus/dev/eflete/eflete-1.19.1-efl-1.20/tests/ewe_ruler_test	 0x5558e5d94c57 0x5558e5d8f000
/lib/x86_64-linux-gnu/libc.so.6	 0x7fd4c65d6083 0x7fd4c65b2000
/home/dimmus/dev/eflete/eflete-1.19.1-efl-1.20/tests/ewe_ruler_test	 0x5558e5d94cae 0x5558e5d8f000
EOF

[7;32m============================= ewe_ruler_horizontal_set_test_n ==================================================================[0m


ERR<642584>: ../../src/bin/external/syntax_color.c:108 color_load() Failed to open color data file "/themes/default/color/color.eet"
## Copy & Paste the below (until EOF) into a terminal, then hit Enter

eina_btlog << EOF
/usr/local/lib/libeina.so.1	 0x7fd4c694c8ac 0x7fd4c6922000
/usr/local/lib/libeina.so.1	 0x7fd4c694d5e1 0x7fd4c6922000
/usr/local/lib/libeina.so.1	 0x7fd4c694e9f5 0x7fd4c6922000
/home/dimmus/dev/eflete/eflete-1.19.1-efl-1.20/tests/ewe_ruler_test	 0x5558e5d9ac52 0x5558e5d8f000
/home/dimmus/dev/eflete/eflete-1.19.1-efl-1.20/tests/ewe_ruler_test	 0x5558e5d9b24b 0x5558e5d8f000
/usr/local/lib/libecore.so.1	 0x7fd4c69fa5c8 0x7fd4c69c6000
/usr/local/lib/libecore.so.1	 0x7fd4c69fa71d 0x7fd4c69c6000
/usr/local/lib/libeina.so.1	 0x7fd4c69659b4 0x7fd4c6922000
/lib/x86_64-linux-gnu/libpthread.so.0	 0x7fd4c6907609 0x7fd4c68ff000
/lib/x86_64-linux-gnu/libc.so.6	 0x7fd4c66d1133 0x7fd4c65b2000
EOF

ERR<642584>:eina_safety lib/efreet/efreet_utils.c:251 efreet_util_desktop_exec_find() safety check failed: exec == NULL
## Copy & Paste the below (until EOF) into a terminal, then hit Enter

eina_btlog << EOF
/usr/local/lib/libeina.so.1	 0x7fd4c694c8ac 0x7fd4c6922000
/usr/local/lib/libeina.so.1	 0x7fd4c694d5e1 0x7fd4c6922000
/usr/local/lib/libeina.so.1	 0x7fd4c694e9f5 0x7fd4c6922000
/usr/local/lib/libeina.so.1	 0x7fd4c695db62 0x7fd4c6922000
/usr/local/lib/libefreet.so.1	 0x7fd4c6a7a969 0x7fd4c6a62000
/usr/local/lib/libelementary.so.1	 0x7fd4c70a4c0d 0x7fd4c6e16000
/usr/local/lib/libelementary.so.1	 0x7fd4c70a4ed4 0x7fd4c6e16000
/usr/local/lib/libeo.so.1	 0x7fd4c69b8b05 0x7fd4c69a8000
/usr/local/lib/libeo.so.1	 0x7fd4c69b13df 0x7fd4c69a8000
/usr/local/lib/libelementary.so.1	 0x7fd4c709fd67 0x7fd4c6e16000
/home/dimmus/dev/eflete/eflete-1.19.1-efl-1.20/tests/ewe_ruler_test	 0x5558e5d96641 0x5558e5d8f000
/home/dimmus/dev/eflete/eflete-1.19.1-efl-1.20/tests/ewe_ruler_test	 0x5558e5da46b6 0x5558e5d8f000
/home/dimmus/dev/eflete/eflete-1.19.1-efl-1.20/tests/ewe_ruler_test	 0x5558e5d94c57 0x5558e5d8f000
/lib/x86_64-linux-gnu/libc.so.6	 0x7fd4c65d6083 0x7fd4c65b2000
/home/dimmus/dev/eflete/eflete-1.19.1-efl-1.20/tests/ewe_ruler_test	 0x5558e5d94cae 0x5558e5d8f000
EOF

[7;32m============================= ewe_ruler_step_set_test_n ==================================================================[0m


ERR<642594>: ../../src/bin/external/syntax_color.c:108 color_load() Failed to open color data file "/themes/default/color/color.eet"
## Copy & Paste the below (until EOF) into a terminal, then hit Enter

eina_btlog << EOF
/usr/local/lib/libeina.so.1	 0x7fd4c694c8ac 0x7fd4c6922000
/usr/local/lib/libeina.so.1	 0x7fd4c694d5e1 0x7fd4c6922000
/usr/local/lib/libeina.so.1	 0x7fd4c694e9f5 0x7fd4c6922000
/home/dimmus/dev/eflete/eflete-1.19.1-efl-1.20/tests/ewe_ruler_test	 0x5558e5d9ac52 0x5558e5d8f000
/home/dimmus/dev/eflete/eflete-1.19.1-efl-1.20/tests/ewe_ruler_test	 0x5558e5d9b24b 0x5558e5d8f000
/usr/local/lib/libecore.so.1	 0x7fd4c69fa5c8 0x7fd4c69c6000
/usr/local/lib/libecore.so.1	 0x7fd4c69fa71d 0x7fd4c69c6000
/usr/local/lib/libeina.so.1	 0x7fd4c69659b4 0x7fd4c6922000
/lib/x86_64-linux-gnu/libpthread.so.0	 0x7fd4c6907609 0x7fd4c68ff000
/lib/x86_64-linux-gnu/libc.so.6	 0x7fd4c66d1133 0x7fd4c65b2000
EOF

ERR<642594>:eina_safety lib/efreet/efreet_utils.c:251 efreet_util_desktop_exec_find() safety check failed: exec == NULL
## Copy & Paste the below (until EOF) into a terminal, then hit Enter

eina_btlog << EOF
/usr/local/lib/libeina.so.1	 0x7fd4c694c8ac 0x7fd4c6922000
/usr/local/lib/libeina.so.1	 0x7fd4c694d5e1 0x7fd4c6922000
/usr/local/lib/libeina.so.1	 0x7fd4c694e9f5 0x7fd4c6922000
/usr/local/lib/libeina.so.1	 0x7fd4c695db62 0x7fd4c6922000
/usr/local/lib/libefreet.so.1	 0x7fd4c6a7a969 0x7fd4c6a62000
/usr/local/lib/libelementary.so.1	 0x7fd4c70a4c0d 0x7fd4c6e16000
/usr/local/lib/libelementary.so.1	 0x7fd4c70a4ed4 0x7fd4c6e16000
/usr/local/lib/libeo.so.1	 0x7fd4c69b8b05 0x7fd4c69a8000
/usr/local/lib/libeo.so.1	 0x7fd4c69b13df 0x7fd4c69a8000
/usr/local/lib/libelementary.so.1	 0x7fd4c709fd67 0x7fd4c6e16000
/home/dimmus/dev/eflete/eflete-1.19.1-efl-1.20/tests/ewe_ruler_test	 0x5558e5d967eb 0x5558e5d8f000
/home/dimmus/dev/eflete/eflete-1.19.1-efl-1.20/tests/ewe_ruler_test	 0x5558e5da46b6 0x5558e5d8f000
/home/dimmus/dev/eflete/eflete-1.19.1-efl-1.20/tests/ewe_ruler_test	 0x5558e5d94c57 0x5558e5d8f000
/lib/x86_64-linux-gnu/libc.so.6	 0x7fd4c65d6083 0x7fd4c65b2000
/home/dimmus/dev/eflete/eflete-1.19.1-efl-1.20/tests/ewe_ruler_test	 0x5558e5d94cae 0x5558e5d8f000
EOF

ERR<642599>: ../../src/bin/external/syntax_color.c:108 color_load() Failed to open color data file "/themes/default/color/color.eet"
## Copy & Paste the below (until EOF) into a terminal, then hit Enter

eina_btlog << EOF
/usr/local/lib/libeina.so.1	 0x7fd4c694c8ac 0x7fd4c6922000
/usr/local/lib/libeina.so.1	 0x7fd4c694d5e1 0x7fd4c6922000
/usr/local/lib/libeina.so.1	 0x7fd4c694e9f5 0x7fd4c6922000
/home/dimmus/dev/eflete/eflete-1.19.1-efl-1.20/tests/ewe_ruler_test	 0x5558e5d9ac52 0x5558e5d8f000
/home/dimmus/dev/eflete/eflete-1.19.1-efl-1.20/tests/ewe_ruler_test	 0x5558e5d9b24b 0x5558e5d8f000
/usr/local/lib/libecore.so.1	 0x7fd4c69fa5c8 0x7fd4c69c6000
/usr/local/lib/libecore.so.1	 0x7fd4c69fa71d 0x7fd4c69c6000
/usr/local/lib/libeina.so.1	 0x7fd4c69659b4 0x7fd4c6922000
/lib/x86_64-linux-gnu/libpthread.so.0	 0x7fd4c6907609 0x7fd4c68ff000
/lib/x86_64-linux-gnu/libc.so.6	 0x7fd4c66d1133 0x7fd4c65b2000
EOF

[7;32m============================= ewe_ruler_step_get_test_n ==================================================================[0m


ERR<642604>: ../../src/bin/external/syntax_color.c:108 color_load() Failed to open color data file "/themes/default/color/color.eet"
## Copy & Paste the below (until EOF) into a terminal, then hit Enter

eina_btlog << EOF
/usr/local/lib/libeina.so.1	 0x7fd4c694c8ac 0x7fd4c6922000
/usr/local/lib/libeina.so.1	 0x7fd4c694d5e1 0x7fd4c6922000
/usr/local/lib/libeina.so.1	 0x7fd4c694e9f5 0x7fd4c6922000
/home/dimmus/dev/eflete/eflete-1.19.1-efl-1.20/tests/ewe_ruler_test	 0x5558e5d9ac52 0x5558e5d8f000
/home/dimmus/dev/eflete/eflete-1.19.1-efl-1.20/tests/ewe_ruler_test	 0x5558e5d9b24b 0x5558e5d8f000
/usr/local/lib/libecore.so.1	 0x7fd4c69fa5c8 0x7fd4c69c6000
/usr/local/lib/libecore.so.1	 0x7fd4c69fa71d 0x7fd4c69c6000
/usr/local/lib/libeina.so.1	 0x7fd4c69659b4 0x7fd4c6922000
/lib/x86_64-linux-gnu/libpthread.so.0	 0x7fd4c6907609 0x7fd4c68ff000
/lib/x86_64-linux-gnu/libc.so.6	 0x7fd4c66d1133 0x7fd4c65b2000
EOF

ERR<642604>:eina_safety lib/efreet/efreet_utils.c:251 efreet_util_desktop_exec_find() safety check failed: exec == NULL
## Copy & Paste the below (until EOF) into a terminal, then hit Enter

eina_btlog << EOF
/usr/local/lib/libeina.so.1	 0x7fd4c694c8ac 0x7fd4c6922000
/usr/local/lib/libeina.so.1	 0x7fd4c694d5e1 0x7fd4c6922000
/usr/local/lib/libeina.so.1	 0x7fd4c694e9f5 0x7fd4c6922000
/usr/local/lib/libeina.so.1	 0x7fd4c695db62 0x7fd4c6922000
/usr/local/lib/libefreet.so.1	 0x7fd4c6a7a969 0x7fd4c6a62000
/usr/local/lib/libelementary.so.1	 0x7fd4c70a4c0d 0x7fd4c6e16000
/usr/local/lib/libelementary.so.1	 0x7fd4c70a4ed4 0x7fd4c6e16000
/usr/local/lib/libeo.so.1	 0x7fd4c69b8b05 0x7fd4c69a8000
/usr/local/lib/libeo.so.1	 0x7fd4c69b13df 0x7fd4c69a8000
/usr/local/lib/libelementary.so.1	 0x7fd4c709fd67 0x7fd4c6e16000
/home/dimmus/dev/eflete/eflete-1.19.1-efl-1.20/tests/ewe_ruler_test	 0x5558e5d9694f 0x5558e5d8f000
/home/dimmus/dev/eflete/eflete-1.19.1-efl-1.20/tests/ewe_ruler_test	 0x5558e5da46b6 0x5558e5d8f000
/home/dimmus/dev/eflete/eflete-1.19.1-efl-1.20/tests/ewe_ruler_test	 0x5558e5d94c57 0x5558e5d8f000
/lib/x86_64-linux-gnu/libc.so.6	 0x7fd4c65d6083 0x7fd4c65b2000
/home/dimmus/dev/eflete/eflete-1.19.1-efl-1.20/tests/ewe_ruler_test	 0x5558e5d94cae 0x5558e5d8f000
EOF

ERR<642604>:ecore_system_upower modules/ecore/system/upower/ecore_system_upower.c:288 _daemon_version_get_cb() Message error org.enlightenment.DBus.Canceled - Canceled by user.
## Copy & Paste the below (until EOF) into a terminal, then hit Enter

eina_btlog << EOF
/usr/local/lib/libeina.so.1	 0x7fd4c694c8ac 0x7fd4c6922000
/usr/local/lib/libeina.so.1	 0x7fd4c694d5e1 0x7fd4c6922000
/usr/local/lib/libeina.so.1	 0x7fd4c694e9f5 0x7fd4c6922000
/usr/local/lib/ecore/system/upower/v-1.20/module.so	 0x7fd4c71afa55 0x7fd4c71ae000
/usr/local/lib/libeldbus.so.1	 0x7fd4c64f6d5f 0x7fd4c64e0000
/usr/local/lib/libeldbus.so.1	 0x7fd4c64eb77d 0x7fd4c64e0000
/usr/local/lib/libeldbus.so.1	 0x7fd4c64ebb6f 0x7fd4c64e0000
/usr/local/lib/libeldbus.so.1	 0x7fd4c64efac0 0x7fd4c64e0000
/usr/local/lib/libeldbus.so.1	 0x7fd4c64f4c9e 0x7fd4c64e0000
/usr/local/lib/libeldbus.so.1	 0x7fd4c64f5d1b 0x7fd4c64e0000
/usr/local/lib/ecore/system/upower/v-1.20/module.so	 0x7fd4c71af609 0x7fd4c71ae000
/usr/local/lib/libeina.so.1	 0x7fd4c6957ece 0x7fd4c6922000
/usr/local/lib/libeina.so.1	 0x7fd4c6957f38 0x7fd4c6922000
/usr/local/lib/libeina.so.1	 0x7fd4c69587d5 0x7fd4c6922000
/usr/local/lib/libecore.so.1	 0x7fd4c69d8ab1 0x7fd4c69c6000
/usr/local/lib/libelementary.so.1	 0x7fd4c6ffc3dc 0x7fd4c6e16000
/usr/local/lib/libelementary.so.1	 0x7fd4c6ffc51a 0x7fd4c6e16000
/home/dimmus/dev/eflete/eflete-1.19.1-efl-1.20/tests/ewe_ruler_test	 0x5558e5d96a34 0x5558e5d8f000
/home/dimmus/dev/eflete/eflete-1.19.1-efl-1.20/tests/ewe_ruler_test	 0x5558e5da46b6 0x5558e5d8f000
/home/dimmus/dev/eflete/eflete-1.19.1-efl-1.20/tests/ewe_ruler_test	 0x5558e5d94c57 0x5558e5d8f000
/lib/x86_64-linux-gnu/libc.so.6	 0x7fd4c65d6083 0x7fd4c65b2000
/home/dimmus/dev/eflete/eflete-1.19.1-efl-1.20/tests/ewe_ruler_test	 0x5558e5d94cae 0x5558e5d8f000
EOF

[7;32m============================= ewe_ruler_value_step_set_test_p ==================================================================[0m


[7;32m============================= ewe_ruler_value_step_set_test_n ==================================================================[0m


ERR<642614>: ../../src/bin/external/syntax_color.c:108 color_load() Failed to open color data file "/themes/default/color/color.eet"
## Copy & Paste the below (until EOF) into a terminal, then hit Enter

eina_btlog << EOF
/usr/local/lib/libeina.so.1	 0x7fd4c694c8ac 0x7fd4c6922000
/usr/local/lib/libeina.so.1	 0x7fd4c694d5e1 0x7fd4c6922000
/usr/local/lib/libeina.so.1	 0x7fd4c694e9f5 0x7fd4c6922000
/home/dimmus/dev/eflete/eflete-1.19.1-efl-1.20/tests/ewe_ruler_test	 0x5558e5d9ac52 0x5558e5d8f000
/home/dimmus/dev/eflete/eflete-1.19.1-efl-1.20/tests/ewe_ruler_test	 0x5558e5d9b24b 0x5558e5d8f000
/usr/local/lib/libecore.so.1	 0x7fd4c69fa5c8 0x7fd4c69c6000
/usr/local/lib/libecore.so.1	 0x7fd4c69fa71d 0x7fd4c69c6000
/usr/local/lib/libeina.so.1	 0x7fd4c69659b4 0x7fd4c6922000
/lib/x86_64-linux-gnu/libpthread.so.0	 0x7fd4c6907609 0x7fd4c68ff000
/lib/x86_64-linux-gnu/libc.so.6	 0x7fd4c66d1133 0x7fd4c65b2000
EOF

ERR<642614>:eina_safety lib/efreet/efreet_utils.c:251 efreet_util_desktop_exec_find() safety check failed: exec == NULL
## Copy & Paste the below (until EOF) into a terminal, then hit Enter

eina_btlog << EOF
/usr/local/lib/libeina.so.1	 0x7fd4c694c8ac 0x7fd4c6922000
/usr/local/lib/libeina.so.1	 0x7fd4c694d5e1 0x7fd4c6922000
/usr/local/lib/libeina.so.1	 0x7fd4c694e9f5 0x7fd4c6922000
/usr/local/lib/libeina.so.1	 0x7fd4c695db62 0x7fd4c6922000
/usr/local/lib/libefreet.so.1	 0x7fd4c6a7a969 0x7fd4c6a62000
/usr/local/lib/libelementary.so.1	 0x7fd4c70a4c0d 0x7fd4c6e16000
/usr/local/lib/libelementary.so.1	 0x7fd4c70a4ed4 0x7fd4c6e16000
/usr/local/lib/libeo.so.1	 0x7fd4c69b8b05 0x7fd4c69a8000
/usr/local/lib/libeo.so.1	 0x7fd4c69b13df 0x7fd4c69a8000
/usr/local/lib/libelementary.so.1	 0x7fd4c709fd67 0x7fd4c6e16000
/home/dimmus/dev/eflete/eflete-1.19.1-efl-1.20/tests/ewe_ruler_test	 0x5558e5d96be1 0x5558e5d8f000
/home/dimmus/dev/eflete/eflete-1.19.1-efl-1.20/tests/ewe_ruler_test	 0x5558e5da46b6 0x5558e5d8f000
/home/dimmus/dev/eflete/eflete-1.19.1-efl-1.20/tests/ewe_ruler_test	 0x5558e5d94c57 0x5558e5d8f000
/lib/x86_64-linux-gnu/libc.so.6	 0x7fd4c65d6083 0x7fd4c65b2000
/home/dimmus/dev/eflete/eflete-1.19.1-efl-1.20/tests/ewe_ruler_test	 0x5558e5d94cae 0x5558e5d8f000
EOF

ERR<642614>:ecore_system_upower modules/ecore/system/upower/ecore_system_upower.c:288 _daemon_version_get_cb() Message error org.enlightenment.DBus.Canceled - Canceled by user.
## Copy & Paste the below (until EOF) into a terminal, then hit Enter

eina_btlog << EOF
/usr/local/lib/libeina.so.1	 0x7fd4c694c8ac 0x7fd4c6922000
/usr/local/lib/libeina.so.1	 0x7fd4c694d5e1 0x7fd4c6922000
/usr/local/lib/libeina.so.1	 0x7fd4c694e9f5 0x7fd4c6922000
/usr/local/lib/ecore/system/upower/v-1.20/module.so	 0x7fd4c71afa55 0x7fd4c71ae000
/usr/local/lib/libeldbus.so.1	 0x7fd4c64f6d5f 0x7fd4c64e0000
/usr/local/lib/libeldbus.so.1	 0x7fd4c64eb77d 0x7fd4c64e0000
/usr/local/lib/libeldbus.so.1	 0x7fd4c64ebb6f 0x7fd4c64e0000
/usr/local/lib/libeldbus.so.1	 0x7fd4c64efac0 0x7fd4c64e0000
/usr/local/lib/libeldbus.so.1	 0x7fd4c64f4c9e 0x7fd4c64e0000
/usr/local/lib/libeldbus.so.1	 0x7fd4c64f5d1b 0x7fd4c64e0000
/usr/local/lib/ecore/system/upower/v-1.20/module.so	 0x7fd4c71af609 0x7fd4c71ae000
/usr/local/lib/libeina.so.1	 0x7fd4c6957ece 0x7fd4c6922000
/usr/local/lib/libeina.so.1	 0x7fd4c6957f38 0x7fd4c6922000
/usr/local/lib/libeina.so.1	 0x7fd4c69587d5 0x7fd4c6922000
/usr/local/lib/libecore.so.1	 0x7fd4c69d8ab1 0x7fd4c69c6000
/usr/local/lib/libelementary.so.1	 0x7fd4c6ffc3dc 0x7fd4c6e16000
/usr/local/lib/libelementary.so.1	 0x7fd4c6ffc51a 0x7fd4c6e16000
/home/dimmus/dev/eflete/eflete-1.19.1-efl-1.20/tests/ewe_ruler_test	 0x5558e5d96c33 0x5558e5d8f000
/home/dimmus/dev/eflete/eflete-1.19.1-efl-1.20/tests/ewe_ruler_test	 0x5558e5da46b6 0x5558e5d8f000
/home/dimmus/dev/eflete/eflete-1.19.1-efl-1.20/tests/ewe_ruler_test	 0x5558e5d94c57 0x5558e5d8f000
/lib/x86_64-linux-gnu/libc.so.6	 0x7fd4c65d6083 0x7fd4c65b2000
/home/dimmus/dev/eflete/eflete-1.19.1-efl-1.20/tests/ewe_ruler_test	 0x5558e5d94cae 0x5558e5d8f000
EOF

[7;32m============================= ewe_ruler_value_step_get_test_p ==================================================================[0m


ERR<642619>: ../../src/bin/external/syntax_color.c:108 color_load() Failed to open color data file "/themes/default/color/color.eet"
## Copy & Paste the below (until EOF) into a terminal, then hit Enter

eina_btlog << EOF
/usr/local/lib/libeina.so.1	 0x7fd4c694c8ac 0x7fd4c6922000
/usr/local/lib/libeina.so.1	 0x7fd4c694d5e1 0x7fd4c6922000
/usr/local/lib/libeina.so.1	 0x7fd4c694e9f5 0x7fd4c6922000
/home/dimmus/dev/eflete/eflete-1.19.1-efl-1.20/tests/ewe_ruler_test	 0x5558e5d9ac52 0x5558e5d8f000
/home/dimmus/dev/eflete/eflete-1.19.1-efl-1.20/tests/ewe_ruler_test	 0x5558e5d9b24b 0x5558e5d8f000
/usr/local/lib/libecore.so.1	 0x7fd4c69fa5c8 0x7fd4c69c6000
/usr/local/lib/libecore.so.1	 0x7fd4c69fa71d 0x7fd4c69c6000
/usr/local/lib/libeina.so.1	 0x7fd4c69659b4 0x7fd4c6922000
/lib/x86_64-linux-gnu/libpthread.so.0	 0x7fd4c6907609 0x7fd4c68ff000
/lib/x86_64-linux-gnu/libc.so.6	 0x7fd4c66d1133 0x7fd4c65b2000
EOF

[7;32m============================= ewe_ruler_value_step_get_test_n ==================================================================[0m


ERR<642624>: ../../src/bin/external/syntax_color.c:108 color_load() Failed to open color data file "/themes/default/color/color.eet"
## Copy & Paste the below (until EOF) into a terminal, then hit Enter

eina_btlog << EOF
/usr/local/lib/libeina.so.1	 0x7fd4c694c8ac 0x7fd4c6922000
/usr/local/lib/libeina.so.1	 0x7fd4c694d5e1 0x7fd4c6922000
/usr/local/lib/libeina.so.1	 0x7fd4c694e9f5 0x7fd4c6922000
/home/dimmus/dev/eflete/eflete-1.19.1-efl-1.20/tests/ewe_ruler_test	 0x5558e5d9ac52 0x5558e5d8f000
/home/dimmus/dev/eflete/eflete-1.19.1-efl-1.20/tests/ewe_ruler_test	 0x5558e5d9b24b 0x5558e5d8f000
/usr/local/lib/libecore.so.1	 0x7fd4c69fa5c8 0x7fd4c69c6000
/usr/local/lib/libecore.so.1	 0x7fd4c69fa71d 0x7fd4c69c6000
/usr/local/lib/libeina.so.1	 0x7fd4c69659b4 0x7fd4c6922000
/lib/x86_64-linux-gnu/libpthread.so.0	 0x7fd4c6907609 0x7fd4c68ff000
/lib/x86_64-linux-gnu/libc.so.6	 0x7fd4c66d1133 0x7fd4c65b2000
EOF

ERR<642624>:eina_safety lib/efreet/efreet_utils.c:251 efreet_util_desktop_exec_find() safety check failed: exec == NULL
## Copy & Paste the below (until EOF) into a terminal, then hit Enter

eina_btlog << EOF
/usr/local/lib/libeina.so.1	 0x7fd4c694c8ac 0x7fd4c6922000
/usr/local/lib/libeina.so.1	 0x7fd4c694d5e1 0x7fd4c6922000
/usr/local/lib/libeina.so.1	 0x7fd4c694e9f5 0x7fd4c6922000
/usr/local/lib/libeina.so.1	 0x7fd4c695db62 0x7fd4c6922000
/usr/local/lib/libefreet.so.1	 0x7fd4c6a7a969 0x7fd4c6a62000
/usr/local/lib/libelementary.so.1	 0x7fd4c70a4c0d 0x7fd4c6e16000
/usr/local/lib/libelementary.so.1	 0x7fd4c70a4ed4 0x7fd4c6e16000
/usr/local/lib/libeo.so.1	 0x7fd4c69b8b05 0x7fd4c69a8000
/usr/local/lib/libeo.so.1	 0x7fd4c69b13df 0x7fd4c69a8000
/usr/local/lib/libelementary.so.1	 0x7fd4c709fd67 0x7fd4c6e16000
/home/dimmus/dev/eflete/eflete-1.19.1-efl-1.20/tests/ewe_ruler_test	 0x5558e5d96d71 0x5558e5d8f000
/home/dimmus/dev/eflete/eflete-1.19.1-efl-1.20/tests/ewe_ruler_test	 0x5558e5da46b6 0x5558e5d8f000
/home/dimmus/dev/eflete/eflete-1.19.1-efl-1.20/tests/ewe_ruler_test	 0x5558e5d94c57 0x5558e5d8f000
/lib/x86_64-linux-gnu/libc.so.6	 0x7fd4c65d6083 0x7fd4c65b2000
/home/dimmus/dev/eflete/eflete-1.19.1-efl-1.20/tests/ewe_ruler_test	 0x5558e5d94cae 0x5558e5d8f000
EOF

[7;32m============================= ewe_ruler_zero_offset_set_test_n ==================================================================[0m


ERR<642634>: ../../src/bin/external/syntax_color.c:108 color_load() Failed to open color data file "/themes/default/color/color.eet"
## Copy & Paste the below (until EOF) into a terminal, then hit Enter

eina_btlog << EOF
/usr/local/lib/libeina.so.1	 0x7fd4c694c8ac 0x7fd4c6922000
/usr/local/lib/libeina.so.1	 0x7fd4c694d5e1 0x7fd4c6922000
/usr/local/lib/libeina.so.1	 0x7fd4c694e9f5 0x7fd4c6922000
/home/dimmus/dev/eflete/eflete-1.19.1-efl-1.20/tests/ewe_ruler_test	 0x5558e5d9ac52 0x5558e5d8f000
/home/dimmus/dev/eflete/eflete-1.19.1-efl-1.20/tests/ewe_ruler_test	 0x5558e5d9b24b 0x5558e5d8f000
/usr/local/lib/libecore.so.1	 0x7fd4c69fa5c8 0x7fd4c69c6000
/usr/local/lib/libecore.so.1	 0x7fd4c69fa71d 0x7fd4c69c6000
/usr/local/lib/libeina.so.1	 0x7fd4c69659b4 0x7fd4c6922000
/lib/x86_64-linux-gnu/libpthread.so.0	 0x7fd4c6907609 0x7fd4c68ff000
/lib/x86_64-linux-gnu/libc.so.6	 0x7fd4c66d1133 0x7fd4c65b2000
EOF

ERR<642634>:eina_safety lib/efreet/efreet_utils.c:251 efreet_util_desktop_exec_find() safety check failed: exec == NULL
## Copy & Paste the below (until EOF) into a terminal, then hit Enter

eina_btlog << EOF
/usr/local/lib/libeina.so.1	 0x7fd4c694c8ac 0x7fd4c6922000
/usr/local/lib/libeina.so.1	 0x7fd4c694d5e1 0x7fd4c6922000
/usr/local/lib/libeina.so.1	 0x7fd4c694e9f5 0x7fd4c6922000
/usr/local/lib/libeina.so.1	 0x7fd4c695db62 0x7fd4c6922000
/usr/local/lib/libefreet.so.1	 0x7fd4c6a7a969 0x7fd4c6a62000
/usr/local/lib/libelementary.so.1	 0x7fd4c70a4c0d 0x7fd4c6e16000
/usr/local/lib/libelementary.so.1	 0x7fd4c70a4ed4 0x7fd4c6e16000
/usr/local/lib/libeo.so.1	 0x7fd4c69b8b05 0x7fd4c69a8000
/usr/local/lib/libeo.so.1	 0x7fd4c69b13df 0x7fd4c69a8000
/usr/local/lib/libelementary.so.1	 0x7fd4c709fd67 0x7fd4c6e16000
/home/dimmus/dev/eflete/eflete-1.19.1-efl-1.20/tests/ewe_ruler_test	 0x5558e5d96f1b 0x5558e5d8f000
/home/dimmus/dev/eflete/eflete-1.19.1-efl-1.20/tests/ewe_ruler_test	 0x5558e5da46b6 0x5558e5d8f000
/home/dimmus/dev/eflete/eflete-1.19.1-efl-1.20/tests/ewe_ruler_test	 0x5558e5d94c57 0x5558e5d8f000
/lib/x86_64-linux-gnu/libc.so.6	 0x7fd4c65d6083 0x7fd4c65b2000
/home/dimmus/dev/eflete/eflete-1.19.1-efl-1.20/tests/ewe_ruler_test	 0x5558e5d94cae 0x5558e5d8f000
EOF

ERR<642634>:ecore_system_upower modules/ecore/system/upower/ecore_system_upower.c:288 _daemon_version_get_cb() Message error org.enlightenment.DBus.Canceled - Canceled by user.
## Copy & Paste the below (until EOF) into a terminal, then hit Enter

eina_btlog << EOF
/usr/local/lib/libeina.so.1	 0x7fd4c694c8ac 0x7fd4c6922000
/usr/local/lib/libeina.so.1	 0x7fd4c694d5e1 0x7fd4c6922000
/usr/local/lib/libeina.so.1	 0x7fd4c694e9f5 0x7fd4c6922000
/usr/local/lib/ecore/system/upower/v-1.20/module.so	 0x7fd4c71afa55 0x7fd4c71ae000
/usr/local/lib/libeldbus.so.1	 0x7fd4c64f6d5f 0x7fd4c64e0000
/usr/local/lib/libeldbus.so.1	 0x7fd4c64eb77d 0x7fd4c64e0000
/usr/local/lib/libeldbus.so.1	 0x7fd4c64ebb6f 0x7fd4c64e0000
/usr/local/lib/libeldbus.so.1	 0x7fd4c64efac0 0x7fd4c64e0000
/usr/local/lib/libeldbus.so.1	 0x7fd4c64f4c9e 0x7fd4c64e0000
/usr/local/lib/libeldbus.so.1	 0x7fd4c64f5d1b 0x7fd4c64e0000
/usr/local/lib/ecore/system/upower/v-1.20/module.so	 0x7fd4c71af609 0x7fd4c71ae000
/usr/local/lib/libeina.so.1	 0x7fd4c6957ece 0x7fd4c6922000
/usr/local/lib/libeina.so.1	 0x7fd4c6957f38 0x7fd4c6922000
/usr/local/lib/libeina.so.1	 0x7fd4c69587d5 0x7fd4c6922000
/usr/local/lib/libecore.so.1	 0x7fd4c69d8ab1 0x7fd4c69c6000
/usr/local/lib/libelementary.so.1	 0x7fd4c6ffc3dc 0x7fd4c6e16000
/usr/local/lib/libelementary.so.1	 0x7fd4c6ffc51a 0x7fd4c6e16000
/home/dimmus/dev/eflete/eflete-1.19.1-efl-1.20/tests/ewe_ruler_test	 0x5558e5d96f57 0x5558e5d8f000
/home/dimmus/dev/eflete/eflete-1.19.1-efl-1.20/tests/ewe_ruler_test	 0x5558e5da46b6 0x5558e5d8f000
/home/dimmus/dev/eflete/eflete-1.19.1-efl-1.20/tests/ewe_ruler_test	 0x5558e5d94c57 0x5558e5d8f000
/lib/x86_64-linux-gnu/libc.so.6	 0x7fd4c65d6083 0x7fd4c65b2000
/home/dimmus/dev/eflete/eflete-1.19.1-efl-1.20/tests/ewe_ruler_test	 0x5558e5d94cae 0x5558e5d8f000
EOF

[7;32m============================= ewe_ruler_zero_offset_get_test_p ==================================================================[0m


[7;32m============================= ewe_ruler_zero_offset_get_test_n ==================================================================[0m


ERR<642644>: ../../src/bin/external/syntax_color.c:108 color_load() Failed to open color data file "/themes/default/color/color.eet"
## Copy & Paste the below (until EOF) into a terminal, then hit Enter

eina_btlog << EOF
/usr/local/lib/libeina.so.1	 0x7fd4c694c8ac 0x7fd4c6922000
/usr/local/lib/libeina.so.1	 0x7fd4c694d5e1 0x7fd4c6922000
/usr/local/lib/libeina.so.1	 0x7fd4c694e9f5 0x7fd4c6922000
/home/dimmus/dev/eflete/eflete-1.19.1-efl-1.20/tests/ewe_ruler_test	 0x5558e5d9ac52 0x5558e5d8f000
/home/dimmus/dev/eflete/eflete-1.19.1-efl-1.20/tests/ewe_ruler_test	 0x5558e5d9b24b 0x5558e5d8f000
/usr/local/lib/libecore.so.1	 0x7fd4c69fa5c8 0x7fd4c69c6000
/usr/local/lib/libecore.so.1	 0x7fd4c69fa71d 0x7fd4c69c6000
/usr/local/lib/libeina.so.1	 0x7fd4c69659b4 0x7fd4c6922000
/lib/x86_64-linux-gnu/libpthread.so.0	 0x7fd4c6907609 0x7fd4c68ff000
/lib/x86_64-linux-gnu/libc.so.6	 0x7fd4c66d1133 0x7fd4c65b2000
EOF

ERR<642644>:eina_safety lib/efreet/efreet_utils.c:251 efreet_util_desktop_exec_find() safety check failed: exec == NULL
## Copy & Paste the below (until EOF) into a terminal, then hit Enter

eina_btlog << EOF
/usr/local/lib/libeina.so.1	 0x7fd4c694c8ac 0x7fd4c6922000
/usr/local/lib/libeina.so.1	 0x7fd4c694d5e1 0x7fd4c6922000
/usr/local/lib/libeina.so.1	 0x7fd4c694e9f5 0x7fd4c6922000
/usr/local/lib/libeina.so.1	 0x7fd4c695db62 0x7fd4c6922000
/usr/local/lib/libefreet.so.1	 0x7fd4c6a7a969 0x7fd4c6a62000
/usr/local/lib/libelementary.so.1	 0x7fd4c70a4c0d 0x7fd4c6e16000
/usr/local/lib/libelementary.so.1	 0x7fd4c70a4ed4 0x7fd4c6e16000
/usr/local/lib/libeo.so.1	 0x7fd4c69b8b05 0x7fd4c69a8000
/usr/local/lib/libeo.so.1	 0x7fd4c69b13df 0x7fd4c69a8000
/usr/local/lib/libelementary.so.1	 0x7fd4c709fd67 0x7fd4c6e16000
/home/dimmus/dev/eflete/eflete-1.19.1-efl-1.20/tests/ewe_ruler_test	 0x5558e5d97081 0x5558e5d8f000
/home/dimmus/dev/eflete/eflete-1.19.1-efl-1.20/tests/ewe_ruler_test	 0x5558e5da46b6 0x5558e5d8f000
/home/dimmus/dev/eflete/eflete-1.19.1-efl-1.20/tests/ewe_ruler_test	 0x5558e5d94c57 0x5558e5d8f000
/lib/x86_64-linux-gnu/libc.so.6	 0x7fd4c65d6083 0x7fd4c65b2000
/home/dimmus/dev/eflete/eflete-1.19.1-efl-1.20/tests/ewe_ruler_test	 0x5558e5d94cae 0x5558e5d8f000
EOF

ERR<642644>:ecore_system_upower modules/ecore/system/upower/ecore_system_upower.c:288 _daemon_version_get_cb() Message error org.enlightenment.DBus.Canceled - Canceled by user.
## Copy & Paste the below (until EOF) into a terminal, then hit Enter

eina_btlog << EOF
/usr/local/lib/libeina.so.1	 0x7fd4c694c8ac 0x7fd4c6922000
/usr/local/lib/libeina.so.1	 0x7fd4c694d5e1 0x7fd4c6922000
/usr/local/lib/libeina.so.1	 0x7fd4c694e9f5 0x7fd4c6922000
/usr/local/lib/ecore/system/upower/v-1.20/module.so	 0x7fd4c71afa55 0x7fd4c71ae000
/usr/local/lib/libeldbus.so.1	 0x7fd4c64f6d5f 0x7fd4c64e0000
/usr/local/lib/libeldbus.so.1	 0x7fd4c64eb77d 0x7fd4c64e0000
/usr/local/lib/libeldbus.so.1	 0x7fd4c64ebb6f 0x7fd4c64e0000
/usr/local/lib/libeldbus.so.1	 0x7fd4c64efac0 0x7fd4c64e0000
/usr/local/lib/libeldbus.so.1	 0x7fd4c64f4c9e 0x7fd4c64e0000
/usr/local/lib/libeldbus.so.1	 0x7fd4c64f5d1b 0x7fd4c64e0000
/usr/local/lib/ecore/system/upower/v-1.20/module.so	 0x7fd4c71af609 0x7fd4c71ae000
/usr/local/lib/libeina.so.1	 0x7fd4c6957ece 0x7fd4c6922000
/usr/local/lib/libeina.so.1	 0x7fd4c6957f38 0x7fd4c6922000
/usr/local/lib/libeina.so.1	 0x7fd4c69587d5 0x7fd4c6922000
/usr/local/lib/libecore.so.1	 0x7fd4c69d8ab1 0x7fd4c69c6000
/usr/local/lib/libelementary.so.1	 0x7fd4c6ffc3dc 0x7fd4c6e16000
/usr/local/lib/libelementary.so.1	 0x7fd4c6ffc51a 0x7fd4c6e16000
/home/dimmus/dev/eflete/eflete-1.19.1-efl-1.20/tests/ewe_ruler_test	 0x5558e5d970e5 0x5558e5d8f000
/home/dimmus/dev/eflete/eflete-1.19.1-efl-1.20/tests/ewe_ruler_test	 0x5558e5da46b6 0x5558e5d8f000
/home/dimmus/dev/eflete/eflete-1.19.1-efl-1.20/tests/ewe_ruler_test	 0x5558e5d94c57 0x5558e5d8f000
/lib/x86_64-linux-gnu/libc.so.6	 0x7fd4c65d6083 0x7fd4c65b2000
/home/dimmus/dev/eflete/eflete-1.19.1-efl-1.20/tests/ewe_ruler_test	 0x5558e5d94cae 0x5558e5d8f000
EOF

[7;32m============================= ewe_ruler_format_get_test_p ==================================================================[0m


[7;32m============================= ewe_ruler_format_get_test_n ==================================================================[0m


ERR<642654>: ../../src/bin/external/syntax_color.c:108 color_load() Failed to open color data file "/themes/default/color/color.eet"
## Copy & Paste the below (until EOF) into a terminal, then hit Enter

eina_btlog << EOF
/usr/local/lib/libeina.so.1	 0x7fd4c694c8ac 0x7fd4c6922000
/usr/local/lib/libeina.so.1	 0x7fd4c694d5e1 0x7fd4c6922000
/usr/local/lib/libeina.so.1	 0x7fd4c694e9f5 0x7fd4c6922000
/home/dimmus/dev/eflete/eflete-1.19.1-efl-1.20/tests/ewe_ruler_test	 0x5558e5d9ac52 0x5558e5d8f000
/home/dimmus/dev/eflete/eflete-1.19.1-efl-1.20/tests/ewe_ruler_test	 0x5558e5d9b24b 0x5558e5d8f000
/usr/local/lib/libecore.so.1	 0x7fd4c69fa5c8 0x7fd4c69c6000
/usr/local/lib/libecore.so.1	 0x7fd4c69fa71d 0x7fd4c69c6000
/usr/local/lib/libeina.so.1	 0x7fd4c69659b4 0x7fd4c6922000
/lib/x86_64-linux-gnu/libpthread.so.0	 0x7fd4c6907609 0x7fd4c68ff000
/lib/x86_64-linux-gnu/libc.so.6	 0x7fd4c66d1133 0x7fd4c65b2000
EOF

ERR<642654>:eina_safety lib/efreet/efreet_utils.c:251 efreet_util_desktop_exec_find() safety check failed: exec == NULL
## Copy & Paste the below (until EOF) into a terminal, then hit Enter

eina_btlog << EOF
/usr/local/lib/libeina.so.1	 0x7fd4c694c8ac 0x7fd4c6922000
/usr/local/lib/libeina.so.1	 0x7fd4c694d5e1 0x7fd4c6922000
/usr/local/lib/libeina.so.1	 0x7fd4c694e9f5 0x7fd4c6922000
/usr/local/lib/libeina.so.1	 0x7fd4c695db62 0x7fd4c6922000
/usr/local/lib/libefreet.so.1	 0x7fd4c6a7a969 0x7fd4c6a62000
/usr/local/lib/libelementary.so.1	 0x7fd4c70a4c0d 0x7fd4c6e16000
/usr/local/lib/libelementary.so.1	 0x7fd4c70a4ed4 0x7fd4c6e16000
/usr/local/lib/libeo.so.1	 0x7fd4c69b8b05 0x7fd4c69a8000
/usr/local/lib/libeo.so.1	 0x7fd4c69b13df 0x7fd4c69a8000
/usr/local/lib/libelementary.so.1	 0x7fd4c709fd67 0x7fd4c6e16000
/home/dimmus/dev/eflete/eflete-1.19.1-efl-1.20/tests/ewe_ruler_test	 0x5558e5d9722f 0x5558e5d8f000
/home/dimmus/dev/eflete/eflete-1.19.1-efl-1.20/tests/ewe_ruler_test	 0x5558e5da46b6 0x5558e5d8f000
/home/dimmus/dev/eflete/eflete-1.19.1-efl-1.20/tests/ewe_ruler_test	 0x5558e5d94c57 0x5558e5d8f000
/lib/x86_64-linux-gnu/libc.so.6	 0x7fd4c65d6083 0x7fd4c65b2000
/home/dimmus/dev/eflete/eflete-1.19.1-efl-1.20/tests/ewe_ruler_test	 0x5558e5d94cae 0x5558e5d8f000
EOF

ERR<642654>:ecore_system_upower modules/ecore/system/upower/ecore_system_upower.c:288 _daemon_version_get_cb() Message error org.enlightenment.DBus.Canceled - Canceled by user.
## Copy & Paste the below (until EOF) into a terminal, then hit Enter

eina_btlog << EOF
/usr/local/lib/libeina.so.1	 0x7fd4c694c8ac 0x7fd4c6922000
/usr/local/lib/libeina.so.1	 0x7fd4c694d5e1 0x7fd4c6922000
/usr/local/lib/libeina.so.1	 0x7fd4c694e9f5 0x7fd4c6922000
/usr/local/lib/ecore/system/upower/v-1.20/module.so	 0x7fd4c71afa55 0x7fd4c71ae000
/usr/local/lib/libeldbus.so.1	 0x7fd4c64f6d5f 0x7fd4c64e0000
/usr/local/lib/libeldbus.so.1	 0x7fd4c64eb77d 0x7fd4c64e0000
/usr/local/lib/libeldbus.so.1	 0x7fd4c64ebb6f 0x7fd4c64e0000
/usr/local/lib/libeldbus.so.1	 0x7fd4c64efac0 0x7fd4c64e0000
/usr/local/lib/libeldbus.so.1	 0x7fd4c64f4c9e 0x7fd4c64e0000
/usr/local/lib/libeldbus.so.1	 0x7fd4c64f5d1b 0x7fd4c64e0000
/usr/local/lib/ecore/system/upower/v-1.20/module.so	 0x7fd4c71af609 0x7fd4c71ae000
/usr/local/lib/libeina.so.1	 0x7fd4c6957ece 0x7fd4c6922000
/usr/local/lib/libeina.so.1	 0x7fd4c6957f38 0x7fd4c6922000
/usr/local/lib/libeina.so.1	 0x7fd4c69587d5 0x7fd4c6922000
/usr/local/lib/libecore.so.1	 0x7fd4c69d8ab1 0x7fd4c69c6000
/usr/local/lib/libelementary.so.1	 0x7fd4c6ffc3dc 0x7fd4c6e16000
/usr/local/lib/libelementary.so.1	 0x7fd4c6ffc51a 0x7fd4c6e16000
/home/dimmus/dev/eflete/eflete-1.19.1-efl-1.20/tests/ewe_ruler_test	 0x5558e5d9735a 0x5558e5d8f000
/home/dimmus/dev/eflete/eflete-1.19.1-efl-1.20/tests/ewe_ruler_test	 0x5558e5da46b6 0x5558e5d8f000
/home/dimmus/dev/eflete/eflete-1.19.1-efl-1.20/tests/ewe_ruler_test	 0x5558e5d94c57 0x5558e5d8f000
/lib/x86_64-linux-gnu/libc.so.6	 0x7fd4c65d6083 0x7fd4c65b2000
/home/dimmus/dev/eflete/eflete-1.19.1-efl-1.20/tests/ewe_ruler_test	 0x5558e5d94cae 0x5558e5d8f000
EOF

[7;32m============================= ewe_ruler_format_set_test_p ==================================================================[0m


[7;32m============================= ewe_ruler_format_set_test_n ==================================================================[0m


ERR<642664>: ../../src/bin/external/syntax_color.c:108 color_load() Failed to open color data file "/themes/default/color/color.eet"
## Copy & Paste the below (until EOF) into a terminal, then hit Enter

eina_btlog << EOF
/usr/local/lib/libeina.so.1	 0x7fd4c694c8ac 0x7fd4c6922000
/usr/local/lib/libeina.so.1	 0x7fd4c694d5e1 0x7fd4c6922000
/usr/local/lib/libeina.so.1	 0x7fd4c694e9f5 0x7fd4c6922000
/home/dimmus/dev/eflete/eflete-1.19.1-efl-1.20/tests/ewe_ruler_test	 0x5558e5d9ac52 0x5558e5d8f000
/home/dimmus/dev/eflete/eflete-1.19.1-efl-1.20/tests/ewe_ruler_test	 0x5558e5d9b24b 0x5558e5d8f000
/usr/local/lib/libecore.so.1	 0x7fd4c69fa5c8 0x7fd4c69c6000
/usr/local/lib/libecore.so.1	 0x7fd4c69fa71d 0x7fd4c69c6000
/usr/local/lib/libeina.so.1	 0x7fd4c69659b4 0x7fd4c6922000
/lib/x86_64-linux-gnu/libpthread.so.0	 0x7fd4c6907609 0x7fd4c68ff000
/lib/x86_64-linux-gnu/libc.so.6	 0x7fd4c66d1133 0x7fd4c65b2000
EOF

ERR<642664>:eina_safety lib/efreet/efreet_utils.c:251 efreet_util_desktop_exec_find() safety check failed: exec == NULL
## Copy & Paste the below (until EOF) into a terminal, then hit Enter

eina_btlog << EOF
/usr/local/lib/libeina.so.1	 0x7fd4c694c8ac 0x7fd4c6922000
/usr/local/lib/libeina.so.1	 0x7fd4c694d5e1 0x7fd4c6922000
/usr/local/lib/libeina.so.1	 0x7fd4c694e9f5 0x7fd4c6922000
/usr/local/lib/libeina.so.1	 0x7fd4c695db62 0x7fd4c6922000
/usr/local/lib/libefreet.so.1	 0x7fd4c6a7a969 0x7fd4c6a62000
/usr/local/lib/libelementary.so.1	 0x7fd4c70a4c0d 0x7fd4c6e16000
/usr/local/lib/libelementary.so.1	 0x7fd4c70a4ed4 0x7fd4c6e16000
/usr/local/lib/libeo.so.1	 0x7fd4c69b8b05 0x7fd4c69a8000
/usr/local/lib/libeo.so.1	 0x7fd4c69b13df 0x7fd4c69a8000
/usr/local/lib/libelementary.so.1	 0x7fd4c709fd67 0x7fd4c6e16000
/home/dimmus/dev/eflete/eflete-1.19.1-efl-1.20/tests/ewe_ruler_test	 0x5558e5d974f1 0x5558e5d8f000
/home/dimmus/dev/eflete/eflete-1.19.1-efl-1.20/tests/ewe_ruler_test	 0x5558e5da46b6 0x5558e5d8f000
/home/dimmus/dev/eflete/eflete-1.19.1-efl-1.20/tests/ewe_ruler_test	 0x5558e5d94c57 0x5558e5d8f000
/lib/x86_64-linux-gnu/libc.so.6	 0x7fd4c65d6083 0x7fd4c65b2000
/home/dimmus/dev/eflete/eflete-1.19.1-efl-1.20/tests/ewe_ruler_test	 0x5558e5d94cae 0x5558e5d8f000
EOF

ERR<642664>:ecore_system_upower modules/ecore/system/upower/ecore_system_upower.c:288 _daemon_version_get_cb() Message error org.enlightenment.DBus.Canceled - Canceled by user.
## Copy & Paste the below (until EOF) into a terminal, then hit Enter

eina_btlog << EOF
/usr/local/lib/libeina.so.1	 0x7fd4c694c8ac 0x7fd4c6922000
/usr/local/lib/libeina.so.1	 0x7fd4c694d5e1 0x7fd4c6922000
/usr/local/lib/libeina.so.1	 0x7fd4c694e9f5 0x7fd4c6922000
/usr/local/lib/ecore/system/upower/v-1.20/module.so	 0x7fd4c71afa55 0x7fd4c71ae000
/usr/local/lib/libeldbus.so.1	 0x7fd4c64f6d5f 0x7fd4c64e0000
/usr/local/lib/libeldbus.so.1	 0x7fd4c64eb77d 0x7fd4c64e0000
/usr/local/lib/libeldbus.so.1	 0x7fd4c64ebb6f 0x7fd4c64e0000
/usr/local/lib/libeldbus.so.1	 0x7fd4c64efac0 0x7fd4c64e0000
/usr/local/lib/libeldbus.so.1	 0x7fd4c64f4c9e 0x7fd4c64e0000
/usr/local/lib/libeldbus.so.1	 0x7fd4c64f5d1b 0x7fd4c64e0000
/usr/local/lib/ecore/system/upower/v-1.20/module.so	 0x7fd4c71af609 0x7fd4c71ae000
/usr/local/lib/libeina.so.1	 0x7fd4c6957ece 0x7fd4c6922000
/usr/local/lib/libeina.so.1	 0x7fd4c6957f38 0x7fd4c6922000
/usr/local/lib/libeina.so.1	 0x7fd4c69587d5 0x7fd4c6922000
/usr/local/lib/libecore.so.1	 0x7fd4c69d8ab1 0x7fd4c69c6000
/usr/local/lib/libelementary.so.1	 0x7fd4c6ffc3dc 0x7fd4c6e16000
/usr/local/lib/libelementary.so.1	 0x7fd4c6ffc51a 0x7fd4c6e16000
/home/dimmus/dev/eflete/eflete-1.19.1-efl-1.20/tests/ewe_ruler_test	 0x5558e5d97555 0x5558e5d8f000
/home/dimmus/dev/eflete/eflete-1.19.1-efl-1.20/tests/ewe_ruler_test	 0x5558e5da46b6 0x5558e5d8f000
/home/dimmus/dev/eflete/eflete-1.19.1-efl-1.20/tests/ewe_ruler_test	 0x5558e5d94c57 0x5558e5d8f000
/lib/x86_64-linux-gnu/libc.so.6	 0x7fd4c65d6083 0x7fd4c65b2000
/home/dimmus/dev/eflete/eflete-1.19.1-efl-1.20/tests/ewe_ruler_test	 0x5558e5d94cae 0x5558e5d8f000
EOF

[7;32m============================= ewe_ruler_style_get_test_p ==================================================================[0m


[7;32m============================= ewe_ruler_style_get_test_n ==================================================================[0m


ERR<642675>: ../../src/bin/external/syntax_color.c:108 color_load() Failed to open color data file "/themes/default/color/color.eet"
## Copy & Paste the below (until EOF) into a terminal, then hit Enter

eina_btlog << EOF
/usr/local/lib/libeina.so.1	 0x7fd4c694c8ac 0x7fd4c6922000
/usr/local/lib/libeina.so.1	 0x7fd4c694d5e1 0x7fd4c6922000
/usr/local/lib/libeina.so.1	 0x7fd4c694e9f5 0x7fd4c6922000
/home/dimmus/dev/eflete/eflete-1.19.1-efl-1.20/tests/ewe_ruler_test	 0x5558e5d9ac52 0x5558e5d8f000
/home/dimmus/dev/eflete/eflete-1.19.1-efl-1.20/tests/ewe_ruler_test	 0x5558e5d9b24b 0x5558e5d8f000
/usr/local/lib/libecore.so.1	 0x7fd4c69fa5c8 0x7fd4c69c6000
/usr/local/lib/libecore.so.1	 0x7fd4c69fa71d 0x7fd4c69c6000
/usr/local/lib/libeina.so.1	 0x7fd4c69659b4 0x7fd4c6922000
/lib/x86_64-linux-gnu/libpthread.so.0	 0x7fd4c6907609 0x7fd4c68ff000
/lib/x86_64-linux-gnu/libc.so.6	 0x7fd4c66d1133 0x7fd4c65b2000
EOF

ERR<642675>:eina_safety lib/efreet/efreet_utils.c:251 efreet_util_desktop_exec_find() safety check failed: exec == NULL
## Copy & Paste the below (until EOF) into a terminal, then hit Enter

eina_btlog << EOF
/usr/local/lib/libeina.so.1	 0x7fd4c694c8ac 0x7fd4c6922000
/usr/local/lib/libeina.so.1	 0x7fd4c694d5e1 0x7fd4c6922000
/usr/local/lib/libeina.so.1	 0x7fd4c694e9f5 0x7fd4c6922000
/usr/local/lib/libeina.so.1	 0x7fd4c695db62 0x7fd4c6922000
/usr/local/lib/libefreet.so.1	 0x7fd4c6a7a969 0x7fd4c6a62000
/usr/local/lib/libelementary.so.1	 0x7fd4c70a4c0d 0x7fd4c6e16000
/usr/local/lib/libelementary.so.1	 0x7fd4c70a4ed4 0x7fd4c6e16000
/usr/local/lib/libeo.so.1	 0x7fd4c69b8b05 0x7fd4c69a8000
/usr/local/lib/libeo.so.1	 0x7fd4c69b13df 0x7fd4c69a8000
/usr/local/lib/libelementary.so.1	 0x7fd4c709fd67 0x7fd4c6e16000
/home/dimmus/dev/eflete/eflete-1.19.1-efl-1.20/tests/ewe_ruler_test	 0x5558e5d9769f 0x5558e5d8f000
/home/dimmus/dev/eflete/eflete-1.19.1-efl-1.20/tests/ewe_ruler_test	 0x5558e5da46b6 0x5558e5d8f000
/home/dimmus/dev/eflete/eflete-1.19.1-efl-1.20/tests/ewe_ruler_test	 0x5558e5d94c57 0x5558e5d8f000
/lib/x86_64-linux-gnu/libc.so.6	 0x7fd4c65d6083 0x7fd4c65b2000
/home/dimmus/dev/eflete/eflete-1.19.1-efl-1.20/tests/ewe_ruler_test	 0x5558e5d94cae 0x5558e5d8f000
EOF

ERR<642675>:ecore_system_upower modules/ecore/system/upower/ecore_system_upower.c:288 _daemon_version_get_cb() Message error org.enlightenment.DBus.Canceled - Canceled by user.
## Copy & Paste the below (until EOF) into a terminal, then hit Enter

eina_btlog << EOF
/usr/local/lib/libeina.so.1	 0x7fd4c694c8ac 0x7fd4c6922000
/usr/local/lib/libeina.so.1	 0x7fd4c694d5e1 0x7fd4c6922000
/usr/local/lib/libeina.so.1	 0x7fd4c694e9f5 0x7fd4c6922000
/usr/local/lib/ecore/system/upower/v-1.20/module.so	 0x7fd4c71afa55 0x7fd4c71ae000
/usr/local/lib/libeldbus.so.1	 0x7fd4c64f6d5f 0x7fd4c64e0000
/usr/local/lib/libeldbus.so.1	 0x7fd4c64eb77d 0x7fd4c64e0000
/usr/local/lib/libeldbus.so.1	 0x7fd4c64ebb6f 0x7fd4c64e0000
/usr/local/lib/libeldbus.so.1	 0x7fd4c64efac0 0x7fd4c64e0000
/usr/local/lib/libeldbus.so.1	 0x7fd4c64f4c9e 0x7fd4c64e0000
/usr/local/lib/libeldbus.so.1	 0x7fd4c64f5d1b 0x7fd4c64e0000
/usr/local/lib/ecore/system/upower/v-1.20/module.so	 0x7fd4c71af609 0x7fd4c71ae000
/usr/local/lib/libeina.so.1	 0x7fd4c6957ece 0x7fd4c6922000
/usr/local/lib/libeina.so.1	 0x7fd4c6957f38 0x7fd4c6922000
/usr/local/lib/libeina.so.1	 0x7fd4c69587d5 0x7fd4c6922000
/usr/local/lib/libecore.so.1	 0x7fd4c69d8ab1 0x7fd4c69c6000
/usr/local/lib/libelementary.so.1	 0x7fd4c6ffc3dc 0x7fd4c6e16000
/usr/local/lib/libelementary.so.1	 0x7fd4c6ffc51a 0x7fd4c6e16000
/home/dimmus/dev/eflete/eflete-1.19.1-efl-1.20/tests/ewe_ruler_test	 0x5558e5d9779a 0x5558e5d8f000
/home/dimmus/dev/eflete/eflete-1.19.1-efl-1.20/tests/ewe_ruler_test	 0x5558e5da46b6 0x5558e5d8f000
/home/dimmus/dev/eflete/eflete-1.19.1-efl-1.20/tests/ewe_ruler_test	 0x5558e5d94c57 0x5558e5d8f000
/lib/x86_64-linux-gnu/libc.so.6	 0x7fd4c65d6083 0x7fd4c65b2000
/home/dimmus/dev/eflete/eflete-1.19.1-efl-1.20/tests/ewe_ruler_test	 0x5558e5d94cae 0x5558e5d8f000
EOF

[7;32m============================= ewe_ruler_style_set_test_p ==================================================================[0m


ERR<642680>: ../../src/bin/external/syntax_color.c:108 color_load() Failed to open color data file "/themes/default/color/color.eet"
## Copy & Paste the below (until EOF) into a terminal, then hit Enter

eina_btlog << EOF
/usr/local/lib/libeina.so.1	 0x7fd4c694c8ac 0x7fd4c6922000
/usr/local/lib/libeina.so.1	 0x7fd4c694d5e1 0x7fd4c6922000
/usr/local/lib/libeina.so.1	 0x7fd4c694e9f5 0x7fd4c6922000
/home/dimmus/dev/eflete/eflete-1.19.1-efl-1.20/tests/ewe_ruler_test	 0x5558e5d9ac52 0x5558e5d8f000
/home/dimmus/dev/eflete/eflete-1.19.1-efl-1.20/tests/ewe_ruler_test	 0x5558e5d9b24b 0x5558e5d8f000
/usr/local/lib/libecore.so.1	 0x7fd4c69fa5c8 0x7fd4c69c6000
/usr/local/lib/libecore.so.1	 0x7fd4c69fa71d 0x7fd4c69c6000
/usr/local/lib/libeina.so.1	 0x7fd4c69659b4 0x7fd4c6922000
/lib/x86_64-linux-gnu/libpthread.so.0	 0x7fd4c6907609 0x7fd4c68ff000
/lib/x86_64-linux-gnu/libc.so.6	 0x7fd4c66d1133 0x7fd4c65b2000
EOF

[7;32m============================= ewe_ruler_style_set_test_n ==================================================================[0m


ERR<642685>: ../../src/bin/external/syntax_color.c:108 color_load() Failed to open color data file "/themes/default/color/color.eet"
## Copy & Paste the below (until EOF) into a terminal, then hit Enter

eina_btlog << EOF
/usr/local/lib/libeina.so.1	 0x7fd4c694c8ac 0x7fd4c6922000
/usr/local/lib/libeina.so.1	 0x7fd4c694d5e1 0x7fd4c6922000
/usr/local/lib/libeina.so.1	 0x7fd4c694e9f5 0x7fd4c6922000
/home/dimmus/dev/eflete/eflete-1.19.1-efl-1.20/tests/ewe_ruler_test	 0x5558e5d9ac52 0x5558e5d8f000
/home/dimmus/dev/eflete/eflete-1.19.1-efl-1.20/tests/ewe_ruler_test	 0x5558e5d9b24b 0x5558e5d8f000
/usr/local/lib/libecore.so.1	 0x7fd4c69fa5c8 0x7fd4c69c6000
/usr/local/lib/libecore.so.1	 0x7fd4c69fa71d 0x7fd4c69c6000
/usr/local/lib/libeina.so.1	 0x7fd4c69659b4 0x7fd4c6922000
/lib/x86_64-linux-gnu/libpthread.so.0	 0x7fd4c6907609 0x7fd4c68ff000
/lib/x86_64-linux-gnu/libc.so.6	 0x7fd4c66d1133 0x7fd4c65b2000
EOF

ERR<642685>:eina_safety lib/efreet/efreet_utils.c:251 efreet_util_desktop_exec_find() safety check failed: exec == NULL
## Copy & Paste the below (until EOF) into a terminal, then hit Enter

eina_btlog << EOF
/usr/local/lib/libeina.so.1	 0x7fd4c694c8ac 0x7fd4c6922000
/usr/local/lib/libeina.so.1	 0x7fd4c694d5e1 0x7fd4c6922000
/usr/local/lib/libeina.so.1	 0x7fd4c694e9f5 0x7fd4c6922000
/usr/local/lib/libeina.so.1	 0x7fd4c695db62 0x7fd4c6922000
/usr/local/lib/libefreet.so.1	 0x7fd4c6a7a969 0x7fd4c6a62000
/usr/local/lib/libelementary.so.1	 0x7fd4c70a4c0d 0x7fd4c6e16000
/usr/local/lib/libelementary.so.1	 0x7fd4c70a4ed4 0x7fd4c6e16000
/usr/local/lib/libeo.so.1	 0x7fd4c69b8b05 0x7fd4c69a8000
/usr/local/lib/libeo.so.1	 0x7fd4c69b13df 0x7fd4c69a8000
/usr/local/lib/libelementary.so.1	 0x7fd4c709fd67 0x7fd4c6e16000
/home/dimmus/dev/eflete/eflete-1.19.1-efl-1.20/tests/ewe_ruler_test	 0x5558e5d98901 0x5558e5d8f000
/home/dimmus/dev/eflete/eflete-1.19.1-efl-1.20/tests/ewe_ruler_test	 0x5558e5da46b6 0x5558e5d8f000
/home/dimmus/dev/eflete/eflete-1.19.1-efl-1.20/tests/ewe_ruler_test	 0x5558e5d94c57 0x5558e5d8f000
/lib/x86_64-linux-gnu/libc.so.6	 0x7fd4c65d6083 0x7fd4c65b2000
/home/dimmus/dev/eflete/eflete-1.19.1-efl-1.20/tests/ewe_ruler_test	 0x5558e5d94cae 0x5558e5d8f000
EOF

ERR<642685>:eina_safety lib/eina/eina_file_common.c:521 eina_file_close() safety check failed: file == NULL
## Copy & Paste the below (until EOF) into a terminal, then hit Enter

eina_btlog << EOF
/usr/local/lib/libeina.so.1	 0x7fd4c694c8ac 0x7fd4c6922000
/usr/local/lib/libeina.so.1	 0x7fd4c694d5e1 0x7fd4c6922000
/usr/local/lib/libeina.so.1	 0x7fd4c694e9f5 0x7fd4c6922000
/usr/local/lib/libeina.so.1	 0x7fd4c695db62 0x7fd4c6922000
/usr/local/lib/libedje.so.1	 0x7fd4c6dc8709 0x7fd4c6d0e000
/usr/local/lib/libefl.so.1	 0x7fd4c5bf8d87 0x7fd4c5be6000
/usr/local/lib/libelementary.so.1	 0x7fd4c6fe81c9 0x7fd4c6e16000
/usr/local/lib/libefl.so.1	 0x7fd4c5bf8d87 0x7fd4c5be6000
/home/dimmus/dev/eflete/eflete-1.19.1-efl-1.20/tests/ewe_ruler_test	 0x5558e5d9f0d1 0x5558e5d8f000
/home/dimmus/dev/eflete/eflete-1.19.1-efl-1.20/tests/ewe_ruler_test	 0x5558e5d9e96b 0x5558e5d8f000
/home/dimmus/dev/eflete/eflete-1.19.1-efl-1.20/tests/ewe_ruler_test	 0x5558e5d98919 0x5558e5d8f000
/home/dimmus/dev/eflete/eflete-1.19.1-efl-1.20/tests/ewe_ruler_test	 0x5558e5da46b6 0x5558e5d8f000
/home/dimmus/dev/eflete/eflete-1.19.1-efl-1.20/tests/ewe_ruler_test	 0x5558e5d94c57 0x5558e5d8f000
/lib/x86_64-linux-gnu/libc.so.6	 0x7fd4c65d6083 0x7fd4c65b2000
/home/dimmus/dev/eflete/eflete-1.19.1-efl-1.20/tests/ewe_ruler_test	 0x5558e5d94cae 0x5558e5d8f000
EOF

ERR<642685>:elementary lib/elementary/elm_layout.c:883 _elm_layout_efl_file_file_set() failed to set edje file '(null)', group 'ewe/ruler/marker/vertical/default': File Does Not Exist
## Copy & Paste the below (until EOF) into a terminal, then hit Enter

eina_btlog << EOF
/usr/local/lib/libeina.so.1	 0x7fd4c694c8ac 0x7fd4c6922000
/usr/local/lib/libeina.so.1	 0x7fd4c694d5e1 0x7fd4c6922000
/usr/local/lib/libeina.so.1	 0x7fd4c694e9f5 0x7fd4c6922000
/usr/local/lib/libelementary.so.1	 0x7fd4c6fe8219 0x7fd4c6e16000
/usr/local/lib/libefl.so.1	 0x7fd4c5bf8d87 0x7fd4c5be6000
/home/dimmus/dev/eflete/eflete-1.19.1-efl-1.20/tests/ewe_ruler_test	 0x5558e5d9f0d1 0x5558e5d8f000
/home/dimmus/dev/eflete/eflete-1.19.1-efl-1.20/tests/ewe_ruler_test	 0x5558e5d9e96b 0x5558e5d8f000
/home/dimmus/dev/eflete/eflete-1.19.1-efl-1.20/tests/ewe_ruler_test	 0x5558e5d98919 0x5558e5d8f000
/home/dimmus/dev/eflete/eflete-1.19.1-efl-1.20/tests/ewe_ruler_test	 0x5558e5da46b6 0x5558e5d8f000
/home/dimmus/dev/eflete/eflete-1.19.1-efl-1.20/tests/ewe_ruler_test	 0x5558e5d94c57 0x5558e5d8f000
/lib/x86_64-linux-gnu/libc.so.6	 0x7fd4c65d6083 0x7fd4c65b2000
/home/dimmus/dev/eflete/eflete-1.19.1-efl-1.20/tests/ewe_ruler_test	 0x5558e5d94cae 0x5558e5d8f000
EOF

ERR<642685>:ecore_system_upower modules/ecore/system/upower/ecore_system_upower.c:288 _daemon_version_get_cb() Message error org.enlightenment.DBus.Canceled - Canceled by user.
## Copy & Paste the below (until EOF) into a terminal, then hit Enter

eina_btlog << EOF
/usr/local/lib/libeina.so.1	 0x7fd4c694c8ac 0x7fd4c6922000
/usr/local/lib/libeina.so.1	 0x7fd4c694d5e1 0x7fd4c6922000
/usr/local/lib/libeina.so.1	 0x7fd4c694e9f5 0x7fd4c6922000
/usr/local/lib/ecore/system/upower/v-1.20/module.so	 0x7fd4c71afa55 0x7fd4c71ae000
/usr/local/lib/libeldbus.so.1	 0x7fd4c64f6d5f 0x7fd4c64e0000
/usr/local/lib/libeldbus.so.1	 0x7fd4c64eb77d 0x7fd4c64e0000
/usr/local/lib/libeldbus.so.1	 0x7fd4c64ebb6f 0x7fd4c64e0000
/usr/local/lib/libeldbus.so.1	 0x7fd4c64efac0 0x7fd4c64e0000
/usr/local/lib/libeldbus.so.1	 0x7fd4c64f4c9e 0x7fd4c64e0000
/usr/local/lib/libeldbus.so.1	 0x7fd4c64f5d1b 0x7fd4c64e0000
/usr/local/lib/ecore/system/upower/v-1.20/module.so	 0x7fd4c71af609 0x7fd4c71ae000
/usr/local/lib/libeina.so.1	 0x7fd4c6957ece 0x7fd4c6922000
/usr/local/lib/libeina.so.1	 0x7fd4c6957f38 0x7fd4c6922000
/usr/local/lib/libeina.so.1	 0x7fd4c69587d5 0x7fd4c6922000
/usr/local/lib/libecore.so.1	 0x7fd4c69d8ab1 0x7fd4c69c6000
/usr/local/lib/libelementary.so.1	 0x7fd4c6ffc3dc 0x7fd4c6e16000
/usr/local/lib/libelementary.so.1	 0x7fd4c6ffc51a 0x7fd4c6e16000
/home/dimmus/dev/eflete/eflete-1.19.1-efl-1.20/tests/ewe_ruler_test	 0x5558e5d9894b 0x5558e5d8f000
/home/dimmus/dev/eflete/eflete-1.19.1-efl-1.20/tests/ewe_ruler_test	 0x5558e5da46b6 0x5558e5d8f000
/home/dimmus/dev/eflete/eflete-1.19.1-efl-1.20/tests/ewe_ruler_test	 0x5558e5d94c57 0x5558e5d8f000
/lib/x86_64-linux-gnu/libc.so.6	 0x7fd4c65d6083 0x7fd4c65b2000
/home/dimmus/dev/eflete/eflete-1.19.1-efl-1.20/tests/ewe_ruler_test	 0x5558e5d94cae 0x5558e5d8f000
EOF

[7;32m============================= ewe_ruler_marker_visible_get_test_p ==================================================================[0m


ERR<642690>: ../../src/bin/external/syntax_color.c:108 color_load() Failed to open color data file "/themes/default/color/color.eet"
## Copy & Paste the below (until EOF) into a terminal, then hit Enter

eina_btlog << EOF
/usr/local/lib/libeina.so.1	 0x7fd4c694c8ac 0x7fd4c6922000
/usr/local/lib/libeina.so.1	 0x7fd4c694d5e1 0x7fd4c6922000
/usr/local/lib/libeina.so.1	 0x7fd4c694e9f5 0x7fd4c6922000
/home/dimmus/dev/eflete/eflete-1.19.1-efl-1.20/tests/ewe_ruler_test	 0x5558e5d9ac52 0x5558e5d8f000
/home/dimmus/dev/eflete/eflete-1.19.1-efl-1.20/tests/ewe_ruler_test	 0x5558e5d9b24b 0x5558e5d8f000
/usr/local/lib/libecore.so.1	 0x7fd4c69fa5c8 0x7fd4c69c6000
/usr/local/lib/libecore.so.1	 0x7fd4c69fa71d 0x7fd4c69c6000
/usr/local/lib/libeina.so.1	 0x7fd4c69659b4 0x7fd4c6922000
/lib/x86_64-linux-gnu/libpthread.so.0	 0x7fd4c6907609 0x7fd4c68ff000
/lib/x86_64-linux-gnu/libc.so.6	 0x7fd4c66d1133 0x7fd4c65b2000
EOF

[7;32m============================= ewe_ruler_marker_visible_get_test_n ==================================================================[0m


ERR<642695>: ../../src/bin/external/syntax_color.c:108 color_load() Failed to open color data file "/themes/default/color/color.eet"
## Copy & Paste the below (until EOF) into a terminal, then hit Enter

eina_btlog << EOF
/usr/local/lib/libeina.so.1	 0x7fd4c694c8ac 0x7fd4c6922000
/usr/local/lib/libeina.so.1	 0x7fd4c694d5e1 0x7fd4c6922000
/usr/local/lib/libeina.so.1	 0x7fd4c694e9f5 0x7fd4c6922000
/home/dimmus/dev/eflete/eflete-1.19.1-efl-1.20/tests/ewe_ruler_test	 0x5558e5d9ac52 0x5558e5d8f000
/home/dimmus/dev/eflete/eflete-1.19.1-efl-1.20/tests/ewe_ruler_test	 0x5558e5d9b24b 0x5558e5d8f000
/usr/local/lib/libecore.so.1	 0x7fd4c69fa5c8 0x7fd4c69c6000
/usr/local/lib/libecore.so.1	 0x7fd4c69fa71d 0x7fd4c69c6000
/usr/local/lib/libeina.so.1	 0x7fd4c69659b4 0x7fd4c6922000
/lib/x86_64-linux-gnu/libpthread.so.0	 0x7fd4c6907609 0x7fd4c68ff000
/lib/x86_64-linux-gnu/libc.so.6	 0x7fd4c66d1133 0x7fd4c65b2000
EOF

ERR<642695>:eina_safety lib/efreet/efreet_utils.c:251 efreet_util_desktop_exec_find() safety check failed: exec == NULL
## Copy & Paste the below (until EOF) into a terminal, then hit Enter

eina_btlog << EOF
/usr/local/lib/libeina.so.1	 0x7fd4c694c8ac 0x7fd4c6922000
/usr/local/lib/libeina.so.1	 0x7fd4c694d5e1 0x7fd4c6922000
/usr/local/lib/libeina.so.1	 0x7fd4c694e9f5 0x7fd4c6922000
/usr/local/lib/libeina.so.1	 0x7fd4c695db62 0x7fd4c6922000
/usr/local/lib/libefreet.so.1	 0x7fd4c6a7a969 0x7fd4c6a62000
/usr/local/lib/libelementary.so.1	 0x7fd4c70a4c0d 0x7fd4c6e16000
/usr/local/lib/libelementary.so.1	 0x7fd4c70a4ed4 0x7fd4c6e16000
/usr/local/lib/libeo.so.1	 0x7fd4c69b8b05 0x7fd4c69a8000
/usr/local/lib/libeo.so.1	 0x7fd4c69b13df 0x7fd4c69a8000
/usr/local/lib/libelementary.so.1	 0x7fd4c709fd67 0x7fd4c6e16000
/home/dimmus/dev/eflete/eflete-1.19.1-efl-1.20/tests/ewe_ruler_test	 0x5558e5d98a7f 0x5558e5d8f000
/home/dimmus/dev/eflete/eflete-1.19.1-efl-1.20/tests/ewe_ruler_test	 0x5558e5da46b6 0x5558e5d8f000
/home/dimmus/dev/eflete/eflete-1.19.1-efl-1.20/tests/ewe_ruler_test	 0x5558e5d94c57 0x5558e5d8f000
/lib/x86_64-linux-gnu/libc.so.6	 0x7fd4c65d6083 0x7fd4c65b2000
/home/dimmus/dev/eflete/eflete-1.19.1-efl-1.20/tests/ewe_ruler_test	 0x5558e5d94cae 0x5558e5d8f000
EOF

ERR<642695>:eina_safety lib/eina/eina_file_common.c:521 eina_file_close() safety check failed: file == NULL
## Copy & Paste the below (until EOF) into a terminal, then hit Enter

eina_btlog << EOF
/usr/local/lib/libeina.so.1	 0x7fd4c694c8ac 0x7fd4c6922000
/usr/local/lib/libeina.so.1	 0x7fd4c694d5e1 0x7fd4c6922000
/usr/local/lib/libeina.so.1	 0x7fd4c694e9f5 0x7fd4c6922000
/usr/local/lib/libeina.so.1	 0x7fd4c695db62 0x7fd4c6922000
/usr/local/lib/libedje.so.1	 0x7fd4c6dc8709 0x7fd4c6d0e000
/usr/local/lib/libefl.so.1	 0x7fd4c5bf8d87 0x7fd4c5be6000
/usr/local/lib/libelementary.so.1	 0x7fd4c6fe81c9 0x7fd4c6e16000
/usr/local/lib/libefl.so.1	 0x7fd4c5bf8d87 0x7fd4c5be6000
/home/dimmus/dev/eflete/eflete-1.19.1-efl-1.20/tests/ewe_ruler_test	 0x5558e5d9f0d1 0x5558e5d8f000
/home/dimmus/dev/eflete/eflete-1.19.1-efl-1.20/tests/ewe_ruler_test	 0x5558e5d9e96b 0x5558e5d8f000
/home/dimmus/dev/eflete/eflete-1.19.1-efl-1.20/tests/ewe_ruler_test	 0x5558e5d98a97 0x5558e5d8f000
/home/dimmus/dev/eflete/eflete-1.19.1-efl-1.20/tests/ewe_ruler_test	 0x5558e5da46b6 0x5558e5d8f000
/home/dimmus/dev/eflete/eflete-1.19.1-efl-1.20/tests/ewe_ruler_test	 0x5558e5d94c57 0x5558e5d8f000
/lib/x86_64-linux-gnu/libc.so.6	 0x7fd4c65d6083 0x7fd4c65b2000
/home/dimmus/dev/eflete/eflete-1.19.1-efl-1.20/tests/ewe_ruler_test	 0x5558e5d94cae 0x5558e5d8f000
EOF

ERR<642695>:elementary lib/elementary/elm_layout.c:883 _elm_layout_efl_file_file_set() failed to set edje file '(null)', group 'ewe/ruler/marker/vertical/default': File Does Not Exist
## Copy & Paste the below (until EOF) into a terminal, then hit Enter

eina_btlog << EOF
/usr/local/lib/libeina.so.1	 0x7fd4c694c8ac 0x7fd4c6922000
/usr/local/lib/libeina.so.1	 0x7fd4c694d5e1 0x7fd4c6922000
/usr/local/lib/libeina.so.1	 0x7fd4c694e9f5 0x7fd4c6922000
/usr/local/lib/libelementary.so.1	 0x7fd4c6fe8219 0x7fd4c6e16000
/usr/local/lib/libefl.so.1	 0x7fd4c5bf8d87 0x7fd4c5be6000
/home/dimmus/dev/eflete/eflete-1.19.1-efl-1.20/tests/ewe_ruler_test	 0x5558e5d9f0d1 0x5558e5d8f000
/home/dimmus/dev/eflete/eflete-1.19.1-efl-1.20/tests/ewe_ruler_test	 0x5558e5d9e96b 0x5558e5d8f000
/home/dimmus/dev/eflete/eflete-1.19.1-efl-1.20/tests/ewe_ruler_test	 0x5558e5d98a97 0x5558e5d8f000
/home/dimmus/dev/eflete/eflete-1.19.1-efl-1.20/tests/ewe_ruler_test	 0x5558e5da46b6 0x5558e5d8f000
/home/dimmus/dev/eflete/eflete-1.19.1-efl-1.20/tests/ewe_ruler_test	 0x5558e5d94c57 0x5558e5d8f000
/lib/x86_64-linux-gnu/libc.so.6	 0x7fd4c65d6083 0x7fd4c65b2000
/home/dimmus/dev/eflete/eflete-1.19.1-efl-1.20/tests/ewe_ruler_test	 0x5558e5d94cae 0x5558e5d8f000
EOF

ERR<642695>:ecore_system_upower modules/ecore/system/upower/ecore_system_upower.c:288 _daemon_version_get_cb() Message error org.enlightenment.DBus.Canceled - Canceled by user.
## Copy & Paste the below (until EOF) into a terminal, then hit Enter

eina_btlog << EOF
/usr/local/lib/libeina.so.1	 0x7fd4c694c8ac 0x7fd4c6922000
/usr/local/lib/libeina.so.1	 0x7fd4c694d5e1 0x7fd4c6922000
/usr/local/lib/libeina.so.1	 0x7fd4c694e9f5 0x7fd4c6922000
/usr/local/lib/ecore/system/upower/v-1.20/module.so	 0x7fd4c71afa55 0x7fd4c71ae000
/usr/local/lib/libeldbus.so.1	 0x7fd4c64f6d5f 0x7fd4c64e0000
/usr/local/lib/libeldbus.so.1	 0x7fd4c64eb77d 0x7fd4c64e0000
/usr/local/lib/libeldbus.so.1	 0x7fd4c64ebb6f 0x7fd4c64e0000
/usr/local/lib/libeldbus.so.1	 0x7fd4c64efac0 0x7fd4c64e0000
/usr/local/lib/libeldbus.so.1	 0x7fd4c64f4c9e 0x7fd4c64e0000
/usr/local/lib/libeldbus.so.1	 0x7fd4c64f5d1b 0x7fd4c64e0000
/usr/local/lib/ecore/system/upower/v-1.20/module.so	 0x7fd4c71af609 0x7fd4c71ae000
/usr/local/lib/libeina.so.1	 0x7fd4c6957ece 0x7fd4c6922000
/usr/local/lib/libeina.so.1	 0x7fd4c6957f38 0x7fd4c6922000
/usr/local/lib/libeina.so.1	 0x7fd4c69587d5 0x7fd4c6922000
/usr/local/lib/libecore.so.1	 0x7fd4c69d8ab1 0x7fd4c69c6000
/usr/local/lib/libelementary.so.1	 0x7fd4c6ffc3dc 0x7fd4c6e16000
/usr/local/lib/libelementary.so.1	 0x7fd4c6ffc51a 0x7fd4c6e16000
/home/dimmus/dev/eflete/eflete-1.19.1-efl-1.20/tests/ewe_ruler_test	 0x5558e5d98b3f 0x5558e5d8f000
/home/dimmus/dev/eflete/eflete-1.19.1-efl-1.20/tests/ewe_ruler_test	 0x5558e5da46b6 0x5558e5d8f000
/home/dimmus/dev/eflete/eflete-1.19.1-efl-1.20/tests/ewe_ruler_test	 0x5558e5d94c57 0x5558e5d8f000
/lib/x86_64-linux-gnu/libc.so.6	 0x7fd4c65d6083 0x7fd4c65b2000
/home/dimmus/dev/eflete/eflete-1.19.1-efl-1.20/tests/ewe_ruler_test	 0x5558e5d94cae 0x5558e5d8f000
EOF

[7;32m============================= ewe_ruler_marker_visible_set_test_p ==================================================================[0m


[7;32m============================= ewe_ruler_marker_visible_set_test_n ==================================================================[0m


ERR<642707>: ../../src/bin/external/syntax_color.c:108 color_load() Failed to open color data file "/themes/default/color/color.eet"
## Copy & Paste the below (until EOF) into a terminal, then hit Enter

eina_btlog << EOF
/usr/local/lib/libeina.so.1	 0x7fd4c694c8ac 0x7fd4c6922000
/usr/local/lib/libeina.so.1	 0x7fd4c694d5e1 0x7fd4c6922000
/usr/local/lib/libeina.so.1	 0x7fd4c694e9f5 0x7fd4c6922000
/home/dimmus/dev/eflete/eflete-1.19.1-efl-1.20/tests/ewe_ruler_test	 0x5558e5d9ac52 0x5558e5d8f000
/home/dimmus/dev/eflete/eflete-1.19.1-efl-1.20/tests/ewe_ruler_test	 0x5558e5d9b24b 0x5558e5d8f000
/usr/local/lib/libecore.so.1	 0x7fd4c69fa5c8 0x7fd4c69c6000
/usr/local/lib/libecore.so.1	 0x7fd4c69fa71d 0x7fd4c69c6000
/usr/local/lib/libeina.so.1	 0x7fd4c69659b4 0x7fd4c6922000
/lib/x86_64-linux-gnu/libpthread.so.0	 0x7fd4c6907609 0x7fd4c68ff000
/lib/x86_64-linux-gnu/libc.so.6	 0x7fd4c66d1133 0x7fd4c65b2000
EOF

ERR<642707>:eina_safety lib/efreet/efreet_utils.c:251 efreet_util_desktop_exec_find() safety check failed: exec == NULL
## Copy & Paste the below (until EOF) into a terminal, then hit Enter

eina_btlog << EOF
/usr/local/lib/libeina.so.1	 0x7fd4c694c8ac 0x7fd4c6922000
/usr/local/lib/libeina.so.1	 0x7fd4c694d5e1 0x7fd4c6922000
/usr/local/lib/libeina.so.1	 0x7fd4c694e9f5 0x7fd4c6922000
/usr/local/lib/libeina.so.1	 0x7fd4c695db62 0x7fd4c6922000
/usr/local/lib/libefreet.so.1	 0x7fd4c6a7a969 0x7fd4c6a62000
/usr/local/lib/libelementary.so.1	 0x7fd4c70a4c0d 0x7fd4c6e16000
/usr/local/lib/libelementary.so.1	 0x7fd4c70a4ed4 0x7fd4c6e16000
/usr/local/lib/libeo.so.1	 0x7fd4c69b8b05 0x7fd4c69a8000
/usr/local/lib/libeo.so.1	 0x7fd4c69b13df 0x7fd4c69a8000
/usr/local/lib/libelementary.so.1	 0x7fd4c709fd67 0x7fd4c6e16000
/home/dimmus/dev/eflete/eflete-1.19.1-efl-1.20/tests/ewe_ruler_test	 0x5558e5d97971 0x5558e5d8f000
/home/dimmus/dev/eflete/eflete-1.19.1-efl-1.20/tests/ewe_ruler_test	 0x5558e5da46b6 0x5558e5d8f000
/home/dimmus/dev/eflete/eflete-1.19.1-efl-1.20/tests/ewe_ruler_test	 0x5558e5d94c57 0x5558e5d8f000
/lib/x86_64-linux-gnu/libc.so.6	 0x7fd4c65d6083 0x7fd4c65b2000
/home/dimmus/dev/eflete/eflete-1.19.1-efl-1.20/tests/ewe_ruler_test	 0x5558e5d94cae 0x5558e5d8f000
EOF

ERR<642707>:eina_safety lib/eina/eina_file_common.c:521 eina_file_close() safety check failed: file == NULL
## Copy & Paste the below (until EOF) into a terminal, then hit Enter

eina_btlog << EOF
/usr/local/lib/libeina.so.1	 0x7fd4c694c8ac 0x7fd4c6922000
/usr/local/lib/libeina.so.1	 0x7fd4c694d5e1 0x7fd4c6922000
/usr/local/lib/libeina.so.1	 0x7fd4c694e9f5 0x7fd4c6922000
/usr/local/lib/libeina.so.1	 0x7fd4c695db62 0x7fd4c6922000
/usr/local/lib/libedje.so.1	 0x7fd4c6dc8709 0x7fd4c6d0e000
/usr/local/lib/libefl.so.1	 0x7fd4c5bf8d87 0x7fd4c5be6000
/usr/local/lib/libelementary.so.1	 0x7fd4c6fe81c9 0x7fd4c6e16000
/usr/local/lib/libefl.so.1	 0x7fd4c5bf8d87 0x7fd4c5be6000
/home/dimmus/dev/eflete/eflete-1.19.1-efl-1.20/tests/ewe_ruler_test	 0x5558e5d9f0d1 0x5558e5d8f000
/home/dimmus/dev/eflete/eflete-1.19.1-efl-1.20/tests/ewe_ruler_test	 0x5558e5d9e96b 0x5558e5d8f000
/home/dimmus/dev/eflete/eflete-1.19.1-efl-1.20/tests/ewe_ruler_test	 0x5558e5d97989 0x5558e5d8f000
/home/dimmus/dev/eflete/eflete-1.19.1-efl-1.20/tests/ewe_ruler_test	 0x5558e5da46b6 0x5558e5d8f000
/home/dimmus/dev/eflete/eflete-1.19.1-efl-1.20/tests/ewe_ruler_test	 0x5558e5d94c57 0x5558e5d8f000
/lib/x86_64-linux-gnu/libc.so.6	 0x7fd4c65d6083 0x7fd4c65b2000
/home/dimmus/dev/eflete/eflete-1.19.1-efl-1.20/tests/ewe_ruler_test	 0x5558e5d94cae 0x5558e5d8f000
EOF

ERR<642707>:elementary lib/elementary/elm_layout.c:883 _elm_layout_efl_file_file_set() failed to set edje file '(null)', group 'ewe/ruler/marker/vertical/default': File Does Not Exist
## Copy & Paste the below (until EOF) into a terminal, then hit Enter

eina_btlog << EOF
/usr/local/lib/libeina.so.1	 0x7fd4c694c8ac 0x7fd4c6922000
/usr/local/lib/libeina.so.1	 0x7fd4c694d5e1 0x7fd4c6922000
/usr/local/lib/libeina.so.1	 0x7fd4c694e9f5 0x7fd4c6922000
/usr/local/lib/libelementary.so.1	 0x7fd4c6fe8219 0x7fd4c6e16000
/usr/local/lib/libefl.so.1	 0x7fd4c5bf8d87 0x7fd4c5be6000
/home/dimmus/dev/eflete/eflete-1.19.1-efl-1.20/tests/ewe_ruler_test	 0x5558e5d9f0d1 0x5558e5d8f000
/home/dimmus/dev/eflete/eflete-1.19.1-efl-1.20/tests/ewe_ruler_test	 0x5558e5d9e96b 0x5558e5d8f000
/home/dimmus/dev/eflete/eflete-1.19.1-efl-1.20/tests/ewe_ruler_test	 0x5558e5d97989 0x5558e5d8f000
/home/dimmus/dev/eflete/eflete-1.19.1-efl-1.20/tests/ewe_ruler_test	 0x5558e5da46b6 0x5558e5d8f000
/home/dimmus/dev/eflete/eflete-1.19.1-efl-1.20/tests/ewe_ruler_test	 0x5558e5d94c57 0x5558e5d8f000
/lib/x86_64-linux-gnu/libc.so.6	 0x7fd4c65d6083 0x7fd4c65b2000
/home/dimmus/dev/eflete/eflete-1.19.1-efl-1.20/tests/ewe_ruler_test	 0x5558e5d94cae 0x5558e5d8f000
EOF

ERR<642707>:ecore_system_upower modules/ecore/system/upower/ecore_system_upower.c:288 _daemon_version_get_cb() Message error org.enlightenment.DBus.Canceled - Canceled by user.
## Copy & Paste the below (until EOF) into a terminal, then hit Enter

eina_btlog << EOF
/usr/local/lib/libeina.so.1	 0x7fd4c694c8ac 0x7fd4c6922000
/usr/local/lib/libeina.so.1	 0x7fd4c694d5e1 0x7fd4c6922000
/usr/local/lib/libeina.so.1	 0x7fd4c694e9f5 0x7fd4c6922000
/usr/local/lib/ecore/system/upower/v-1.20/module.so	 0x7fd4c71afa55 0x7fd4c71ae000
/usr/local/lib/libeldbus.so.1	 0x7fd4c64f6d5f 0x7fd4c64e0000
/usr/local/lib/libeldbus.so.1	 0x7fd4c64eb77d 0x7fd4c64e0000
/usr/local/lib/libeldbus.so.1	 0x7fd4c64ebb6f 0x7fd4c64e0000
/usr/local/lib/libeldbus.so.1	 0x7fd4c64efac0 0x7fd4c64e0000
/usr/local/lib/libeldbus.so.1	 0x7fd4c64f4c9e 0x7fd4c64e0000
/usr/local/lib/libeldbus.so.1	 0x7fd4c64f5d1b 0x7fd4c64e0000
/usr/local/lib/ecore/system/upower/v-1.20/module.so	 0x7fd4c71af609 0x7fd4c71ae000
/usr/local/lib/libeina.so.1	 0x7fd4c6957ece 0x7fd4c6922000
/usr/local/lib/libeina.so.1	 0x7fd4c6957f38 0x7fd4c6922000
/usr/local/lib/libeina.so.1	 0x7fd4c69587d5 0x7fd4c6922000
/usr/local/lib/libecore.so.1	 0x7fd4c69d8ab1 0x7fd4c69c6000
/usr/local/lib/libelementary.so.1	 0x7fd4c6ffc3dc 0x7fd4c6e16000
/usr/local/lib/libelementary.so.1	 0x7fd4c6ffc51a 0x7fd4c6e16000
/home/dimmus/dev/eflete/eflete-1.19.1-efl-1.20/tests/ewe_ruler_test	 0x5558e5d979d5 0x5558e5d8f000
/home/dimmus/dev/eflete/eflete-1.19.1-efl-1.20/tests/ewe_ruler_test	 0x5558e5da46b6 0x5558e5d8f000
/home/dimmus/dev/eflete/eflete-1.19.1-efl-1.20/tests/ewe_ruler_test	 0x5558e5d94c57 0x5558e5d8f000
/lib/x86_64-linux-gnu/libc.so.6	 0x7fd4c65d6083 0x7fd4c65b2000
/home/dimmus/dev/eflete/eflete-1.19.1-efl-1.20/tests/ewe_ruler_test	 0x5558e5d94cae 0x5558e5d8f000
EOF

[7;32m============================= ewe_ruler_marker_style_get_test_p ==================================================================[0m


[7;32m============================= ewe_ruler_marker_style_get_test_n ==================================================================[0m


ERR<642717>: ../../src/bin/external/syntax_color.c:108 color_load() Failed to open color data file "/themes/default/color/color.eet"
## Copy & Paste the below (until EOF) into a terminal, then hit Enter

eina_btlog << EOF
/usr/local/lib/libeina.so.1	 0x7fd4c694c8ac 0x7fd4c6922000
/usr/local/lib/libeina.so.1	 0x7fd4c694d5e1 0x7fd4c6922000
/usr/local/lib/libeina.so.1	 0x7fd4c694e9f5 0x7fd4c6922000
/home/dimmus/dev/eflete/eflete-1.19.1-efl-1.20/tests/ewe_ruler_test	 0x5558e5d9ac52 0x5558e5d8f000
/home/dimmus/dev/eflete/eflete-1.19.1-efl-1.20/tests/ewe_ruler_test	 0x5558e5d9b24b 0x5558e5d8f000
/usr/local/lib/libecore.so.1	 0x7fd4c69fa5c8 0x7fd4c69c6000
/usr/local/lib/libecore.so.1	 0x7fd4c69fa71d 0x7fd4c69c6000
/usr/local/lib/libeina.so.1	 0x7fd4c69659b4 0x7fd4c6922000
/lib/x86_64-linux-gnu/libpthread.so.0	 0x7fd4c6907609 0x7fd4c68ff000
/lib/x86_64-linux-gnu/libc.so.6	 0x7fd4c66d1133 0x7fd4c65b2000
EOF

ERR<642717>:eina_safety lib/efreet/efreet_utils.c:251 efreet_util_desktop_exec_find() safety check failed: exec == NULL
## Copy & Paste the below (until EOF) into a terminal, then hit Enter

eina_btlog << EOF
/usr/local/lib/libeina.so.1	 0x7fd4c694c8ac 0x7fd4c6922000
/usr/local/lib/libeina.so.1	 0x7fd4c694d5e1 0x7fd4c6922000
/usr/local/lib/libeina.so.1	 0x7fd4c694e9f5 0x7fd4c6922000
/usr/local/lib/libeina.so.1	 0x7fd4c695db62 0x7fd4c6922000
/usr/local/lib/libefreet.so.1	 0x7fd4c6a7a969 0x7fd4c6a62000
/usr/local/lib/libelementary.so.1	 0x7fd4c70a4c0d 0x7fd4c6e16000
/usr/local/lib/libelementary.so.1	 0x7fd4c70a4ed4 0x7fd4c6e16000
/usr/local/lib/libeo.so.1	 0x7fd4c69b8b05 0x7fd4c69a8000
/usr/local/lib/libeo.so.1	 0x7fd4c69b13df 0x7fd4c69a8000
/usr/local/lib/libelementary.so.1	 0x7fd4c709fd67 0x7fd4c6e16000
/home/dimmus/dev/eflete/eflete-1.19.1-efl-1.20/tests/ewe_ruler_test	 0x5558e5d97b1f 0x5558e5d8f000
/home/dimmus/dev/eflete/eflete-1.19.1-efl-1.20/tests/ewe_ruler_test	 0x5558e5da46b6 0x5558e5d8f000
/home/dimmus/dev/eflete/eflete-1.19.1-efl-1.20/tests/ewe_ruler_test	 0x5558e5d94c57 0x5558e5d8f000
/lib/x86_64-linux-gnu/libc.so.6	 0x7fd4c65d6083 0x7fd4c65b2000
/home/dimmus/dev/eflete/eflete-1.19.1-efl-1.20/tests/ewe_ruler_test	 0x5558e5d94cae 0x5558e5d8f000
EOF

ERR<642717>:eina_safety lib/eina/eina_file_common.c:521 eina_file_close() safety check failed: file == NULL
## Copy & Paste the below (until EOF) into a terminal, then hit Enter

eina_btlog << EOF
/usr/local/lib/libeina.so.1	 0x7fd4c694c8ac 0x7fd4c6922000
/usr/local/lib/libeina.so.1	 0x7fd4c694d5e1 0x7fd4c6922000
/usr/local/lib/libeina.so.1	 0x7fd4c694e9f5 0x7fd4c6922000
/usr/local/lib/libeina.so.1	 0x7fd4c695db62 0x7fd4c6922000
/usr/local/lib/libedje.so.1	 0x7fd4c6dc8709 0x7fd4c6d0e000
/usr/local/lib/libefl.so.1	 0x7fd4c5bf8d87 0x7fd4c5be6000
/usr/local/lib/libelementary.so.1	 0x7fd4c6fe81c9 0x7fd4c6e16000
/usr/local/lib/libefl.so.1	 0x7fd4c5bf8d87 0x7fd4c5be6000
/home/dimmus/dev/eflete/eflete-1.19.1-efl-1.20/tests/ewe_ruler_test	 0x5558e5d9f0d1 0x5558e5d8f000
/home/dimmus/dev/eflete/eflete-1.19.1-efl-1.20/tests/ewe_ruler_test	 0x5558e5d9e96b 0x5558e5d8f000
/home/dimmus/dev/eflete/eflete-1.19.1-efl-1.20/tests/ewe_ruler_test	 0x5558e5d97b37 0x5558e5d8f000
/home/dimmus/dev/eflete/eflete-1.19.1-efl-1.20/tests/ewe_ruler_test	 0x5558e5da46b6 0x5558e5d8f000
/home/dimmus/dev/eflete/eflete-1.19.1-efl-1.20/tests/ewe_ruler_test	 0x5558e5d94c57 0x5558e5d8f000
/lib/x86_64-linux-gnu/libc.so.6	 0x7fd4c65d6083 0x7fd4c65b2000
/home/dimmus/dev/eflete/eflete-1.19.1-efl-1.20/tests/ewe_ruler_test	 0x5558e5d94cae 0x5558e5d8f000
EOF

ERR<642717>:elementary lib/elementary/elm_layout.c:883 _elm_layout_efl_file_file_set() failed to set edje file '(null)', group 'ewe/ruler/marker/vertical/default': File Does Not Exist
## Copy & Paste the below (until EOF) into a terminal, then hit Enter

eina_btlog << EOF
/usr/local/lib/libeina.so.1	 0x7fd4c694c8ac 0x7fd4c6922000
/usr/local/lib/libeina.so.1	 0x7fd4c694d5e1 0x7fd4c6922000
/usr/local/lib/libeina.so.1	 0x7fd4c694e9f5 0x7fd4c6922000
/usr/local/lib/libelementary.so.1	 0x7fd4c6fe8219 0x7fd4c6e16000
/usr/local/lib/libefl.so.1	 0x7fd4c5bf8d87 0x7fd4c5be6000
/home/dimmus/dev/eflete/eflete-1.19.1-efl-1.20/tests/ewe_ruler_test	 0x5558e5d9f0d1 0x5558e5d8f000
/home/dimmus/dev/eflete/eflete-1.19.1-efl-1.20/tests/ewe_ruler_test	 0x5558e5d9e96b 0x5558e5d8f000
/home/dimmus/dev/eflete/eflete-1.19.1-efl-1.20/tests/ewe_ruler_test	 0x5558e5d97b37 0x5558e5d8f000
/home/dimmus/dev/eflete/eflete-1.19.1-efl-1.20/tests/ewe_ruler_test	 0x5558e5da46b6 0x5558e5d8f000
/home/dimmus/dev/eflete/eflete-1.19.1-efl-1.20/tests/ewe_ruler_test	 0x5558e5d94c57 0x5558e5d8f000
/lib/x86_64-linux-gnu/libc.so.6	 0x7fd4c65d6083 0x7fd4c65b2000
/home/dimmus/dev/eflete/eflete-1.19.1-efl-1.20/tests/ewe_ruler_test	 0x5558e5d94cae 0x5558e5d8f000
EOF

ERR<642717>:eina_safety lib/eina/eina_file_common.c:521 eina_file_close() safety check failed: file == NULL
## Copy & Paste the below (until EOF) into a terminal, then hit Enter

eina_btlog << EOF
/usr/local/lib/libeina.so.1	 0x7fd4c694c8ac 0x7fd4c6922000
/usr/local/lib/libeina.so.1	 0x7fd4c694d5e1 0x7fd4c6922000
/usr/local/lib/libeina.so.1	 0x7fd4c694e9f5 0x7fd4c6922000
/usr/local/lib/libeina.so.1	 0x7fd4c695db62 0x7fd4c6922000
/usr/local/lib/libedje.so.1	 0x7fd4c6dc8709 0x7fd4c6d0e000
/usr/local/lib/libefl.so.1	 0x7fd4c5bf8d87 0x7fd4c5be6000
/usr/local/lib/libelementary.so.1	 0x7fd4c6fe81c9 0x7fd4c6e16000
/usr/local/lib/libefl.so.1	 0x7fd4c5bf8d87 0x7fd4c5be6000
/home/dimmus/dev/eflete/eflete-1.19.1-efl-1.20/tests/ewe_ruler_test	 0x5558e5d9facf 0x5558e5d8f000
/home/dimmus/dev/eflete/eflete-1.19.1-efl-1.20/tests/ewe_ruler_test	 0x5558e5d9deb7 0x5558e5d8f000
/home/dimmus/dev/eflete/eflete-1.19.1-efl-1.20/tests/ewe_ruler_test	 0x5558e5d97b4c 0x5558e5d8f000
/home/dimmus/dev/eflete/eflete-1.19.1-efl-1.20/tests/ewe_ruler_test	 0x5558e5da46b6 0x5558e5d8f000
/home/dimmus/dev/eflete/eflete-1.19.1-efl-1.20/tests/ewe_ruler_test	 0x5558e5d94c57 0x5558e5d8f000
/lib/x86_64-linux-gnu/libc.so.6	 0x7fd4c65d6083 0x7fd4c65b2000
/home/dimmus/dev/eflete/eflete-1.19.1-efl-1.20/tests/ewe_ruler_test	 0x5558e5d94cae 0x5558e5d8f000
EOF

ERR<642717>:elementary lib/elementary/elm_layout.c:883 _elm_layout_efl_file_file_set() failed to set edje file '(null)', group 'ewe/ruler/marker/vertical/pointer': File Does Not Exist
## Copy & Paste the below (until EOF) into a terminal, then hit Enter

eina_btlog << EOF
/usr/local/lib/libeina.so.1	 0x7fd4c694c8ac 0x7fd4c6922000
/usr/local/lib/libeina.so.1	 0x7fd4c694d5e1 0x7fd4c6922000
/usr/local/lib/libeina.so.1	 0x7fd4c694e9f5 0x7fd4c6922000
/usr/local/lib/libelementary.so.1	 0x7fd4c6fe8219 0x7fd4c6e16000
/usr/local/lib/libefl.so.1	 0x7fd4c5bf8d87 0x7fd4c5be6000
/home/dimmus/dev/eflete/eflete-1.19.1-efl-1.20/tests/ewe_ruler_test	 0x5558e5d9facf 0x5558e5d8f000
/home/dimmus/dev/eflete/eflete-1.19.1-efl-1.20/tests/ewe_ruler_test	 0x5558e5d9deb7 0x5558e5d8f000
/home/dimmus/dev/eflete/eflete-1.19.1-efl-1.20/tests/ewe_ruler_test	 0x5558e5d97b4c 0x5558e5d8f000
/home/dimmus/dev/eflete/eflete-1.19.1-efl-1.20/tests/ewe_ruler_test	 0x5558e5da46b6 0x5558e5d8f000
/home/dimmus/dev/eflete/eflete-1.19.1-efl-1.20/tests/ewe_ruler_test	 0x5558e5d94c57 0x5558e5d8f000
/lib/x86_64-linux-gnu/libc.so.6	 0x7fd4c65d6083 0x7fd4c65b2000
/home/dimmus/dev/eflete/eflete-1.19.1-efl-1.20/tests/ewe_ruler_test	 0x5558e5d94cae 0x5558e5d8f000
EOF

ERR<642717>:eina_safety lib/eina/eina_file_common.c:521 eina_file_close() safety check failed: file == NULL
## Copy & Paste the below (until EOF) into a terminal, then hit Enter

eina_btlog << EOF
/usr/local/lib/libeina.so.1	 0x7fd4c694c8ac 0x7fd4c6922000
/usr/local/lib/libeina.so.1	 0x7fd4c694d5e1 0x7fd4c6922000
/usr/local/lib/libeina.so.1	 0x7fd4c694e9f5 0x7fd4c6922000
/usr/local/lib/libeina.so.1	 0x7fd4c695db62 0x7fd4c6922000
/usr/local/lib/libedje.so.1	 0x7fd4c6dc8709 0x7fd4c6d0e000
/usr/local/lib/libefl.so.1	 0x7fd4c5bf8d87 0x7fd4c5be6000
/usr/local/lib/libelementary.so.1	 0x7fd4c6fe81c9 0x7fd4c6e16000
/usr/local/lib/libefl.so.1	 0x7fd4c5bf8d87 0x7fd4c5be6000
/home/dimmus/dev/eflete/eflete-1.19.1-efl-1.20/tests/ewe_ruler_test	 0x5558e5d9facf 0x5558e5d8f000
/home/dimmus/dev/eflete/eflete-1.19.1-efl-1.20/tests/ewe_ruler_test	 0x5558e5d9deb7 0x5558e5d8f000
/home/dimmus/dev/eflete/eflete-1.19.1-efl-1.20/tests/ewe_ruler_test	 0x5558e5d97bb5 0x5558e5d8f000
/home/dimmus/dev/eflete/eflete-1.19.1-efl-1.20/tests/ewe_ruler_test	 0x5558e5da46b6 0x5558e5d8f000
/home/dimmus/dev/eflete/eflete-1.19.1-efl-1.20/tests/ewe_ruler_test	 0x5558e5d94c57 0x5558e5d8f000
/lib/x86_64-linux-gnu/libc.so.6	 0x7fd4c65d6083 0x7fd4c65b2000
/home/dimmus/dev/eflete/eflete-1.19.1-efl-1.20/tests/ewe_ruler_test	 0x5558e5d94cae 0x5558e5d8f000
EOF

ERR<642717>:elementary lib/elementary/elm_layout.c:883 _elm_layout_efl_file_file_set() failed to set edje file '(null)', group 'ewe/ruler/marker/vertical/default': File Does Not Exist
## Copy & Paste the below (until EOF) into a terminal, then hit Enter

eina_btlog << EOF
/usr/local/lib/libeina.so.1	 0x7fd4c694c8ac 0x7fd4c6922000
/usr/local/lib/libeina.so.1	 0x7fd4c694d5e1 0x7fd4c6922000
/usr/local/lib/libeina.so.1	 0x7fd4c694e9f5 0x7fd4c6922000
/usr/local/lib/libelementary.so.1	 0x7fd4c6fe8219 0x7fd4c6e16000
/usr/local/lib/libefl.so.1	 0x7fd4c5bf8d87 0x7fd4c5be6000
/home/dimmus/dev/eflete/eflete-1.19.1-efl-1.20/tests/ewe_ruler_test	 0x5558e5d9facf 0x5558e5d8f000
/home/dimmus/dev/eflete/eflete-1.19.1-efl-1.20/tests/ewe_ruler_test	 0x5558e5d9deb7 0x5558e5d8f000
/home/dimmus/dev/eflete/eflete-1.19.1-efl-1.20/tests/ewe_ruler_test	 0x5558e5d97bb5 0x5558e5d8f000
/home/dimmus/dev/eflete/eflete-1.19.1-efl-1.20/tests/ewe_ruler_test	 0x5558e5da46b6 0x5558e5d8f000
/home/dimmus/dev/eflete/eflete-1.19.1-efl-1.20/tests/ewe_ruler_test	 0x5558e5d94c57 0x5558e5d8f000
/lib/x86_64-linux-gnu/libc.so.6	 0x7fd4c65d6083 0x7fd4c65b2000
/home/dimmus/dev/eflete/eflete-1.19.1-efl-1.20/tests/ewe_ruler_test	 0x5558e5d94cae 0x5558e5d8f000
EOF

ERR<642717>:ecore_system_upower modules/ecore/system/upower/ecore_system_upower.c:288 _daemon_version_get_cb() Message error org.enlightenment.DBus.Canceled - Canceled by user.
## Copy & Paste the below (until EOF) into a terminal, then hit Enter

eina_btlog << EOF
/usr/local/lib/libeina.so.1	 0x7fd4c694c8ac 0x7fd4c6922000
/usr/local/lib/libeina.so.1	 0x7fd4c694d5e1 0x7fd4c6922000
/usr/local/lib/libeina.so.1	 0x7fd4c694e9f5 0x7fd4c6922000
/usr/local/lib/ecore/system/upower/v-1.20/module.so	 0x7fd4c71afa55 0x7fd4c71ae000
/usr/local/lib/libeldbus.so.1	 0x7fd4c64f6d5f 0x7fd4c64e0000
/usr/local/lib/libeldbus.so.1	 0x7fd4c64eb77d 0x7fd4c64e0000
/usr/local/lib/libeldbus.so.1	 0x7fd4c64ebb6f 0x7fd4c64e0000
/usr/local/lib/libeldbus.so.1	 0x7fd4c64efac0 0x7fd4c64e0000
/usr/local/lib/libeldbus.so.1	 0x7fd4c64f4c9e 0x7fd4c64e0000
/usr/local/lib/libeldbus.so.1	 0x7fd4c64f5d1b 0x7fd4c64e0000
/usr/local/lib/ecore/system/upower/v-1.20/module.so	 0x7fd4c71af609 0x7fd4c71ae000
/usr/local/lib/libeina.so.1	 0x7fd4c6957ece 0x7fd4c6922000
/usr/local/lib/libeina.so.1	 0x7fd4c6957f38 0x7fd4c6922000
/usr/local/lib/libeina.so.1	 0x7fd4c69587d5 0x7fd4c6922000
/usr/local/lib/libecore.so.1	 0x7fd4c69d8ab1 0x7fd4c69c6000
/usr/local/lib/libelementary.so.1	 0x7fd4c6ffc3dc 0x7fd4c6e16000
/usr/local/lib/libelementary.so.1	 0x7fd4c6ffc51a 0x7fd4c6e16000
/home/dimmus/dev/eflete/eflete-1.19.1-efl-1.20/tests/ewe_ruler_test	 0x5558e5d97c1a 0x5558e5d8f000
/home/dimmus/dev/eflete/eflete-1.19.1-efl-1.20/tests/ewe_ruler_test	 0x5558e5da46b6 0x5558e5d8f000
/home/dimmus/dev/eflete/eflete-1.19.1-efl-1.20/tests/ewe_ruler_test	 0x5558e5d94c57 0x5558e5d8f000
/lib/x86_64-linux-gnu/libc.so.6	 0x7fd4c65d6083 0x7fd4c65b2000
/home/dimmus/dev/eflete/eflete-1.19.1-efl-1.20/tests/ewe_ruler_test	 0x5558e5d94cae 0x5558e5d8f000
EOF

[7;32m============================= ewe_ruler_marker_style_set_test_p ==================================================================[0m


[7;32m============================= ewe_ruler_marker_style_set_test_n ==================================================================[0m


ERR<642727>: ../../src/bin/external/syntax_color.c:108 color_load() Failed to open color data file "/themes/default/color/color.eet"
## Copy & Paste the below (until EOF) into a terminal, then hit Enter

eina_btlog << EOF
/usr/local/lib/libeina.so.1	 0x7fd4c694c8ac 0x7fd4c6922000
/usr/local/lib/libeina.so.1	 0x7fd4c694d5e1 0x7fd4c6922000
/usr/local/lib/libeina.so.1	 0x7fd4c694e9f5 0x7fd4c6922000
/home/dimmus/dev/eflete/eflete-1.19.1-efl-1.20/tests/ewe_ruler_test	 0x5558e5d9ac52 0x5558e5d8f000
/home/dimmus/dev/eflete/eflete-1.19.1-efl-1.20/tests/ewe_ruler_test	 0x5558e5d9b24b 0x5558e5d8f000
/usr/local/lib/libecore.so.1	 0x7fd4c69fa5c8 0x7fd4c69c6000
/usr/local/lib/libecore.so.1	 0x7fd4c69fa71d 0x7fd4c69c6000
/usr/local/lib/libeina.so.1	 0x7fd4c69659b4 0x7fd4c6922000
/lib/x86_64-linux-gnu/libpthread.so.0	 0x7fd4c6907609 0x7fd4c68ff000
/lib/x86_64-linux-gnu/libc.so.6	 0x7fd4c66d1133 0x7fd4c65b2000
EOF

ERR<642727>:eina_safety lib/efreet/efreet_utils.c:251 efreet_util_desktop_exec_find() safety check failed: exec == NULL
## Copy & Paste the below (until EOF) into a terminal, then hit Enter

eina_btlog << EOF
/usr/local/lib/libeina.so.1	 0x7fd4c694c8ac 0x7fd4c6922000
/usr/local/lib/libeina.so.1	 0x7fd4c694d5e1 0x7fd4c6922000
/usr/local/lib/libeina.so.1	 0x7fd4c694e9f5 0x7fd4c6922000
/usr/local/lib/libeina.so.1	 0x7fd4c695db62 0x7fd4c6922000
/usr/local/lib/libefreet.so.1	 0x7fd4c6a7a969 0x7fd4c6a62000
/usr/local/lib/libelementary.so.1	 0x7fd4c70a4c0d 0x7fd4c6e16000
/usr/local/lib/libelementary.so.1	 0x7fd4c70a4ed4 0x7fd4c6e16000
/usr/local/lib/libeo.so.1	 0x7fd4c69b8b05 0x7fd4c69a8000
/usr/local/lib/libeo.so.1	 0x7fd4c69b13df 0x7fd4c69a8000
/usr/local/lib/libelementary.so.1	 0x7fd4c709fd67 0x7fd4c6e16000
/home/dimmus/dev/eflete/eflete-1.19.1-efl-1.20/tests/ewe_ruler_test	 0x5558e5d97df1 0x5558e5d8f000
/home/dimmus/dev/eflete/eflete-1.19.1-efl-1.20/tests/ewe_ruler_test	 0x5558e5da46b6 0x5558e5d8f000
/home/dimmus/dev/eflete/eflete-1.19.1-efl-1.20/tests/ewe_ruler_test	 0x5558e5d94c57 0x5558e5d8f000
/lib/x86_64-linux-gnu/libc.so.6	 0x7fd4c65d6083 0x7fd4c65b2000
/home/dimmus/dev/eflete/eflete-1.19.1-efl-1.20/tests/ewe_ruler_test	 0x5558e5d94cae 0x5558e5d8f000
EOF

ERR<642727>:eina_safety lib/eina/eina_file_common.c:521 eina_file_close() safety check failed: file == NULL
## Copy & Paste the below (until EOF) into a terminal, then hit Enter

eina_btlog << EOF
/usr/local/lib/libeina.so.1	 0x7fd4c694c8ac 0x7fd4c6922000
/usr/local/lib/libeina.so.1	 0x7fd4c694d5e1 0x7fd4c6922000
/usr/local/lib/libeina.so.1	 0x7fd4c694e9f5 0x7fd4c6922000
/usr/local/lib/libeina.so.1	 0x7fd4c695db62 0x7fd4c6922000
/usr/local/lib/libedje.so.1	 0x7fd4c6dc8709 0x7fd4c6d0e000
/usr/local/lib/libefl.so.1	 0x7fd4c5bf8d87 0x7fd4c5be6000
/usr/local/lib/libelementary.so.1	 0x7fd4c6fe81c9 0x7fd4c6e16000
/usr/local/lib/libefl.so.1	 0x7fd4c5bf8d87 0x7fd4c5be6000
/home/dimmus/dev/eflete/eflete-1.19.1-efl-1.20/tests/ewe_ruler_test	 0x5558e5d9f0d1 0x5558e5d8f000
/home/dimmus/dev/eflete/eflete-1.19.1-efl-1.20/tests/ewe_ruler_test	 0x5558e5d9e96b 0x5558e5d8f000
/home/dimmus/dev/eflete/eflete-1.19.1-efl-1.20/tests/ewe_ruler_test	 0x5558e5d97e09 0x5558e5d8f000
/home/dimmus/dev/eflete/eflete-1.19.1-efl-1.20/tests/ewe_ruler_test	 0x5558e5da46b6 0x5558e5d8f000
/home/dimmus/dev/eflete/eflete-1.19.1-efl-1.20/tests/ewe_ruler_test	 0x5558e5d94c57 0x5558e5d8f000
/lib/x86_64-linux-gnu/libc.so.6	 0x7fd4c65d6083 0x7fd4c65b2000
/home/dimmus/dev/eflete/eflete-1.19.1-efl-1.20/tests/ewe_ruler_test	 0x5558e5d94cae 0x5558e5d8f000
EOF

ERR<642727>:elementary lib/elementary/elm_layout.c:883 _elm_layout_efl_file_file_set() failed to set edje file '(null)', group 'ewe/ruler/marker/vertical/default': File Does Not Exist
## Copy & Paste the below (until EOF) into a terminal, then hit Enter

eina_btlog << EOF
/usr/local/lib/libeina.so.1	 0x7fd4c694c8ac 0x7fd4c6922000
/usr/local/lib/libeina.so.1	 0x7fd4c694d5e1 0x7fd4c6922000
/usr/local/lib/libeina.so.1	 0x7fd4c694e9f5 0x7fd4c6922000
/usr/local/lib/libelementary.so.1	 0x7fd4c6fe8219 0x7fd4c6e16000
/usr/local/lib/libefl.so.1	 0x7fd4c5bf8d87 0x7fd4c5be6000
/home/dimmus/dev/eflete/eflete-1.19.1-efl-1.20/tests/ewe_ruler_test	 0x5558e5d9f0d1 0x5558e5d8f000
/home/dimmus/dev/eflete/eflete-1.19.1-efl-1.20/tests/ewe_ruler_test	 0x5558e5d9e96b 0x5558e5d8f000
/home/dimmus/dev/eflete/eflete-1.19.1-efl-1.20/tests/ewe_ruler_test	 0x5558e5d97e09 0x5558e5d8f000
/home/dimmus/dev/eflete/eflete-1.19.1-efl-1.20/tests/ewe_ruler_test	 0x5558e5da46b6 0x5558e5d8f000
/home/dimmus/dev/eflete/eflete-1.19.1-efl-1.20/tests/ewe_ruler_test	 0x5558e5d94c57 0x5558e5d8f000
/lib/x86_64-linux-gnu/libc.so.6	 0x7fd4c65d6083 0x7fd4c65b2000
/home/dimmus/dev/eflete/eflete-1.19.1-efl-1.20/tests/ewe_ruler_test	 0x5558e5d94cae 0x5558e5d8f000
EOF

ERR<642727>:ecore_system_upower modules/ecore/system/upower/ecore_system_upower.c:288 _daemon_version_get_cb() Message error org.enlightenment.DBus.Canceled - Canceled by user.
## Copy & Paste the below (until EOF) into a terminal, then hit Enter

eina_btlog << EOF
/usr/local/lib/libeina.so.1	 0x7fd4c694c8ac 0x7fd4c6922000
/usr/local/lib/libeina.so.1	 0x7fd4c694d5e1 0x7fd4c6922000
/usr/local/lib/libeina.so.1	 0x7fd4c694e9f5 0x7fd4c6922000
/usr/local/lib/ecore/system/upower/v-1.20/module.so	 0x7fd4c71afa55 0x7fd4c71ae000
/usr/local/lib/libeldbus.so.1	 0x7fd4c64f6d5f 0x7fd4c64e0000
/usr/local/lib/libeldbus.so.1	 0x7fd4c64eb77d 0x7fd4c64e0000
/usr/local/lib/libeldbus.so.1	 0x7fd4c64ebb6f 0x7fd4c64e0000
/usr/local/lib/libeldbus.so.1	 0x7fd4c64efac0 0x7fd4c64e0000
/usr/local/lib/libeldbus.so.1	 0x7fd4c64f4c9e 0x7fd4c64e0000
/usr/local/lib/libeldbus.so.1	 0x7fd4c64f5d1b 0x7fd4c64e0000
/usr/local/lib/ecore/system/upower/v-1.20/module.so	 0x7fd4c71af609 0x7fd4c71ae000
/usr/local/lib/libeina.so.1	 0x7fd4c6957ece 0x7fd4c6922000
/usr/local/lib/libeina.so.1	 0x7fd4c6957f38 0x7fd4c6922000
/usr/local/lib/libeina.so.1	 0x7fd4c69587d5 0x7fd4c6922000
/usr/local/lib/libecore.so.1	 0x7fd4c69d8ab1 0x7fd4c69c6000
/usr/local/lib/libelementary.so.1	 0x7fd4c6ffc3dc 0x7fd4c6e16000
/usr/local/lib/libelementary.so.1	 0x7fd4c6ffc51a 0x7fd4c6e16000
/home/dimmus/dev/eflete/eflete-1.19.1-efl-1.20/tests/ewe_ruler_test	 0x5558e5d97e3b 0x5558e5d8f000
/home/dimmus/dev/eflete/eflete-1.19.1-efl-1.20/tests/ewe_ruler_test	 0x5558e5da46b6 0x5558e5d8f000
/home/dimmus/dev/eflete/eflete-1.19.1-efl-1.20/tests/ewe_ruler_test	 0x5558e5d94c57 0x5558e5d8f000
/lib/x86_64-linux-gnu/libc.so.6	 0x7fd4c65d6083 0x7fd4c65b2000
/home/dimmus/dev/eflete/eflete-1.19.1-efl-1.20/tests/ewe_ruler_test	 0x5558e5d94cae 0x5558e5d8f000
EOF

[7;32m============================= ewe_ruler_marker_absolute_get_test_p ==================================================================[0m


ERR<642732>: ../../src/bin/external/syntax_color.c:108 color_load() Failed to open color data file "/themes/default/color/color.eet"
## Copy & Paste the below (until EOF) into a terminal, then hit Enter

eina_btlog << EOF
/usr/local/lib/libeina.so.1	 0x7fd4c694c8ac 0x7fd4c6922000
/usr/local/lib/libeina.so.1	 0x7fd4c694d5e1 0x7fd4c6922000
/usr/local/lib/libeina.so.1	 0x7fd4c694e9f5 0x7fd4c6922000
/home/dimmus/dev/eflete/eflete-1.19.1-efl-1.20/tests/ewe_ruler_test	 0x5558e5d9ac52 0x5558e5d8f000
/home/dimmus/dev/eflete/eflete-1.19.1-efl-1.20/tests/ewe_ruler_test	 0x5558e5d9b24b 0x5558e5d8f000
/usr/local/lib/libecore.so.1	 0x7fd4c69fa5c8 0x7fd4c69c6000
/usr/local/lib/libecore.so.1	 0x7fd4c69fa71d 0x7fd4c69c6000
/usr/local/lib/libeina.so.1	 0x7fd4c69659b4 0x7fd4c6922000
/lib/x86_64-linux-gnu/libpthread.so.0	 0x7fd4c6907609 0x7fd4c68ff000
/lib/x86_64-linux-gnu/libc.so.6	 0x7fd4c66d1133 0x7fd4c65b2000
EOF

ERR<642732>:eina_safety lib/efreet/efreet_utils.c:251 efreet_util_desktop_exec_find() safety check failed: exec == NULL
## Copy & Paste the below (until EOF) into a terminal, then hit Enter

eina_btlog << EOF
/usr/local/lib/libeina.so.1	 0x7fd4c694c8ac 0x7fd4c6922000
/usr/local/lib/libeina.so.1	 0x7fd4c694d5e1 0x7fd4c6922000
/usr/local/lib/libeina.so.1	 0x7fd4c694e9f5 0x7fd4c6922000
/usr/local/lib/libeina.so.1	 0x7fd4c695db62 0x7fd4c6922000
/usr/local/lib/libefreet.so.1	 0x7fd4c6a7a969 0x7fd4c6a62000
/usr/local/lib/libelementary.so.1	 0x7fd4c70a4c0d 0x7fd4c6e16000
/usr/local/lib/libelementary.so.1	 0x7fd4c70a4ed4 0x7fd4c6e16000
/usr/local/lib/libeo.so.1	 0x7fd4c69b8b05 0x7fd4c69a8000
/usr/local/lib/libeo.so.1	 0x7fd4c69b13df 0x7fd4c69a8000
/usr/local/lib/libelementary.so.1	 0x7fd4c709fd67 0x7fd4c6e16000
/home/dimmus/dev/eflete/eflete-1.19.1-efl-1.20/tests/ewe_ruler_test	 0x5558e5d97ecb 0x5558e5d8f000
/home/dimmus/dev/eflete/eflete-1.19.1-efl-1.20/tests/ewe_ruler_test	 0x5558e5da46b6 0x5558e5d8f000
/home/dimmus/dev/eflete/eflete-1.19.1-efl-1.20/tests/ewe_ruler_test	 0x5558e5d94c57 0x5558e5d8f000
/lib/x86_64-linux-gnu/libc.so.6	 0x7fd4c65d6083 0x7fd4c65b2000
/home/dimmus/dev/eflete/eflete-1.19.1-efl-1.20/tests/ewe_ruler_test	 0x5558e5d94cae 0x5558e5d8f000
EOF

ERR<642732>:eina_safety lib/eina/eina_file_common.c:521 eina_file_close() safety check failed: file == NULL
## Copy & Paste the below (until EOF) into a terminal, then hit Enter

eina_btlog << EOF
/usr/local/lib/libeina.so.1	 0x7fd4c694c8ac 0x7fd4c6922000
/usr/local/lib/libeina.so.1	 0x7fd4c694d5e1 0x7fd4c6922000
/usr/local/lib/libeina.so.1	 0x7fd4c694e9f5 0x7fd4c6922000
/usr/local/lib/libeina.so.1	 0x7fd4c695db62 0x7fd4c6922000
/usr/local/lib/libedje.so.1	 0x7fd4c6dc8709 0x7fd4c6d0e000
/usr/local/lib/libefl.so.1	 0x7fd4c5bf8d87 0x7fd4c5be6000
/usr/local/lib/libelementary.so.1	 0x7fd4c6fe81c9 0x7fd4c6e16000
/usr/local/lib/libefl.so.1	 0x7fd4c5bf8d87 0x7fd4c5be6000
/home/dimmus/dev/eflete/eflete-1.19.1-efl-1.20/tests/ewe_ruler_test	 0x5558e5d9f0d1 0x5558e5d8f000
/home/dimmus/dev/eflete/eflete-1.19.1-efl-1.20/tests/ewe_ruler_test	 0x5558e5d9e96b 0x5558e5d8f000
/home/dimmus/dev/eflete/eflete-1.19.1-efl-1.20/tests/ewe_ruler_test	 0x5558e5d97ee0 0x5558e5d8f000
/home/dimmus/dev/eflete/eflete-1.19.1-efl-1.20/tests/ewe_ruler_test	 0x5558e5da46b6 0x5558e5d8f000
/home/dimmus/dev/eflete/eflete-1.19.1-efl-1.20/tests/ewe_ruler_test	 0x5558e5d94c57 0x5558e5d8f000
/lib/x86_64-linux-gnu/libc.so.6	 0x7fd4c65d6083 0x7fd4c65b2000
/home/dimmus/dev/eflete/eflete-1.19.1-efl-1.20/tests/ewe_ruler_test	 0x5558e5d94cae 0x5558e5d8f000
EOF

ERR<642732>:elementary lib/elementary/elm_layout.c:883 _elm_layout_efl_file_file_set() failed to set edje file '(null)', group 'ewe/ruler/marker/vertical/default': File Does Not Exist
## Copy & Paste the below (until EOF) into a terminal, then hit Enter

eina_btlog << EOF
/usr/local/lib/libeina.so.1	 0x7fd4c694c8ac 0x7fd4c6922000
/usr/local/lib/libeina.so.1	 0x7fd4c694d5e1 0x7fd4c6922000
/usr/local/lib/libeina.so.1	 0x7fd4c694e9f5 0x7fd4c6922000
/usr/local/lib/libelementary.so.1	 0x7fd4c6fe8219 0x7fd4c6e16000
/usr/local/lib/libefl.so.1	 0x7fd4c5bf8d87 0x7fd4c5be6000
/home/dimmus/dev/eflete/eflete-1.19.1-efl-1.20/tests/ewe_ruler_test	 0x5558e5d9f0d1 0x5558e5d8f000
/home/dimmus/dev/eflete/eflete-1.19.1-efl-1.20/tests/ewe_ruler_test	 0x5558e5d9e96b 0x5558e5d8f000
/home/dimmus/dev/eflete/eflete-1.19.1-efl-1.20/tests/ewe_ruler_test	 0x5558e5d97ee0 0x5558e5d8f000
/home/dimmus/dev/eflete/eflete-1.19.1-efl-1.20/tests/ewe_ruler_test	 0x5558e5da46b6 0x5558e5d8f000
/home/dimmus/dev/eflete/eflete-1.19.1-efl-1.20/tests/ewe_ruler_test	 0x5558e5d94c57 0x5558e5d8f000
/lib/x86_64-linux-gnu/libc.so.6	 0x7fd4c65d6083 0x7fd4c65b2000
/home/dimmus/dev/eflete/eflete-1.19.1-efl-1.20/tests/ewe_ruler_test	 0x5558e5d94cae 0x5558e5d8f000
EOF

ERR<642732>:ecore_system_upower modules/ecore/system/upower/ecore_system_upower.c:288 _daemon_version_get_cb() Message error org.enlightenment.DBus.Canceled - Canceled by user.
## Copy & Paste the below (until EOF) into a terminal, then hit Enter

eina_btlog << EOF
/usr/local/lib/libeina.so.1	 0x7fd4c694c8ac 0x7fd4c6922000
/usr/local/lib/libeina.so.1	 0x7fd4c694d5e1 0x7fd4c6922000
/usr/local/lib/libeina.so.1	 0x7fd4c694e9f5 0x7fd4c6922000
/usr/local/lib/ecore/system/upower/v-1.20/module.so	 0x7fd4c71afa55 0x7fd4c71ae000
/usr/local/lib/libeldbus.so.1	 0x7fd4c64f6d5f 0x7fd4c64e0000
/usr/local/lib/libeldbus.so.1	 0x7fd4c64eb77d 0x7fd4c64e0000
/usr/local/lib/libeldbus.so.1	 0x7fd4c64ebb6f 0x7fd4c64e0000
/usr/local/lib/libeldbus.so.1	 0x7fd4c64efac0 0x7fd4c64e0000
/usr/local/lib/libeldbus.so.1	 0x7fd4c64f4c9e 0x7fd4c64e0000
/usr/local/lib/libeldbus.so.1	 0x7fd4c64f5d1b 0x7fd4c64e0000
/usr/local/lib/ecore/system/upower/v-1.20/module.so	 0x7fd4c71af609 0x7fd4c71ae000
/usr/local/lib/libeina.so.1	 0x7fd4c6957ece 0x7fd4c6922000
/usr/local/lib/libeina.so.1	 0x7fd4c6957f38 0x7fd4c6922000
/usr/local/lib/libeina.so.1	 0x7fd4c69587d5 0x7fd4c6922000
/usr/local/lib/libecore.so.1	 0x7fd4c69d8ab1 0x7fd4c69c6000
/usr/local/lib/libelementary.so.1	 0x7fd4c6ffc3dc 0x7fd4c6e16000
/usr/local/lib/libelementary.so.1	 0x7fd4c6ffc51a 0x7fd4c6e16000
/home/dimmus/dev/eflete/eflete-1.19.1-efl-1.20/tests/ewe_ruler_test	 0x5558e5d97f4a 0x5558e5d8f000
/home/dimmus/dev/eflete/eflete-1.19.1-efl-1.20/tests/ewe_ruler_test	 0x5558e5da46b6 0x5558e5d8f000
/home/dimmus/dev/eflete/eflete-1.19.1-efl-1.20/tests/ewe_ruler_test	 0x5558e5d94c57 0x5558e5d8f000
/lib/x86_64-linux-gnu/libc.so.6	 0x7fd4c65d6083 0x7fd4c65b2000
/home/dimmus/dev/eflete/eflete-1.19.1-efl-1.20/tests/ewe_ruler_test	 0x5558e5d94cae 0x5558e5d8f000
EOF

[7;32m============================= ewe_ruler_marker_absolute_get_test_n ==================================================================[0m


ERR<642737>: ../../src/bin/external/syntax_color.c:108 color_load() Failed to open color data file "/themes/default/color/color.eet"
## Copy & Paste the below (until EOF) into a terminal, then hit Enter

eina_btlog << EOF
/usr/local/lib/libeina.so.1	 0x7fd4c694c8ac 0x7fd4c6922000
/usr/local/lib/libeina.so.1	 0x7fd4c694d5e1 0x7fd4c6922000
/usr/local/lib/libeina.so.1	 0x7fd4c694e9f5 0x7fd4c6922000
/home/dimmus/dev/eflete/eflete-1.19.1-efl-1.20/tests/ewe_ruler_test	 0x5558e5d9ac52 0x5558e5d8f000
/home/dimmus/dev/eflete/eflete-1.19.1-efl-1.20/tests/ewe_ruler_test	 0x5558e5d9b24b 0x5558e5d8f000
/usr/local/lib/libecore.so.1	 0x7fd4c69fa5c8 0x7fd4c69c6000
/usr/local/lib/libecore.so.1	 0x7fd4c69fa71d 0x7fd4c69c6000
/usr/local/lib/libeina.so.1	 0x7fd4c69659b4 0x7fd4c6922000
/lib/x86_64-linux-gnu/libpthread.so.0	 0x7fd4c6907609 0x7fd4c68ff000
/lib/x86_64-linux-gnu/libc.so.6	 0x7fd4c66d1133 0x7fd4c65b2000
EOF

ERR<642737>:eina_safety lib/efreet/efreet_utils.c:251 efreet_util_desktop_exec_find() safety check failed: exec == NULL
## Copy & Paste the below (until EOF) into a terminal, then hit Enter

eina_btlog << EOF
/usr/local/lib/libeina.so.1	 0x7fd4c694c8ac 0x7fd4c6922000
/usr/local/lib/libeina.so.1	 0x7fd4c694d5e1 0x7fd4c6922000
/usr/local/lib/libeina.so.1	 0x7fd4c694e9f5 0x7fd4c6922000
/usr/local/lib/libeina.so.1	 0x7fd4c695db62 0x7fd4c6922000
/usr/local/lib/libefreet.so.1	 0x7fd4c6a7a969 0x7fd4c6a62000
/usr/local/lib/libelementary.so.1	 0x7fd4c70a4c0d 0x7fd4c6e16000
/usr/local/lib/libelementary.so.1	 0x7fd4c70a4ed4 0x7fd4c6e16000
/usr/local/lib/libeo.so.1	 0x7fd4c69b8b05 0x7fd4c69a8000
/usr/local/lib/libeo.so.1	 0x7fd4c69b13df 0x7fd4c69a8000
/usr/local/lib/libelementary.so.1	 0x7fd4c709fd67 0x7fd4c6e16000
/home/dimmus/dev/eflete/eflete-1.19.1-efl-1.20/tests/ewe_ruler_test	 0x5558e5d9801f 0x5558e5d8f000
/home/dimmus/dev/eflete/eflete-1.19.1-efl-1.20/tests/ewe_ruler_test	 0x5558e5da46b6 0x5558e5d8f000
/home/dimmus/dev/eflete/eflete-1.19.1-efl-1.20/tests/ewe_ruler_test	 0x5558e5d94c57 0x5558e5d8f000
/lib/x86_64-linux-gnu/libc.so.6	 0x7fd4c65d6083 0x7fd4c65b2000
/home/dimmus/dev/eflete/eflete-1.19.1-efl-1.20/tests/ewe_ruler_test	 0x5558e5d94cae 0x5558e5d8f000
EOF

ERR<642737>:eina_safety lib/eina/eina_file_common.c:521 eina_file_close() safety check failed: file == NULL
## Copy & Paste the below (until EOF) into a terminal, then hit Enter

eina_btlog << EOF
/usr/local/lib/libeina.so.1	 0x7fd4c694c8ac 0x7fd4c6922000
/usr/local/lib/libeina.so.1	 0x7fd4c694d5e1 0x7fd4c6922000
/usr/local/lib/libeina.so.1	 0x7fd4c694e9f5 0x7fd4c6922000
/usr/local/lib/libeina.so.1	 0x7fd4c695db62 0x7fd4c6922000
/usr/local/lib/libedje.so.1	 0x7fd4c6dc8709 0x7fd4c6d0e000
/usr/local/lib/libefl.so.1	 0x7fd4c5bf8d87 0x7fd4c5be6000
/usr/local/lib/libelementary.so.1	 0x7fd4c6fe81c9 0x7fd4c6e16000
/usr/local/lib/libefl.so.1	 0x7fd4c5bf8d87 0x7fd4c5be6000
/home/dimmus/dev/eflete/eflete-1.19.1-efl-1.20/tests/ewe_ruler_test	 0x5558e5d9f0d1 0x5558e5d8f000
/home/dimmus/dev/eflete/eflete-1.19.1-efl-1.20/tests/ewe_ruler_test	 0x5558e5d9e96b 0x5558e5d8f000
/home/dimmus/dev/eflete/eflete-1.19.1-efl-1.20/tests/ewe_ruler_test	 0x5558e5d98037 0x5558e5d8f000
/home/dimmus/dev/eflete/eflete-1.19.1-efl-1.20/tests/ewe_ruler_test	 0x5558e5da46b6 0x5558e5d8f000
/home/dimmus/dev/eflete/eflete-1.19.1-efl-1.20/tests/ewe_ruler_test	 0x5558e5d94c57 0x5558e5d8f000
/lib/x86_64-linux-gnu/libc.so.6	 0x7fd4c65d6083 0x7fd4c65b2000
/home/dimmus/dev/eflete/eflete-1.19.1-efl-1.20/tests/ewe_ruler_test	 0x5558e5d94cae 0x5558e5d8f000
EOF

ERR<642737>:elementary lib/elementary/elm_layout.c:883 _elm_layout_efl_file_file_set() failed to set edje file '(null)', group 'ewe/ruler/marker/vertical/default': File Does Not Exist
## Copy & Paste the below (until EOF) into a terminal, then hit Enter

eina_btlog << EOF
/usr/local/lib/libeina.so.1	 0x7fd4c694c8ac 0x7fd4c6922000
/usr/local/lib/libeina.so.1	 0x7fd4c694d5e1 0x7fd4c6922000
/usr/local/lib/libeina.so.1	 0x7fd4c694e9f5 0x7fd4c6922000
/usr/local/lib/libelementary.so.1	 0x7fd4c6fe8219 0x7fd4c6e16000
/usr/local/lib/libefl.so.1	 0x7fd4c5bf8d87 0x7fd4c5be6000
/home/dimmus/dev/eflete/eflete-1.19.1-efl-1.20/tests/ewe_ruler_test	 0x5558e5d9f0d1 0x5558e5d8f000
/home/dimmus/dev/eflete/eflete-1.19.1-efl-1.20/tests/ewe_ruler_test	 0x5558e5d9e96b 0x5558e5d8f000
/home/dimmus/dev/eflete/eflete-1.19.1-efl-1.20/tests/ewe_ruler_test	 0x5558e5d98037 0x5558e5d8f000
/home/dimmus/dev/eflete/eflete-1.19.1-efl-1.20/tests/ewe_ruler_test	 0x5558e5da46b6 0x5558e5d8f000
/home/dimmus/dev/eflete/eflete-1.19.1-efl-1.20/tests/ewe_ruler_test	 0x5558e5d94c57 0x5558e5d8f000
/lib/x86_64-linux-gnu/libc.so.6	 0x7fd4c65d6083 0x7fd4c65b2000
/home/dimmus/dev/eflete/eflete-1.19.1-efl-1.20/tests/ewe_ruler_test	 0x5558e5d94cae 0x5558e5d8f000
EOF

ERR<642737>:ecore_system_upower modules/ecore/system/upower/ecore_system_upower.c:288 _daemon_version_get_cb() Message error org.enlightenment.DBus.Canceled - Canceled by user.
## Copy & Paste the below (until EOF) into a terminal, then hit Enter

eina_btlog << EOF
/usr/local/lib/libeina.so.1	 0x7fd4c694c8ac 0x7fd4c6922000
/usr/local/lib/libeina.so.1	 0x7fd4c694d5e1 0x7fd4c6922000
/usr/local/lib/libeina.so.1	 0x7fd4c694e9f5 0x7fd4c6922000
/usr/local/lib/ecore/system/upower/v-1.20/module.so	 0x7fd4c71afa55 0x7fd4c71ae000
/usr/local/lib/libeldbus.so.1	 0x7fd4c64f6d5f 0x7fd4c64e0000
/usr/local/lib/libeldbus.so.1	 0x7fd4c64eb77d 0x7fd4c64e0000
/usr/local/lib/libeldbus.so.1	 0x7fd4c64ebb6f 0x7fd4c64e0000
/usr/local/lib/libeldbus.so.1	 0x7fd4c64efac0 0x7fd4c64e0000
/usr/local/lib/libeldbus.so.1	 0x7fd4c64f4c9e 0x7fd4c64e0000
/usr/local/lib/libeldbus.so.1	 0x7fd4c64f5d1b 0x7fd4c64e0000
/usr/local/lib/ecore/system/upower/v-1.20/module.so	 0x7fd4c71af609 0x7fd4c71ae000
/usr/local/lib/libeina.so.1	 0x7fd4c6957ece 0x7fd4c6922000
/usr/local/lib/libeina.so.1	 0x7fd4c6957f38 0x7fd4c6922000
/usr/local/lib/libeina.so.1	 0x7fd4c69587d5 0x7fd4c6922000
/usr/local/lib/libecore.so.1	 0x7fd4c69d8ab1 0x7fd4c69c6000
/usr/local/lib/libelementary.so.1	 0x7fd4c6ffc3dc 0x7fd4c6e16000
/usr/local/lib/libelementary.so.1	 0x7fd4c6ffc51a 0x7fd4c6e16000
/home/dimmus/dev/eflete/eflete-1.19.1-efl-1.20/tests/ewe_ruler_test	 0x5558e5d980e4 0x5558e5d8f000
/home/dimmus/dev/eflete/eflete-1.19.1-efl-1.20/tests/ewe_ruler_test	 0x5558e5da46b6 0x5558e5d8f000
/home/dimmus/dev/eflete/eflete-1.19.1-efl-1.20/tests/ewe_ruler_test	 0x5558e5d94c57 0x5558e5d8f000
/lib/x86_64-linux-gnu/libc.so.6	 0x7fd4c65d6083 0x7fd4c65b2000
/home/dimmus/dev/eflete/eflete-1.19.1-efl-1.20/tests/ewe_ruler_test	 0x5558e5d94cae 0x5558e5d8f000
EOF

[7;32m============================= ewe_ruler_marker_absolute_set_test_p ==================================================================[0m


ERR<642742>: ../../src/bin/external/syntax_color.c:108 color_load() Failed to open color data file "/themes/default/color/color.eet"
## Copy & Paste the below (until EOF) into a terminal, then hit Enter

eina_btlog << EOF
/usr/local/lib/libeina.so.1	 0x7fd4c694c8ac 0x7fd4c6922000
/usr/local/lib/libeina.so.1	 0x7fd4c694d5e1 0x7fd4c6922000
/usr/local/lib/libeina.so.1	 0x7fd4c694e9f5 0x7fd4c6922000
/home/dimmus/dev/eflete/eflete-1.19.1-efl-1.20/tests/ewe_ruler_test	 0x5558e5d9ac52 0x5558e5d8f000
/home/dimmus/dev/eflete/eflete-1.19.1-efl-1.20/tests/ewe_ruler_test	 0x5558e5d9b24b 0x5558e5d8f000
/usr/local/lib/libecore.so.1	 0x7fd4c69fa5c8 0x7fd4c69c6000
/usr/local/lib/libecore.so.1	 0x7fd4c69fa71d 0x7fd4c69c6000
/usr/local/lib/libeina.so.1	 0x7fd4c69659b4 0x7fd4c6922000
/lib/x86_64-linux-gnu/libpthread.so.0	 0x7fd4c6907609 0x7fd4c68ff000
/lib/x86_64-linux-gnu/libc.so.6	 0x7fd4c66d1133 0x7fd4c65b2000
EOF

ERR<642742>:eina_safety lib/efreet/efreet_utils.c:251 efreet_util_desktop_exec_find() safety check failed: exec == NULL
## Copy & Paste the below (until EOF) into a terminal, then hit Enter

eina_btlog << EOF
/usr/local/lib/libeina.so.1	 0x7fd4c694c8ac 0x7fd4c6922000
/usr/local/lib/libeina.so.1	 0x7fd4c694d5e1 0x7fd4c6922000
/usr/local/lib/libeina.so.1	 0x7fd4c694e9f5 0x7fd4c6922000
/usr/local/lib/libeina.so.1	 0x7fd4c695db62 0x7fd4c6922000
/usr/local/lib/libefreet.so.1	 0x7fd4c6a7a969 0x7fd4c6a62000
/usr/local/lib/libelementary.so.1	 0x7fd4c70a4c0d 0x7fd4c6e16000
/usr/local/lib/libelementary.so.1	 0x7fd4c70a4ed4 0x7fd4c6e16000
/usr/local/lib/libeo.so.1	 0x7fd4c69b8b05 0x7fd4c69a8000
/usr/local/lib/libeo.so.1	 0x7fd4c69b13df 0x7fd4c69a8000
/usr/local/lib/libelementary.so.1	 0x7fd4c709fd67 0x7fd4c6e16000
/home/dimmus/dev/eflete/eflete-1.19.1-efl-1.20/tests/ewe_ruler_test	 0x5558e5d981db 0x5558e5d8f000
/home/dimmus/dev/eflete/eflete-1.19.1-efl-1.20/tests/ewe_ruler_test	 0x5558e5da46b6 0x5558e5d8f000
/home/dimmus/dev/eflete/eflete-1.19.1-efl-1.20/tests/ewe_ruler_test	 0x5558e5d94c57 0x5558e5d8f000
/lib/x86_64-linux-gnu/libc.so.6	 0x7fd4c65d6083 0x7fd4c65b2000
/home/dimmus/dev/eflete/eflete-1.19.1-efl-1.20/tests/ewe_ruler_test	 0x5558e5d94cae 0x5558e5d8f000
EOF

ERR<642742>:eina_safety lib/eina/eina_file_common.c:521 eina_file_close() safety check failed: file == NULL
## Copy & Paste the below (until EOF) into a terminal, then hit Enter

eina_btlog << EOF
/usr/local/lib/libeina.so.1	 0x7fd4c694c8ac 0x7fd4c6922000
/usr/local/lib/libeina.so.1	 0x7fd4c694d5e1 0x7fd4c6922000
/usr/local/lib/libeina.so.1	 0x7fd4c694e9f5 0x7fd4c6922000
/usr/local/lib/libeina.so.1	 0x7fd4c695db62 0x7fd4c6922000
/usr/local/lib/libedje.so.1	 0x7fd4c6dc8709 0x7fd4c6d0e000
/usr/local/lib/libefl.so.1	 0x7fd4c5bf8d87 0x7fd4c5be6000
/usr/local/lib/libelementary.so.1	 0x7fd4c6fe81c9 0x7fd4c6e16000
/usr/local/lib/libefl.so.1	 0x7fd4c5bf8d87 0x7fd4c5be6000
/home/dimmus/dev/eflete/eflete-1.19.1-efl-1.20/tests/ewe_ruler_test	 0x5558e5d9f0d1 0x5558e5d8f000
/home/dimmus/dev/eflete/eflete-1.19.1-efl-1.20/tests/ewe_ruler_test	 0x5558e5d9e96b 0x5558e5d8f000
/home/dimmus/dev/eflete/eflete-1.19.1-efl-1.20/tests/ewe_ruler_test	 0x5558e5d981f0 0x5558e5d8f000
/home/dimmus/dev/eflete/eflete-1.19.1-efl-1.20/tests/ewe_ruler_test	 0x5558e5da46b6 0x5558e5d8f000
/home/dimmus/dev/eflete/eflete-1.19.1-efl-1.20/tests/ewe_ruler_test	 0x5558e5d94c57 0x5558e5d8f000
/lib/x86_64-linux-gnu/libc.so.6	 0x7fd4c65d6083 0x7fd4c65b2000
/home/dimmus/dev/eflete/eflete-1.19.1-efl-1.20/tests/ewe_ruler_test	 0x5558e5d94cae 0x5558e5d8f000
EOF

ERR<642742>:elementary lib/elementary/elm_layout.c:883 _elm_layout_efl_file_file_set() failed to set edje file '(null)', group 'ewe/ruler/marker/vertical/default': File Does Not Exist
## Copy & Paste the below (until EOF) into a terminal, then hit Enter

eina_btlog << EOF
/usr/local/lib/libeina.so.1	 0x7fd4c694c8ac 0x7fd4c6922000
/usr/local/lib/libeina.so.1	 0x7fd4c694d5e1 0x7fd4c6922000
/usr/local/lib/libeina.so.1	 0x7fd4c694e9f5 0x7fd4c6922000
/usr/local/lib/libelementary.so.1	 0x7fd4c6fe8219 0x7fd4c6e16000
/usr/local/lib/libefl.so.1	 0x7fd4c5bf8d87 0x7fd4c5be6000
/home/dimmus/dev/eflete/eflete-1.19.1-efl-1.20/tests/ewe_ruler_test	 0x5558e5d9f0d1 0x5558e5d8f000
/home/dimmus/dev/eflete/eflete-1.19.1-efl-1.20/tests/ewe_ruler_test	 0x5558e5d9e96b 0x5558e5d8f000
/home/dimmus/dev/eflete/eflete-1.19.1-efl-1.20/tests/ewe_ruler_test	 0x5558e5d981f0 0x5558e5d8f000
/home/dimmus/dev/eflete/eflete-1.19.1-efl-1.20/tests/ewe_ruler_test	 0x5558e5da46b6 0x5558e5d8f000
/home/dimmus/dev/eflete/eflete-1.19.1-efl-1.20/tests/ewe_ruler_test	 0x5558e5d94c57 0x5558e5d8f000
/lib/x86_64-linux-gnu/libc.so.6	 0x7fd4c65d6083 0x7fd4c65b2000
/home/dimmus/dev/eflete/eflete-1.19.1-efl-1.20/tests/ewe_ruler_test	 0x5558e5d94cae 0x5558e5d8f000
EOF

ERR<642742>:ecore_system_upower modules/ecore/system/upower/ecore_system_upower.c:288 _daemon_version_get_cb() Message error org.enlightenment.DBus.Canceled - Canceled by user.
## Copy & Paste the below (until EOF) into a terminal, then hit Enter

eina_btlog << EOF
/usr/local/lib/libeina.so.1	 0x7fd4c694c8ac 0x7fd4c6922000
/usr/local/lib/libeina.so.1	 0x7fd4c694d5e1 0x7fd4c6922000
/usr/local/lib/libeina.so.1	 0x7fd4c694e9f5 0x7fd4c6922000
/usr/local/lib/ecore/system/upower/v-1.20/module.so	 0x7fd4c71afa55 0x7fd4c71ae000
/usr/local/lib/libeldbus.so.1	 0x7fd4c64f6d5f 0x7fd4c64e0000
/usr/local/lib/libeldbus.so.1	 0x7fd4c64eb77d 0x7fd4c64e0000
/usr/local/lib/libeldbus.so.1	 0x7fd4c64ebb6f 0x7fd4c64e0000
/usr/local/lib/libeldbus.so.1	 0x7fd4c64efac0 0x7fd4c64e0000
/usr/local/lib/libeldbus.so.1	 0x7fd4c64f4c9e 0x7fd4c64e0000
/usr/local/lib/libeldbus.so.1	 0x7fd4c64f5d1b 0x7fd4c64e0000
/usr/local/lib/ecore/system/upower/v-1.20/module.so	 0x7fd4c71af609 0x7fd4c71ae000
/usr/local/lib/libeina.so.1	 0x7fd4c6957ece 0x7fd4c6922000
/usr/local/lib/libeina.so.1	 0x7fd4c6957f38 0x7fd4c6922000
/usr/local/lib/libeina.so.1	 0x7fd4c69587d5 0x7fd4c6922000
/usr/local/lib/libecore.so.1	 0x7fd4c69d8ab1 0x7fd4c69c6000
/usr/local/lib/libelementary.so.1	 0x7fd4c6ffc3dc 0x7fd4c6e16000
/usr/local/lib/libelementary.so.1	 0x7fd4c6ffc51a 0x7fd4c6e16000
/home/dimmus/dev/eflete/eflete-1.19.1-efl-1.20/tests/ewe_ruler_test	 0x5558e5d98269 0x5558e5d8f000
/home/dimmus/dev/eflete/eflete-1.19.1-efl-1.20/tests/ewe_ruler_test	 0x5558e5da46b6 0x5558e5d8f000
/home/dimmus/dev/eflete/eflete-1.19.1-efl-1.20/tests/ewe_ruler_test	 0x5558e5d94c57 0x5558e5d8f000
/lib/x86_64-linux-gnu/libc.so.6	 0x7fd4c65d6083 0x7fd4c65b2000
/home/dimmus/dev/eflete/eflete-1.19.1-efl-1.20/tests/ewe_ruler_test	 0x5558e5d94cae 0x5558e5d8f000
EOF

[7;32m============================= ewe_ruler_marker_absolute_set_test_n ==================================================================[0m


ERR<642747>: ../../src/bin/external/syntax_color.c:108 color_load() Failed to open color data file "/themes/default/color/color.eet"
## Copy & Paste the below (until EOF) into a terminal, then hit Enter

eina_btlog << EOF
/usr/local/lib/libeina.so.1	 0x7fd4c694c8ac 0x7fd4c6922000
/usr/local/lib/libeina.so.1	 0x7fd4c694d5e1 0x7fd4c6922000
/usr/local/lib/libeina.so.1	 0x7fd4c694e9f5 0x7fd4c6922000
/home/dimmus/dev/eflete/eflete-1.19.1-efl-1.20/tests/ewe_ruler_test	 0x5558e5d9ac52 0x5558e5d8f000
/home/dimmus/dev/eflete/eflete-1.19.1-efl-1.20/tests/ewe_ruler_test	 0x5558e5d9b24b 0x5558e5d8f000
/usr/local/lib/libecore.so.1	 0x7fd4c69fa5c8 0x7fd4c69c6000
/usr/local/lib/libecore.so.1	 0x7fd4c69fa71d 0x7fd4c69c6000
/usr/local/lib/libeina.so.1	 0x7fd4c69659b4 0x7fd4c6922000
/lib/x86_64-linux-gnu/libpthread.so.0	 0x7fd4c6907609 0x7fd4c68ff000
/lib/x86_64-linux-gnu/libc.so.6	 0x7fd4c66d1133 0x7fd4c65b2000
EOF

ERR<642747>:eina_safety lib/efreet/efreet_utils.c:251 efreet_util_desktop_exec_find() safety check failed: exec == NULL
## Copy & Paste the below (until EOF) into a terminal, then hit Enter

eina_btlog << EOF
/usr/local/lib/libeina.so.1	 0x7fd4c694c8ac 0x7fd4c6922000
/usr/local/lib/libeina.so.1	 0x7fd4c694d5e1 0x7fd4c6922000
/usr/local/lib/libeina.so.1	 0x7fd4c694e9f5 0x7fd4c6922000
/usr/local/lib/libeina.so.1	 0x7fd4c695db62 0x7fd4c6922000
/usr/local/lib/libefreet.so.1	 0x7fd4c6a7a969 0x7fd4c6a62000
/usr/local/lib/libelementary.so.1	 0x7fd4c70a4c0d 0x7fd4c6e16000
/usr/local/lib/libelementary.so.1	 0x7fd4c70a4ed4 0x7fd4c6e16000
/usr/local/lib/libeo.so.1	 0x7fd4c69b8b05 0x7fd4c69a8000
/usr/local/lib/libeo.so.1	 0x7fd4c69b13df 0x7fd4c69a8000
/usr/local/lib/libelementary.so.1	 0x7fd4c709fd67 0x7fd4c6e16000
/home/dimmus/dev/eflete/eflete-1.19.1-efl-1.20/tests/ewe_ruler_test	 0x5558e5d98341 0x5558e5d8f000
/home/dimmus/dev/eflete/eflete-1.19.1-efl-1.20/tests/ewe_ruler_test	 0x5558e5da46b6 0x5558e5d8f000
/home/dimmus/dev/eflete/eflete-1.19.1-efl-1.20/tests/ewe_ruler_test	 0x5558e5d94c57 0x5558e5d8f000
/lib/x86_64-linux-gnu/libc.so.6	 0x7fd4c65d6083 0x7fd4c65b2000
/home/dimmus/dev/eflete/eflete-1.19.1-efl-1.20/tests/ewe_ruler_test	 0x5558e5d94cae 0x5558e5d8f000
EOF

ERR<642747>:eina_safety lib/eina/eina_file_common.c:521 eina_file_close() safety check failed: file == NULL
## Copy & Paste the below (until EOF) into a terminal, then hit Enter

eina_btlog << EOF
/usr/local/lib/libeina.so.1	 0x7fd4c694c8ac 0x7fd4c6922000
/usr/local/lib/libeina.so.1	 0x7fd4c694d5e1 0x7fd4c6922000
/usr/local/lib/libeina.so.1	 0x7fd4c694e9f5 0x7fd4c6922000
/usr/local/lib/libeina.so.1	 0x7fd4c695db62 0x7fd4c6922000
/usr/local/lib/libedje.so.1	 0x7fd4c6dc8709 0x7fd4c6d0e000
/usr/local/lib/libefl.so.1	 0x7fd4c5bf8d87 0x7fd4c5be6000
/usr/local/lib/libelementary.so.1	 0x7fd4c6fe81c9 0x7fd4c6e16000
/usr/local/lib/libefl.so.1	 0x7fd4c5bf8d87 0x7fd4c5be6000
/home/dimmus/dev/eflete/eflete-1.19.1-efl-1.20/tests/ewe_ruler_test	 0x5558e5d9f0d1 0x5558e5d8f000
/home/dimmus/dev/eflete/eflete-1.19.1-efl-1.20/tests/ewe_ruler_test	 0x5558e5d9e96b 0x5558e5d8f000
/home/dimmus/dev/eflete/eflete-1.19.1-efl-1.20/tests/ewe_ruler_test	 0x5558e5d98359 0x5558e5d8f000
/home/dimmus/dev/eflete/eflete-1.19.1-efl-1.20/tests/ewe_ruler_test	 0x5558e5da46b6 0x5558e5d8f000
/home/dimmus/dev/eflete/eflete-1.19.1-efl-1.20/tests/ewe_ruler_test	 0x5558e5d94c57 0x5558e5d8f000
/lib/x86_64-linux-gnu/libc.so.6	 0x7fd4c65d6083 0x7fd4c65b2000
/home/dimmus/dev/eflete/eflete-1.19.1-efl-1.20/tests/ewe_ruler_test	 0x5558e5d94cae 0x5558e5d8f000
EOF

ERR<642747>:elementary lib/elementary/elm_layout.c:883 _elm_layout_efl_file_file_set() failed to set edje file '(null)', group 'ewe/ruler/marker/vertical/default': File Does Not Exist
## Copy & Paste the below (until EOF) into a terminal, then hit Enter

eina_btlog << EOF
/usr/local/lib/libeina.so.1	 0x7fd4c694c8ac 0x7fd4c6922000
/usr/local/lib/libeina.so.1	 0x7fd4c694d5e1 0x7fd4c6922000
/usr/local/lib/libeina.so.1	 0x7fd4c694e9f5 0x7fd4c6922000
/usr/local/lib/libelementary.so.1	 0x7fd4c6fe8219 0x7fd4c6e16000
/usr/local/lib/libefl.so.1	 0x7fd4c5bf8d87 0x7fd4c5be6000
/home/dimmus/dev/eflete/eflete-1.19.1-efl-1.20/tests/ewe_ruler_test	 0x5558e5d9f0d1 0x5558e5d8f000
/home/dimmus/dev/eflete/eflete-1.19.1-efl-1.20/tests/ewe_ruler_test	 0x5558e5d9e96b 0x5558e5d8f000
/home/dimmus/dev/eflete/eflete-1.19.1-efl-1.20/tests/ewe_ruler_test	 0x5558e5d98359 0x5558e5d8f000
/home/dimmus/dev/eflete/eflete-1.19.1-efl-1.20/tests/ewe_ruler_test	 0x5558e5da46b6 0x5558e5d8f000
/home/dimmus/dev/eflete/eflete-1.19.1-efl-1.20/tests/ewe_ruler_test	 0x5558e5d94c57 0x5558e5d8f000
/lib/x86_64-linux-gnu/libc.so.6	 0x7fd4c65d6083 0x7fd4c65b2000
/home/dimmus/dev/eflete/eflete-1.19.1-efl-1.20/tests/ewe_ruler_test	 0x5558e5d94cae 0x5558e5d8f000
EOF

ERR<642747>:ecore_system_upower modules/ecore/system/upower/ecore_system_upower.c:288 _daemon_version_get_cb() Message error org.enlightenment.DBus.Canceled - Canceled by user.
## Copy & Paste the below (until EOF) into a terminal, then hit Enter

eina_btlog << EOF
/usr/local/lib/libeina.so.1	 0x7fd4c694c8ac 0x7fd4c6922000
/usr/local/lib/libeina.so.1	 0x7fd4c694d5e1 0x7fd4c6922000
/usr/local/lib/libeina.so.1	 0x7fd4c694e9f5 0x7fd4c6922000
/usr/local/lib/ecore/system/upower/v-1.20/module.so	 0x7fd4c71afa55 0x7fd4c71ae000
/usr/local/lib/libeldbus.so.1	 0x7fd4c64f6d5f 0x7fd4c64e0000
/usr/local/lib/libeldbus.so.1	 0x7fd4c64eb77d 0x7fd4c64e0000
/usr/local/lib/libeldbus.so.1	 0x7fd4c64ebb6f 0x7fd4c64e0000
/usr/local/lib/libeldbus.so.1	 0x7fd4c64efac0 0x7fd4c64e0000
/usr/local/lib/libeldbus.so.1	 0x7fd4c64f4c9e 0x7fd4c64e0000
/usr/local/lib/libeldbus.so.1	 0x7fd4c64f5d1b 0x7fd4c64e0000
/usr/local/lib/ecore/system/upower/v-1.20/module.so	 0x7fd4c71af609 0x7fd4c71ae000
/usr/local/lib/libeina.so.1	 0x7fd4c6957ece 0x7fd4c6922000
/usr/local/lib/libeina.so.1	 0x7fd4c6957f38 0x7fd4c6922000
/usr/local/lib/libeina.so.1	 0x7fd4c69587d5 0x7fd4c6922000
/usr/local/lib/libecore.so.1	 0x7fd4c69d8ab1 0x7fd4c69c6000
/usr/local/lib/libelementary.so.1	 0x7fd4c6ffc3dc 0x7fd4c6e16000
/usr/local/lib/libelementary.so.1	 0x7fd4c6ffc51a 0x7fd4c6e16000
/home/dimmus/dev/eflete/eflete-1.19.1-efl-1.20/tests/ewe_ruler_test	 0x5558e5d98395 0x5558e5d8f000
/home/dimmus/dev/eflete/eflete-1.19.1-efl-1.20/tests/ewe_ruler_test	 0x5558e5da46b6 0x5558e5d8f000
/home/dimmus/dev/eflete/eflete-1.19.1-efl-1.20/tests/ewe_ruler_test	 0x5558e5d94c57 0x5558e5d8f000
/lib/x86_64-linux-gnu/libc.so.6	 0x7fd4c65d6083 0x7fd4c65b2000
/home/dimmus/dev/eflete/eflete-1.19.1-efl-1.20/tests/ewe_ruler_test	 0x5558e5d94cae 0x5558e5d8f000
EOF

[7;32m============================= ewe_ruler_marker_relative_get_test_p ==================================================================[0m


ERR<642752>: ../../src/bin/external/syntax_color.c:108 color_load() Failed to open color data file "/themes/default/color/color.eet"
## Copy & Paste the below (until EOF) into a terminal, then hit Enter

eina_btlog << EOF
/usr/local/lib/libeina.so.1	 0x7fd4c694c8ac 0x7fd4c6922000
/usr/local/lib/libeina.so.1	 0x7fd4c694d5e1 0x7fd4c6922000
/usr/local/lib/libeina.so.1	 0x7fd4c694e9f5 0x7fd4c6922000
/home/dimmus/dev/eflete/eflete-1.19.1-efl-1.20/tests/ewe_ruler_test	 0x5558e5d9ac52 0x5558e5d8f000
/home/dimmus/dev/eflete/eflete-1.19.1-efl-1.20/tests/ewe_ruler_test	 0x5558e5d9b24b 0x5558e5d8f000
/usr/local/lib/libecore.so.1	 0x7fd4c69fa5c8 0x7fd4c69c6000
/usr/local/lib/libecore.so.1	 0x7fd4c69fa71d 0x7fd4c69c6000
/usr/local/lib/libeina.so.1	 0x7fd4c69659b4 0x7fd4c6922000
/lib/x86_64-linux-gnu/libpthread.so.0	 0x7fd4c6907609 0x7fd4c68ff000
/lib/x86_64-linux-gnu/libc.so.6	 0x7fd4c66d1133 0x7fd4c65b2000
EOF

ERR<642752>:eina_safety lib/efreet/efreet_utils.c:251 efreet_util_desktop_exec_find() safety check failed: exec == NULL
## Copy & Paste the below (until EOF) into a terminal, then hit Enter

eina_btlog << EOF
/usr/local/lib/libeina.so.1	 0x7fd4c694c8ac 0x7fd4c6922000
/usr/local/lib/libeina.so.1	 0x7fd4c694d5e1 0x7fd4c6922000
/usr/local/lib/libeina.so.1	 0x7fd4c694e9f5 0x7fd4c6922000
/usr/local/lib/libeina.so.1	 0x7fd4c695db62 0x7fd4c6922000
/usr/local/lib/libefreet.so.1	 0x7fd4c6a7a969 0x7fd4c6a62000
/usr/local/lib/libelementary.so.1	 0x7fd4c70a4c0d 0x7fd4c6e16000
/usr/local/lib/libelementary.so.1	 0x7fd4c70a4ed4 0x7fd4c6e16000
/usr/local/lib/libeo.so.1	 0x7fd4c69b8b05 0x7fd4c69a8000
/usr/local/lib/libeo.so.1	 0x7fd4c69b13df 0x7fd4c69a8000
/usr/local/lib/libelementary.so.1	 0x7fd4c709fd67 0x7fd4c6e16000
/home/dimmus/dev/eflete/eflete-1.19.1-efl-1.20/tests/ewe_ruler_test	 0x5558e5d9841b 0x5558e5d8f000
/home/dimmus/dev/eflete/eflete-1.19.1-efl-1.20/tests/ewe_ruler_test	 0x5558e5da46b6 0x5558e5d8f000
/home/dimmus/dev/eflete/eflete-1.19.1-efl-1.20/tests/ewe_ruler_test	 0x5558e5d94c57 0x5558e5d8f000
/lib/x86_64-linux-gnu/libc.so.6	 0x7fd4c65d6083 0x7fd4c65b2000
/home/dimmus/dev/eflete/eflete-1.19.1-efl-1.20/tests/ewe_ruler_test	 0x5558e5d94cae 0x5558e5d8f000
EOF

ERR<642752>:eina_safety lib/eina/eina_file_common.c:521 eina_file_close() safety check failed: file == NULL
## Copy & Paste the below (until EOF) into a terminal, then hit Enter

eina_btlog << EOF
/usr/local/lib/libeina.so.1	 0x7fd4c694c8ac 0x7fd4c6922000
/usr/local/lib/libeina.so.1	 0x7fd4c694d5e1 0x7fd4c6922000
/usr/local/lib/libeina.so.1	 0x7fd4c694e9f5 0x7fd4c6922000
/usr/local/lib/libeina.so.1	 0x7fd4c695db62 0x7fd4c6922000
/usr/local/lib/libedje.so.1	 0x7fd4c6dc8709 0x7fd4c6d0e000
/usr/local/lib/libefl.so.1	 0x7fd4c5bf8d87 0x7fd4c5be6000
/usr/local/lib/libelementary.so.1	 0x7fd4c6fe81c9 0x7fd4c6e16000
/usr/local/lib/libefl.so.1	 0x7fd4c5bf8d87 0x7fd4c5be6000
/home/dimmus/dev/eflete/eflete-1.19.1-efl-1.20/tests/ewe_ruler_test	 0x5558e5d9f0d1 0x5558e5d8f000
/home/dimmus/dev/eflete/eflete-1.19.1-efl-1.20/tests/ewe_ruler_test	 0x5558e5d9e96b 0x5558e5d8f000
/home/dimmus/dev/eflete/eflete-1.19.1-efl-1.20/tests/ewe_ruler_test	 0x5558e5d98430 0x5558e5d8f000
/home/dimmus/dev/eflete/eflete-1.19.1-efl-1.20/tests/ewe_ruler_test	 0x5558e5da46b6 0x5558e5d8f000
/home/dimmus/dev/eflete/eflete-1.19.1-efl-1.20/tests/ewe_ruler_test	 0x5558e5d94c57 0x5558e5d8f000
/lib/x86_64-linux-gnu/libc.so.6	 0x7fd4c65d6083 0x7fd4c65b2000
/home/dimmus/dev/eflete/eflete-1.19.1-efl-1.20/tests/ewe_ruler_test	 0x5558e5d94cae 0x5558e5d8f000
EOF

ERR<642752>:elementary lib/elementary/elm_layout.c:883 _elm_layout_efl_file_file_set() failed to set edje file '(null)', group 'ewe/ruler/marker/vertical/default': File Does Not Exist
## Copy & Paste the below (until EOF) into a terminal, then hit Enter

eina_btlog << EOF
/usr/local/lib/libeina.so.1	 0x7fd4c694c8ac 0x7fd4c6922000
/usr/local/lib/libeina.so.1	 0x7fd4c694d5e1 0x7fd4c6922000
/usr/local/lib/libeina.so.1	 0x7fd4c694e9f5 0x7fd4c6922000
/usr/local/lib/libelementary.so.1	 0x7fd4c6fe8219 0x7fd4c6e16000
/usr/local/lib/libefl.so.1	 0x7fd4c5bf8d87 0x7fd4c5be6000
/home/dimmus/dev/eflete/eflete-1.19.1-efl-1.20/tests/ewe_ruler_test	 0x5558e5d9f0d1 0x5558e5d8f000
/home/dimmus/dev/eflete/eflete-1.19.1-efl-1.20/tests/ewe_ruler_test	 0x5558e5d9e96b 0x5558e5d8f000
/home/dimmus/dev/eflete/eflete-1.19.1-efl-1.20/tests/ewe_ruler_test	 0x5558e5d98430 0x5558e5d8f000
/home/dimmus/dev/eflete/eflete-1.19.1-efl-1.20/tests/ewe_ruler_test	 0x5558e5da46b6 0x5558e5d8f000
/home/dimmus/dev/eflete/eflete-1.19.1-efl-1.20/tests/ewe_ruler_test	 0x5558e5d94c57 0x5558e5d8f000
/lib/x86_64-linux-gnu/libc.so.6	 0x7fd4c65d6083 0x7fd4c65b2000
/home/dimmus/dev/eflete/eflete-1.19.1-efl-1.20/tests/ewe_ruler_test	 0x5558e5d94cae 0x5558e5d8f000
EOF

ERR<642752>:ecore_system_upower modules/ecore/system/upower/ecore_system_upower.c:288 _daemon_version_get_cb() Message error org.enlightenment.DBus.Canceled - Canceled by user.
## Copy & Paste the below (until EOF) into a terminal, then hit Enter

eina_btlog << EOF
/usr/local/lib/libeina.so.1	 0x7fd4c694c8ac 0x7fd4c6922000
/usr/local/lib/libeina.so.1	 0x7fd4c694d5e1 0x7fd4c6922000
/usr/local/lib/libeina.so.1	 0x7fd4c694e9f5 0x7fd4c6922000
/usr/local/lib/ecore/system/upower/v-1.20/module.so	 0x7fd4c71afa55 0x7fd4c71ae000
/usr/local/lib/libeldbus.so.1	 0x7fd4c64f6d5f 0x7fd4c64e0000
/usr/local/lib/libeldbus.so.1	 0x7fd4c64eb77d 0x7fd4c64e0000
/usr/local/lib/libeldbus.so.1	 0x7fd4c64ebb6f 0x7fd4c64e0000
/usr/local/lib/libeldbus.so.1	 0x7fd4c64efac0 0x7fd4c64e0000
/usr/local/lib/libeldbus.so.1	 0x7fd4c64f4c9e 0x7fd4c64e0000
/usr/local/lib/libeldbus.so.1	 0x7fd4c64f5d1b 0x7fd4c64e0000
/usr/local/lib/ecore/system/upower/v-1.20/module.so	 0x7fd4c71af609 0x7fd4c71ae000
/usr/local/lib/libeina.so.1	 0x7fd4c6957ece 0x7fd4c6922000
/usr/local/lib/libeina.so.1	 0x7fd4c6957f38 0x7fd4c6922000
/usr/local/lib/libeina.so.1	 0x7fd4c69587d5 0x7fd4c6922000
/usr/local/lib/libecore.so.1	 0x7fd4c69d8ab1 0x7fd4c69c6000
/usr/local/lib/libelementary.so.1	 0x7fd4c6ffc3dc 0x7fd4c6e16000
/usr/local/lib/libelementary.so.1	 0x7fd4c6ffc51a 0x7fd4c6e16000
/home/dimmus/dev/eflete/eflete-1.19.1-efl-1.20/tests/ewe_ruler_test	 0x5558e5d984c4 0x5558e5d8f000
/home/dimmus/dev/eflete/eflete-1.19.1-efl-1.20/tests/ewe_ruler_test	 0x5558e5da46b6 0x5558e5d8f000
/home/dimmus/dev/eflete/eflete-1.19.1-efl-1.20/tests/ewe_ruler_test	 0x5558e5d94c57 0x5558e5d8f000
/lib/x86_64-linux-gnu/libc.so.6	 0x7fd4c65d6083 0x7fd4c65b2000
/home/dimmus/dev/eflete/eflete-1.19.1-efl-1.20/tests/ewe_ruler_test	 0x5558e5d94cae 0x5558e5d8f000
EOF

[7;32m============================= ewe_ruler_marker_relative_get_test_n ==================================================================[0m


ERR<642757>: ../../src/bin/external/syntax_color.c:108 color_load() Failed to open color data file "/themes/default/color/color.eet"
## Copy & Paste the below (until EOF) into a terminal, then hit Enter

eina_btlog << EOF
/usr/local/lib/libeina.so.1	 0x7fd4c694c8ac 0x7fd4c6922000
/usr/local/lib/libeina.so.1	 0x7fd4c694d5e1 0x7fd4c6922000
/usr/local/lib/libeina.so.1	 0x7fd4c694e9f5 0x7fd4c6922000
/home/dimmus/dev/eflete/eflete-1.19.1-efl-1.20/tests/ewe_ruler_test	 0x5558e5d9ac52 0x5558e5d8f000
/home/dimmus/dev/eflete/eflete-1.19.1-efl-1.20/tests/ewe_ruler_test	 0x5558e5d9b24b 0x5558e5d8f000
/usr/local/lib/libecore.so.1	 0x7fd4c69fa5c8 0x7fd4c69c6000
/usr/local/lib/libecore.so.1	 0x7fd4c69fa71d 0x7fd4c69c6000
/usr/local/lib/libeina.so.1	 0x7fd4c69659b4 0x7fd4c6922000
/lib/x86_64-linux-gnu/libpthread.so.0	 0x7fd4c6907609 0x7fd4c68ff000
/lib/x86_64-linux-gnu/libc.so.6	 0x7fd4c66d1133 0x7fd4c65b2000
EOF

ERR<642757>:eina_safety lib/efreet/efreet_utils.c:251 efreet_util_desktop_exec_find() safety check failed: exec == NULL
## Copy & Paste the below (until EOF) into a terminal, then hit Enter

eina_btlog << EOF
/usr/local/lib/libeina.so.1	 0x7fd4c694c8ac 0x7fd4c6922000
/usr/local/lib/libeina.so.1	 0x7fd4c694d5e1 0x7fd4c6922000
/usr/local/lib/libeina.so.1	 0x7fd4c694e9f5 0x7fd4c6922000
/usr/local/lib/libeina.so.1	 0x7fd4c695db62 0x7fd4c6922000
/usr/local/lib/libefreet.so.1	 0x7fd4c6a7a969 0x7fd4c6a62000
/usr/local/lib/libelementary.so.1	 0x7fd4c70a4c0d 0x7fd4c6e16000
/usr/local/lib/libelementary.so.1	 0x7fd4c70a4ed4 0x7fd4c6e16000
/usr/local/lib/libeo.so.1	 0x7fd4c69b8b05 0x7fd4c69a8000
/usr/local/lib/libeo.so.1	 0x7fd4c69b13df 0x7fd4c69a8000
/usr/local/lib/libelementary.so.1	 0x7fd4c709fd67 0x7fd4c6e16000
/home/dimmus/dev/eflete/eflete-1.19.1-efl-1.20/tests/ewe_ruler_test	 0x5558e5d9858f 0x5558e5d8f000
/home/dimmus/dev/eflete/eflete-1.19.1-efl-1.20/tests/ewe_ruler_test	 0x5558e5da46b6 0x5558e5d8f000
/home/dimmus/dev/eflete/eflete-1.19.1-efl-1.20/tests/ewe_ruler_test	 0x5558e5d94c57 0x5558e5d8f000
/lib/x86_64-linux-gnu/libc.so.6	 0x7fd4c65d6083 0x7fd4c65b2000
/home/dimmus/dev/eflete/eflete-1.19.1-efl-1.20/tests/ewe_ruler_test	 0x5558e5d94cae 0x5558e5d8f000
EOF

ERR<642757>:eina_safety lib/eina/eina_file_common.c:521 eina_file_close() safety check failed: file == NULL
## Copy & Paste the below (until EOF) into a terminal, then hit Enter

eina_btlog << EOF
/usr/local/lib/libeina.so.1	 0x7fd4c694c8ac 0x7fd4c6922000
/usr/local/lib/libeina.so.1	 0x7fd4c694d5e1 0x7fd4c6922000
/usr/local/lib/libeina.so.1	 0x7fd4c694e9f5 0x7fd4c6922000
/usr/local/lib/libeina.so.1	 0x7fd4c695db62 0x7fd4c6922000
/usr/local/lib/libedje.so.1	 0x7fd4c6dc8709 0x7fd4c6d0e000
/usr/local/lib/libefl.so.1	 0x7fd4c5bf8d87 0x7fd4c5be6000
/usr/local/lib/libelementary.so.1	 0x7fd4c6fe81c9 0x7fd4c6e16000
/usr/local/lib/libefl.so.1	 0x7fd4c5bf8d87 0x7fd4c5be6000
/home/dimmus/dev/eflete/eflete-1.19.1-efl-1.20/tests/ewe_ruler_test	 0x5558e5d9f0d1 0x5558e5d8f000
/home/dimmus/dev/eflete/eflete-1.19.1-efl-1.20/tests/ewe_ruler_test	 0x5558e5d9e96b 0x5558e5d8f000
/home/dimmus/dev/eflete/eflete-1.19.1-efl-1.20/tests/ewe_ruler_test	 0x5558e5d985a7 0x5558e5d8f000
/home/dimmus/dev/eflete/eflete-1.19.1-efl-1.20/tests/ewe_ruler_test	 0x5558e5da46b6 0x5558e5d8f000
/home/dimmus/dev/eflete/eflete-1.19.1-efl-1.20/tests/ewe_ruler_test	 0x5558e5d94c57 0x5558e5d8f000
/lib/x86_64-linux-gnu/libc.so.6	 0x7fd4c65d6083 0x7fd4c65b2000
/home/dimmus/dev/eflete/eflete-1.19.1-efl-1.20/tests/ewe_ruler_test	 0x5558e5d94cae 0x5558e5d8f000
EOF

ERR<642757>:elementary lib/elementary/elm_layout.c:883 _elm_layout_efl_file_file_set() failed to set edje file '(null)', group 'ewe/ruler/marker/vertical/default': File Does Not Exist
## Copy & Paste the below (until EOF) into a terminal, then hit Enter

eina_btlog << EOF
/usr/local/lib/libeina.so.1	 0x7fd4c694c8ac 0x7fd4c6922000
/usr/local/lib/libeina.so.1	 0x7fd4c694d5e1 0x7fd4c6922000
/usr/local/lib/libeina.so.1	 0x7fd4c694e9f5 0x7fd4c6922000
/usr/local/lib/libelementary.so.1	 0x7fd4c6fe8219 0x7fd4c6e16000
/usr/local/lib/libefl.so.1	 0x7fd4c5bf8d87 0x7fd4c5be6000
/home/dimmus/dev/eflete/eflete-1.19.1-efl-1.20/tests/ewe_ruler_test	 0x5558e5d9f0d1 0x5558e5d8f000
/home/dimmus/dev/eflete/eflete-1.19.1-efl-1.20/tests/ewe_ruler_test	 0x5558e5d9e96b 0x5558e5d8f000
/home/dimmus/dev/eflete/eflete-1.19.1-efl-1.20/tests/ewe_ruler_test	 0x5558e5d985a7 0x5558e5d8f000
/home/dimmus/dev/eflete/eflete-1.19.1-efl-1.20/tests/ewe_ruler_test	 0x5558e5da46b6 0x5558e5d8f000
/home/dimmus/dev/eflete/eflete-1.19.1-efl-1.20/tests/ewe_ruler_test	 0x5558e5d94c57 0x5558e5d8f000
/lib/x86_64-linux-gnu/libc.so.6	 0x7fd4c65d6083 0x7fd4c65b2000
/home/dimmus/dev/eflete/eflete-1.19.1-efl-1.20/tests/ewe_ruler_test	 0x5558e5d94cae 0x5558e5d8f000
EOF

ERR<642762>: ../../src/bin/external/syntax_color.c:108 color_load() Failed to open color data file "/themes/default/color/color.eet"
## Copy & Paste the below (until EOF) into a terminal, then hit Enter

eina_btlog << EOF
/usr/local/lib/libeina.so.1	 0x7fd4c694c8ac 0x7fd4c6922000
/usr/local/lib/libeina.so.1	 0x7fd4c694d5e1 0x7fd4c6922000
/usr/local/lib/libeina.so.1	 0x7fd4c694e9f5 0x7fd4c6922000
/home/dimmus/dev/eflete/eflete-1.19.1-efl-1.20/tests/ewe_ruler_test	 0x5558e5d9ac52 0x5558e5d8f000
/home/dimmus/dev/eflete/eflete-1.19.1-efl-1.20/tests/ewe_ruler_test	 0x5558e5d9b24b 0x5558e5d8f000
/usr/local/lib/libecore.so.1	 0x7fd4c69fa5c8 0x7fd4c69c6000
/usr/local/lib/libecore.so.1	 0x7fd4c69fa71d 0x7fd4c69c6000
/usr/local/lib/libeina.so.1	 0x7fd4c69659b4 0x7fd4c6922000
/lib/x86_64-linux-gnu/libpthread.so.0	 0x7fd4c6907609 0x7fd4c68ff000
/lib/x86_64-linux-gnu/libc.so.6	 0x7fd4c66d1133 0x7fd4c65b2000
EOF

ERR<642762>:eina_safety lib/efreet/efreet_utils.c:251 efreet_util_desktop_exec_find() safety check failed: exec == NULL
## Copy & Paste the below (until EOF) into a terminal, then hit Enter

eina_btlog << EOF
/usr/local/lib/libeina.so.1	 0x7fd4c694c8ac 0x7fd4c6922000
/usr/local/lib/libeina.so.1	 0x7fd4c694d5e1 0x7fd4c6922000
/usr/local/lib/libeina.so.1	 0x7fd4c694e9f5 0x7fd4c6922000
/usr/local/lib/libeina.so.1	 0x7fd4c695db62 0x7fd4c6922000
/usr/local/lib/libefreet.so.1	 0x7fd4c6a7a969 0x7fd4c6a62000
/usr/local/lib/libelementary.so.1	 0x7fd4c70a4c0d 0x7fd4c6e16000
/usr/local/lib/libelementary.so.1	 0x7fd4c70a4ed4 0x7fd4c6e16000
/usr/local/lib/libeo.so.1	 0x7fd4c69b8b05 0x7fd4c69a8000
/usr/local/lib/libeo.so.1	 0x7fd4c69b13df 0x7fd4c69a8000
/usr/local/lib/libelementary.so.1	 0x7fd4c709fd67 0x7fd4c6e16000
/home/dimmus/dev/eflete/eflete-1.19.1-efl-1.20/tests/ewe_ruler_test	 0x5558e5d98771 0x5558e5d8f000
/home/dimmus/dev/eflete/eflete-1.19.1-efl-1.20/tests/ewe_ruler_test	 0x5558e5da46b6 0x5558e5d8f000
/home/dimmus/dev/eflete/eflete-1.19.1-efl-1.20/tests/ewe_ruler_test	 0x5558e5d94c57 0x5558e5d8f000
/lib/x86_64-linux-gnu/libc.so.6	 0x7fd4c65d6083 0x7fd4c65b2000
/home/dimmus/dev/eflete/eflete-1.19.1-efl-1.20/tests/ewe_ruler_test	 0x5558e5d94cae 0x5558e5d8f000
EOF

ERR<642762>:eina_safety lib/eina/eina_file_common.c:521 eina_file_close() safety check failed: file == NULL
## Copy & Paste the below (until EOF) into a terminal, then hit Enter

eina_btlog << EOF
/usr/local/lib/libeina.so.1	 0x7fd4c694c8ac 0x7fd4c6922000
/usr/local/lib/libeina.so.1	 0x7fd4c694d5e1 0x7fd4c6922000
/usr/local/lib/libeina.so.1	 0x7fd4c694e9f5 0x7fd4c6922000
/usr/local/lib/libeina.so.1	 0x7fd4c695db62 0x7fd4c6922000
/usr/local/lib/libedje.so.1	 0x7fd4c6dc8709 0x7fd4c6d0e000
/usr/local/lib/libefl.so.1	 0x7fd4c5bf8d87 0x7fd4c5be6000
/usr/local/lib/libelementary.so.1	 0x7fd4c6fe81c9 0x7fd4c6e16000
/usr/local/lib/libefl.so.1	 0x7fd4c5bf8d87 0x7fd4c5be6000
/home/dimmus/dev/eflete/eflete-1.19.1-efl-1.20/tests/ewe_ruler_test	 0x5558e5d9f0d1 0x5558e5d8f000
/home/dimmus/dev/eflete/eflete-1.19.1-efl-1.20/tests/ewe_ruler_test	 0x5558e5d9e96b 0x5558e5d8f000
/home/dimmus/dev/eflete/eflete-1.19.1-efl-1.20/tests/ewe_ruler_test	 0x5558e5d98789 0x5558e5d8f000
/home/dimmus/dev/eflete/eflete-1.19.1-efl-1.20/tests/ewe_ruler_test	 0x5558e5da46b6 0x5558e5d8f000
/home/dimmus/dev/eflete/eflete-1.19.1-efl-1.20/tests/ewe_ruler_test	 0x5558e5d94c57 0x5558e5d8f000
/lib/x86_64-linux-gnu/libc.so.6	 0x7fd4c65d6083 0x7fd4c65b2000
/home/dimmus/dev/eflete/eflete-1.19.1-efl-1.20/tests/ewe_ruler_test	 0x5558e5d94cae 0x5558e5d8f000
EOF

ERR<642762>:elementary lib/elementary/elm_layout.c:883 _elm_layout_efl_file_file_set() failed to set edje file '(null)', group 'ewe/ruler/marker/vertical/default': File Does Not Exist
## Copy & Paste the below (until EOF) into a terminal, then hit Enter

eina_btlog << EOF
/usr/local/lib/libeina.so.1	 0x7fd4c694c8ac 0x7fd4c6922000
/usr/local/lib/libeina.so.1	 0x7fd4c694d5e1 0x7fd4c6922000
/usr/local/lib/libeina.so.1	 0x7fd4c694e9f5 0x7fd4c6922000
/usr/local/lib/libelementary.so.1	 0x7fd4c6fe8219 0x7fd4c6e16000
/usr/local/lib/libefl.so.1	 0x7fd4c5bf8d87 0x7fd4c5be6000
/home/dimmus/dev/eflete/eflete-1.19.1-efl-1.20/tests/ewe_ruler_test	 0x5558e5d9f0d1 0x5558e5d8f000
/home/dimmus/dev/eflete/eflete-1.19.1-efl-1.20/tests/ewe_ruler_test	 0x5558e5d9e96b 0x5558e5d8f000
/home/dimmus/dev/eflete/eflete-1.19.1-efl-1.20/tests/ewe_ruler_test	 0x5558e5d98789 0x5558e5d8f000
/home/dimmus/dev/eflete/eflete-1.19.1-efl-1.20/tests/ewe_ruler_test	 0x5558e5da46b6 0x5558e5d8f000
/home/dimmus/dev/eflete/eflete-1.19.1-efl-1.20/tests/ewe_ruler_test	 0x5558e5d94c57 0x5558e5d8f000
/lib/x86_64-linux-gnu/libc.so.6	 0x7fd4c65d6083 0x7fd4c65b2000
/home/dimmus/dev/eflete/eflete-1.19.1-efl-1.20/tests/ewe_ruler_test	 0x5558e5d94cae 0x5558e5d8f000
EOF

ERR<642762>:ecore_system_upower modules/ecore/system/upower/ecore_system_upower.c:288 _daemon_version_get_cb() Message error org.enlightenment.DBus.Canceled - Canceled by user.
## Copy & Paste the below (until EOF) into a terminal, then hit Enter

eina_btlog << EOF
/usr/local/lib/libeina.so.1	 0x7fd4c694c8ac 0x7fd4c6922000
/usr/local/lib/libeina.so.1	 0x7fd4c694d5e1 0x7fd4c6922000
/usr/local/lib/libeina.so.1	 0x7fd4c694e9f5 0x7fd4c6922000
/usr/local/lib/ecore/system/upower/v-1.20/module.so	 0x7fd4c71afa55 0x7fd4c71ae000
/usr/local/lib/libeldbus.so.1	 0x7fd4c64f6d5f 0x7fd4c64e0000
/usr/local/lib/libeldbus.so.1	 0x7fd4c64eb77d 0x7fd4c64e0000
/usr/local/lib/libeldbus.so.1	 0x7fd4c64ebb6f 0x7fd4c64e0000
/usr/local/lib/libeldbus.so.1	 0x7fd4c64efac0 0x7fd4c64e0000
/usr/local/lib/libeldbus.so.1	 0x7fd4c64f4c9e 0x7fd4c64e0000
/usr/local/lib/libeldbus.so.1	 0x7fd4c64f5d1b 0x7fd4c64e0000
/usr/local/lib/ecore/system/upower/v-1.20/module.so	 0x7fd4c71af609 0x7fd4c71ae000
/usr/local/lib/libeina.so.1	 0x7fd4c6957ece 0x7fd4c6922000
/usr/local/lib/libeina.so.1	 0x7fd4c6957f38 0x7fd4c6922000
/usr/local/lib/libeina.so.1	 0x7fd4c69587d5 0x7fd4c6922000
/usr/local/lib/libecore.so.1	 0x7fd4c69d8ab1 0x7fd4c69c6000
/usr/local/lib/libelementary.so.1	 0x7fd4c6ffc3dc 0x7fd4c6e16000
/usr/local/lib/libelementary.so.1	 0x7fd4c6ffc51a 0x7fd4c6e16000
/home/dimmus/dev/eflete/eflete-1.19.1-efl-1.20/tests/ewe_ruler_test	 0x5558e5d98829 0x5558e5d8f000
/home/dimmus/dev/eflete/eflete-1.19.1-efl-1.20/tests/ewe_ruler_test	 0x5558e5da46b6 0x5558e5d8f000
/home/dimmus/dev/eflete/eflete-1.19.1-efl-1.20/tests/ewe_ruler_test	 0x5558e5d94c57 0x5558e5d8f000
/lib/x86_64-linux-gnu/libc.so.6	 0x7fd4c65d6083 0x7fd4c65b2000
/home/dimmus/dev/eflete/eflete-1.19.1-efl-1.20/tests/ewe_ruler_test	 0x5558e5d94cae 0x5558e5d8f000
EOF

[7;32m============================= ewe_ruler_marker_relative_set_test_n ==================================================================[0m


ERR<642767>: ../../src/bin/external/syntax_color.c:108 color_load() Failed to open color data file "/themes/default/color/color.eet"
## Copy & Paste the below (until EOF) into a terminal, then hit Enter

eina_btlog << EOF
/usr/local/lib/libeina.so.1	 0x7fd4c694c8ac 0x7fd4c6922000
/usr/local/lib/libeina.so.1	 0x7fd4c694d5e1 0x7fd4c6922000
/usr/local/lib/libeina.so.1	 0x7fd4c694e9f5 0x7fd4c6922000
/home/dimmus/dev/eflete/eflete-1.19.1-efl-1.20/tests/ewe_ruler_test	 0x5558e5d9ac52 0x5558e5d8f000
/home/dimmus/dev/eflete/eflete-1.19.1-efl-1.20/tests/ewe_ruler_test	 0x5558e5d9b24b 0x5558e5d8f000
/usr/local/lib/libecore.so.1	 0x7fd4c69fa5c8 0x7fd4c69c6000
/usr/local/lib/libecore.so.1	 0x7fd4c69fa71d 0x7fd4c69c6000
/usr/local/lib/libeina.so.1	 0x7fd4c69659b4 0x7fd4c6922000
/lib/x86_64-linux-gnu/libpthread.so.0	 0x7fd4c6907609 0x7fd4c68ff000
/lib/x86_64-linux-gnu/libc.so.6	 0x7fd4c66d1133 0x7fd4c65b2000
EOF

ERR<642767>:eina_safety lib/efreet/efreet_utils.c:251 efreet_util_desktop_exec_find() safety check failed: exec == NULL
## Copy & Paste the below (until EOF) into a terminal, then hit Enter

eina_btlog << EOF
/usr/local/lib/libeina.so.1	 0x7fd4c694c8ac 0x7fd4c6922000
/usr/local/lib/libeina.so.1	 0x7fd4c694d5e1 0x7fd4c6922000
/usr/local/lib/libeina.so.1	 0x7fd4c694e9f5 0x7fd4c6922000
/usr/local/lib/libeina.so.1	 0x7fd4c695db62 0x7fd4c6922000
/usr/local/lib/libefreet.so.1	 0x7fd4c6a7a969 0x7fd4c6a62000
/usr/local/lib/libelementary.so.1	 0x7fd4c70a4c0d 0x7fd4c6e16000
/usr/local/lib/libelementary.so.1	 0x7fd4c70a4ed4 0x7fd4c6e16000
/usr/local/lib/libeo.so.1	 0x7fd4c69b8b05 0x7fd4c69a8000
/usr/local/lib/libeo.so.1	 0x7fd4c69b13df 0x7fd4c69a8000
/home/dimmus/dev/eflete/eflete-1.19.1-efl-1.20/tests/ewe_ruler_test	 0x5558e5d98ccc 0x5558e5d8f000
/home/dimmus/dev/eflete/eflete-1.19.1-efl-1.20/tests/ewe_ruler_test	 0x5558e5da46b6 0x5558e5d8f000
/home/dimmus/dev/eflete/eflete-1.19.1-efl-1.20/tests/ewe_ruler_test	 0x5558e5d94c57 0x5558e5d8f000
/lib/x86_64-linux-gnu/libc.so.6	 0x7fd4c65d6083 0x7fd4c65b2000
/home/dimmus/dev/eflete/eflete-1.19.1-efl-1.20/tests/ewe_ruler_test	 0x5558e5d94cae 0x5558e5d8f000
EOF

ERR<642767>:eina_safety lib/eina/eina_file_common.c:521 eina_file_close() safety check failed: file == NULL
## Copy & Paste the below (until EOF) into a terminal, then hit Enter

eina_btlog << EOF
/usr/local/lib/libeina.so.1	 0x7fd4c694c8ac 0x7fd4c6922000
/usr/local/lib/libeina.so.1	 0x7fd4c694d5e1 0x7fd4c6922000
/usr/local/lib/libeina.so.1	 0x7fd4c694e9f5 0x7fd4c6922000
/usr/local/lib/libeina.so.1	 0x7fd4c695db62 0x7fd4c6922000
/usr/local/lib/libedje.so.1	 0x7fd4c6dc8709 0x7fd4c6d0e000
/usr/local/lib/libefl.so.1	 0x7fd4c5bf8d87 0x7fd4c5be6000
/usr/local/lib/libelementary.so.1	 0x7fd4c6fe81c9 0x7fd4c6e16000
/usr/local/lib/libefl.so.1	 0x7fd4c5bf8d87 0x7fd4c5be6000
/home/dimmus/dev/eflete/eflete-1.19.1-efl-1.20/tests/ewe_ruler_test	 0x5558e5d9f0d1 0x5558e5d8f000
/home/dimmus/dev/eflete/eflete-1.19.1-efl-1.20/tests/ewe_ruler_test	 0x5558e5d9e96b 0x5558e5d8f000
/home/dimmus/dev/eflete/eflete-1.19.1-efl-1.20/tests/ewe_ruler_test	 0x5558e5d98ce1 0x5558e5d8f000
/home/dimmus/dev/eflete/eflete-1.19.1-efl-1.20/tests/ewe_ruler_test	 0x5558e5da46b6 0x5558e5d8f000
/home/dimmus/dev/eflete/eflete-1.19.1-efl-1.20/tests/ewe_ruler_test	 0x5558e5d94c57 0x5558e5d8f000
/lib/x86_64-linux-gnu/libc.so.6	 0x7fd4c65d6083 0x7fd4c65b2000
/home/dimmus/dev/eflete/eflete-1.19.1-efl-1.20/tests/ewe_ruler_test	 0x5558e5d94cae 0x5558e5d8f000
EOF

ERR<642767>:elementary lib/elementary/elm_layout.c:883 _elm_layout_efl_file_file_set() failed to set edje file '(null)', group 'ewe/ruler/marker/vertical/default': File Does Not Exist
## Copy & Paste the below (until EOF) into a terminal, then hit Enter

eina_btlog << EOF
/usr/local/lib/libeina.so.1	 0x7fd4c694c8ac 0x7fd4c6922000
/usr/local/lib/libeina.so.1	 0x7fd4c694d5e1 0x7fd4c6922000
/usr/local/lib/libeina.so.1	 0x7fd4c694e9f5 0x7fd4c6922000
/usr/local/lib/libelementary.so.1	 0x7fd4c6fe8219 0x7fd4c6e16000
/usr/local/lib/libefl.so.1	 0x7fd4c5bf8d87 0x7fd4c5be6000
/home/dimmus/dev/eflete/eflete-1.19.1-efl-1.20/tests/ewe_ruler_test	 0x5558e5d9f0d1 0x5558e5d8f000
/home/dimmus/dev/eflete/eflete-1.19.1-efl-1.20/tests/ewe_ruler_test	 0x5558e5d9e96b 0x5558e5d8f000
/home/dimmus/dev/eflete/eflete-1.19.1-efl-1.20/tests/ewe_ruler_test	 0x5558e5d98ce1 0x5558e5d8f000
/home/dimmus/dev/eflete/eflete-1.19.1-efl-1.20/tests/ewe_ruler_test	 0x5558e5da46b6 0x5558e5d8f000
/home/dimmus/dev/eflete/eflete-1.19.1-efl-1.20/tests/ewe_ruler_test	 0x5558e5d94c57 0x5558e5d8f000
/lib/x86_64-linux-gnu/libc.so.6	 0x7fd4c65d6083 0x7fd4c65b2000
/home/dimmus/dev/eflete/eflete-1.19.1-efl-1.20/tests/ewe_ruler_test	 0x5558e5d94cae 0x5558e5d8f000
EOF

ERR<642767>:ecore_system_upower modules/ecore/system/upower/ecore_system_upower.c:288 _daemon_version_get_cb() Message error org.enlightenment.DBus.Canceled - Canceled by user.
## Copy & Paste the below (until EOF) into a terminal, then hit Enter

eina_btlog << EOF
/usr/local/lib/libeina.so.1	 0x7fd4c694c8ac 0x7fd4c6922000
/usr/local/lib/libeina.so.1	 0x7fd4c694d5e1 0x7fd4c6922000
/usr/local/lib/libeina.so.1	 0x7fd4c694e9f5 0x7fd4c6922000
/usr/local/lib/ecore/system/upower/v-1.20/module.so	 0x7fd4c71afa55 0x7fd4c71ae000
/usr/local/lib/libeldbus.so.1	 0x7fd4c64f6d5f 0x7fd4c64e0000
/usr/local/lib/libeldbus.so.1	 0x7fd4c64eb77d 0x7fd4c64e0000
/usr/local/lib/libeldbus.so.1	 0x7fd4c64ebb6f 0x7fd4c64e0000
/usr/local/lib/libeldbus.so.1	 0x7fd4c64efac0 0x7fd4c64e0000
/usr/local/lib/libeldbus.so.1	 0x7fd4c64f4c9e 0x7fd4c64e0000
/usr/local/lib/libeldbus.so.1	 0x7fd4c64f5d1b 0x7fd4c64e0000
/usr/local/lib/ecore/system/upower/v-1.20/module.so	 0x7fd4c71af609 0x7fd4c71ae000
/usr/local/lib/libeina.so.1	 0x7fd4c6957ece 0x7fd4c6922000
/usr/local/lib/libeina.so.1	 0x7fd4c6957f38 0x7fd4c6922000
/usr/local/lib/libeina.so.1	 0x7fd4c69587d5 0x7fd4c6922000
/usr/local/lib/libecore.so.1	 0x7fd4c69d8ab1 0x7fd4c69c6000
/usr/local/lib/libelementary.so.1	 0x7fd4c6ffc3dc 0x7fd4c6e16000
/usr/local/lib/libelementary.so.1	 0x7fd4c6ffc51a 0x7fd4c6e16000
/home/dimmus/dev/eflete/eflete-1.19.1-efl-1.20/tests/ewe_ruler_test	 0x5558e5d98d09 0x5558e5d8f000
/home/dimmus/dev/eflete/eflete-1.19.1-efl-1.20/tests/ewe_ruler_test	 0x5558e5da46b6 0x5558e5d8f000
/home/dimmus/dev/eflete/eflete-1.19.1-efl-1.20/tests/ewe_ruler_test	 0x5558e5d94c57 0x5558e5d8f000
/lib/x86_64-linux-gnu/libc.so.6	 0x7fd4c65d6083 0x7fd4c65b2000
/home/dimmus/dev/eflete/eflete-1.19.1-efl-1.20/tests/ewe_ruler_test	 0x5558e5d94cae 0x5558e5d8f000
EOF

[7;32m============================= ewe_ruler_marker_add_test_p ==================================================================[0m


[7;32m============================= ewe_ruler_marker_add_test_n ==================================================================[0m


ERR<642777>: ../../src/bin/external/syntax_color.c:108 color_load() Failed to open color data file "/themes/default/color/color.eet"
## Copy & Paste the below (until EOF) into a terminal, then hit Enter

eina_btlog << EOF
/usr/local/lib/libeina.so.1	 0x7fd4c694c8ac 0x7fd4c6922000
/usr/local/lib/libeina.so.1	 0x7fd4c694d5e1 0x7fd4c6922000
/usr/local/lib/libeina.so.1	 0x7fd4c694e9f5 0x7fd4c6922000
/home/dimmus/dev/eflete/eflete-1.19.1-efl-1.20/tests/ewe_ruler_test	 0x5558e5d9ac52 0x5558e5d8f000
/home/dimmus/dev/eflete/eflete-1.19.1-efl-1.20/tests/ewe_ruler_test	 0x5558e5d9b24b 0x5558e5d8f000
/usr/local/lib/libecore.so.1	 0x7fd4c69fa5c8 0x7fd4c69c6000
/usr/local/lib/libecore.so.1	 0x7fd4c69fa71d 0x7fd4c69c6000
/usr/local/lib/libeina.so.1	 0x7fd4c69659b4 0x7fd4c6922000
/lib/x86_64-linux-gnu/libpthread.so.0	 0x7fd4c6907609 0x7fd4c68ff000
/lib/x86_64-linux-gnu/libc.so.6	 0x7fd4c66d1133 0x7fd4c65b2000
EOF

ERR<642777>:eina_safety lib/efreet/efreet_utils.c:251 efreet_util_desktop_exec_find() safety check failed: exec == NULL
## Copy & Paste the below (until EOF) into a terminal, then hit Enter

eina_btlog << EOF
/usr/local/lib/libeina.so.1	 0x7fd4c694c8ac 0x7fd4c6922000
/usr/local/lib/libeina.so.1	 0x7fd4c694d5e1 0x7fd4c6922000
/usr/local/lib/libeina.so.1	 0x7fd4c694e9f5 0x7fd4c6922000
/usr/local/lib/libeina.so.1	 0x7fd4c695db62 0x7fd4c6922000
/usr/local/lib/libefreet.so.1	 0x7fd4c6a7a969 0x7fd4c6a62000
/usr/local/lib/libelementary.so.1	 0x7fd4c70a4c0d 0x7fd4c6e16000
/usr/local/lib/libelementary.so.1	 0x7fd4c70a4ed4 0x7fd4c6e16000
/usr/local/lib/libeo.so.1	 0x7fd4c69b8b05 0x7fd4c69a8000
/usr/local/lib/libeo.so.1	 0x7fd4c69b13df 0x7fd4c69a8000
/usr/local/lib/libelementary.so.1	 0x7fd4c709fd67 0x7fd4c6e16000
/home/dimmus/dev/eflete/eflete-1.19.1-efl-1.20/tests/ewe_ruler_test	 0x5558e5d98e31 0x5558e5d8f000
/home/dimmus/dev/eflete/eflete-1.19.1-efl-1.20/tests/ewe_ruler_test	 0x5558e5da46b6 0x5558e5d8f000
/home/dimmus/dev/eflete/eflete-1.19.1-efl-1.20/tests/ewe_ruler_test	 0x5558e5d94c57 0x5558e5d8f000
/lib/x86_64-linux-gnu/libc.so.6	 0x7fd4c65d6083 0x7fd4c65b2000
/home/dimmus/dev/eflete/eflete-1.19.1-efl-1.20/tests/ewe_ruler_test	 0x5558e5d94cae 0x5558e5d8f000
EOF

ERR<642777>:eina_safety lib/eina/eina_file_common.c:521 eina_file_close() safety check failed: file == NULL
## Copy & Paste the below (until EOF) into a terminal, then hit Enter

eina_btlog << EOF
/usr/local/lib/libeina.so.1	 0x7fd4c694c8ac 0x7fd4c6922000
/usr/local/lib/libeina.so.1	 0x7fd4c694d5e1 0x7fd4c6922000
/usr/local/lib/libeina.so.1	 0x7fd4c694e9f5 0x7fd4c6922000
/usr/local/lib/libeina.so.1	 0x7fd4c695db62 0x7fd4c6922000
/usr/local/lib/libedje.so.1	 0x7fd4c6dc8709 0x7fd4c6d0e000
/usr/local/lib/libefl.so.1	 0x7fd4c5bf8d87 0x7fd4c5be6000
/usr/local/lib/libelementary.so.1	 0x7fd4c6fe81c9 0x7fd4c6e16000
/usr/local/lib/libefl.so.1	 0x7fd4c5bf8d87 0x7fd4c5be6000
/home/dimmus/dev/eflete/eflete-1.19.1-efl-1.20/tests/ewe_ruler_test	 0x5558e5d9f0d1 0x5558e5d8f000
/home/dimmus/dev/eflete/eflete-1.19.1-efl-1.20/tests/ewe_ruler_test	 0x5558e5d9e96b 0x5558e5d8f000
/home/dimmus/dev/eflete/eflete-1.19.1-efl-1.20/tests/ewe_ruler_test	 0x5558e5d98e49 0x5558e5d8f000
/home/dimmus/dev/eflete/eflete-1.19.1-efl-1.20/tests/ewe_ruler_test	 0x5558e5da46b6 0x5558e5d8f000
/home/dimmus/dev/eflete/eflete-1.19.1-efl-1.20/tests/ewe_ruler_test	 0x5558e5d94c57 0x5558e5d8f000
/lib/x86_64-linux-gnu/libc.so.6	 0x7fd4c65d6083 0x7fd4c65b2000
/home/dimmus/dev/eflete/eflete-1.19.1-efl-1.20/tests/ewe_ruler_test	 0x5558e5d94cae 0x5558e5d8f000
EOF

ERR<642777>:elementary lib/elementary/elm_layout.c:883 _elm_layout_efl_file_file_set() failed to set edje file '(null)', group 'ewe/ruler/marker/vertical/default': File Does Not Exist
## Copy & Paste the below (until EOF) into a terminal, then hit Enter

eina_btlog << EOF
/usr/local/lib/libeina.so.1	 0x7fd4c694c8ac 0x7fd4c6922000
/usr/local/lib/libeina.so.1	 0x7fd4c694d5e1 0x7fd4c6922000
/usr/local/lib/libeina.so.1	 0x7fd4c694e9f5 0x7fd4c6922000
/usr/local/lib/libelementary.so.1	 0x7fd4c6fe8219 0x7fd4c6e16000
/usr/local/lib/libefl.so.1	 0x7fd4c5bf8d87 0x7fd4c5be6000
/home/dimmus/dev/eflete/eflete-1.19.1-efl-1.20/tests/ewe_ruler_test	 0x5558e5d9f0d1 0x5558e5d8f000
/home/dimmus/dev/eflete/eflete-1.19.1-efl-1.20/tests/ewe_ruler_test	 0x5558e5d9e96b 0x5558e5d8f000
/home/dimmus/dev/eflete/eflete-1.19.1-efl-1.20/tests/ewe_ruler_test	 0x5558e5d98e49 0x5558e5d8f000
/home/dimmus/dev/eflete/eflete-1.19.1-efl-1.20/tests/ewe_ruler_test	 0x5558e5da46b6 0x5558e5d8f000
/home/dimmus/dev/eflete/eflete-1.19.1-efl-1.20/tests/ewe_ruler_test	 0x5558e5d94c57 0x5558e5d8f000
/lib/x86_64-linux-gnu/libc.so.6	 0x7fd4c65d6083 0x7fd4c65b2000
/home/dimmus/dev/eflete/eflete-1.19.1-efl-1.20/tests/ewe_ruler_test	 0x5558e5d94cae 0x5558e5d8f000
EOF

ERR<642777>:ecore_system_upower modules/ecore/system/upower/ecore_system_upower.c:288 _daemon_version_get_cb() Message error org.enlightenment.DBus.Canceled - Canceled by user.
## Copy & Paste the below (until EOF) into a terminal, then hit Enter

eina_btlog << EOF
/usr/local/lib/libeina.so.1	 0x7fd4c694c8ac 0x7fd4c6922000
/usr/local/lib/libeina.so.1	 0x7fd4c694d5e1 0x7fd4c6922000
/usr/local/lib/libeina.so.1	 0x7fd4c694e9f5 0x7fd4c6922000
/usr/local/lib/ecore/system/upower/v-1.20/module.so	 0x7fd4c71afa55 0x7fd4c71ae000
/usr/local/lib/libeldbus.so.1	 0x7fd4c64f6d5f 0x7fd4c64e0000
/usr/local/lib/libeldbus.so.1	 0x7fd4c64eb77d 0x7fd4c64e0000
/usr/local/lib/libeldbus.so.1	 0x7fd4c64ebb6f 0x7fd4c64e0000
/usr/local/lib/libeldbus.so.1	 0x7fd4c64efac0 0x7fd4c64e0000
/usr/local/lib/libeldbus.so.1	 0x7fd4c64f4c9e 0x7fd4c64e0000
/usr/local/lib/libeldbus.so.1	 0x7fd4c64f5d1b 0x7fd4c64e0000
/usr/local/lib/ecore/system/upower/v-1.20/module.so	 0x7fd4c71af609 0x7fd4c71ae000
/usr/local/lib/libeina.so.1	 0x7fd4c6957ece 0x7fd4c6922000
/usr/local/lib/libeina.so.1	 0x7fd4c6957f38 0x7fd4c6922000
/usr/local/lib/libeina.so.1	 0x7fd4c69587d5 0x7fd4c6922000
/usr/local/lib/libecore.so.1	 0x7fd4c69d8ab1 0x7fd4c69c6000
/usr/local/lib/libelementary.so.1	 0x7fd4c6ffc3dc 0x7fd4c6e16000
/usr/local/lib/libelementary.so.1	 0x7fd4c6ffc51a 0x7fd4c6e16000
/home/dimmus/dev/eflete/eflete-1.19.1-efl-1.20/tests/ewe_ruler_test	 0x5558e5d98e7b 0x5558e5d8f000
/home/dimmus/dev/eflete/eflete-1.19.1-efl-1.20/tests/ewe_ruler_test	 0x5558e5da46b6 0x5558e5d8f000
/home/dimmus/dev/eflete/eflete-1.19.1-efl-1.20/tests/ewe_ruler_test	 0x5558e5d94c57 0x5558e5d8f000
/lib/x86_64-linux-gnu/libc.so.6	 0x7fd4c65d6083 0x7fd4c65b2000
/home/dimmus/dev/eflete/eflete-1.19.1-efl-1.20/tests/ewe_ruler_test	 0x5558e5d94cae 0x5558e5d8f000
EOF

[7;32m============================= ewe_ruler_marker_del_test_p ==================================================================[0m


[7;32m============================= ewe_ruler_marker_del_test_n ==================================================================[0m


88%: Checks: 59, Failures: 7, Errors: 0
../tests/test_ewe_ruler/ewe_ruler_add.c:62:P:TCase:ewe_ruler_add_test_p:0: Passed
../tests/test_ewe_ruler/ewe_ruler_add.c:99:P:TCase:ewe_ruler_add_test_n:0: Passed
../tests/test_ewe_ruler/ewe_ruler_scale_add.c:61:P:TCase:ewe_ruler_scale_add_test_p:0: Passed
../tests/test_ewe_ruler/ewe_ruler_scale_add.c:97:P:TCase:ewe_ruler_scale_add_test_n:0: Passed
../tests/test_ewe_ruler/ewe_ruler_scale_del.c:63:P:TCase:ewe_ruler_scale_del_test_p:0: Passed
../tests/test_ewe_ruler/ewe_ruler_scale_del.c:99:P:TCase:ewe_ruler_scale_del_test_n:0: Passed
../tests/test_ewe_ruler/ewe_ruler_scale_visible_get.c:63:P:TCase:ewe_ruler_scale_visible_get_test_p:0: Passed
../tests/test_ewe_ruler/ewe_ruler_scale_visible_get.c:99:P:TCase:ewe_ruler_scale_visible_get_test_n:0: Passed
../tests/test_ewe_ruler/ewe_ruler_scale_visible_set.c:70:P:TCase:ewe_ruler_scale_visible_set_test_p:0: Passed
../tests/test_ewe_ruler/ewe_ruler_scale_visible_set.c:106:P:TCase:ewe_ruler_scale_visible_set_test_n:0: Passed
../tests/test_ewe_ruler/ewe_ruler_scale_middle_mark_get.c:63:P:TCase:ewe_ruler_scale_middle_mark_get_test_p:0: Passed
../tests/test_ewe_ruler/ewe_ruler_scale_middle_mark_get.c:99:P:TCase:ewe_ruler_scale_middle_mark_get_test_n:0: Passed
../tests/test_ewe_ruler/ewe_ruler_scale_middle_mark_set.c:70:P:TCase:ewe_ruler_scale_middle_mark_set_test_p:0: Passed
../tests/test_ewe_ruler/ewe_ruler_scale_middle_mark_set.c:106:P:TCase:ewe_ruler_scale_middle_mark_set_test_n:0: Passed
../tests/test_ewe_ruler/ewe_ruler_horizontal_get.c:67:F:TCase:ewe_ruler_horizontal_get_test_p:0: Cannot get default orientation of the ruler
../tests/test_ewe_ruler/ewe_ruler_horizontal_get.c:102:P:TCase:ewe_ruler_horizontal_get_test_n:0: Passed
../tests/test_ewe_ruler/ewe_ruler_horizontal_set.c:62:F:TCase:ewe_ruler_horizontal_set_test_p1:0: Resetted default value
../tests/test_ewe_ruler/ewe_ruler_horizontal_set.c:104:F:TCase:ewe_ruler_horizontal_set_test_p2:0: Cannot set vertical orientation of the ruler
../tests/test_ewe_ruler/ewe_ruler_horizontal_set.c:144:P:TCase:ewe_ruler_horizontal_set_test_n:0: Passed
../tests/test_ewe_ruler/ewe_ruler_step_set.c:64:F:TCase:ewe_ruler_step_set_test_p:0: Cannot set step for the ruler
../tests/test_ewe_ruler/ewe_ruler_step_set.c:104:P:TCase:ewe_ruler_step_set_test_n:0: Passed
../tests/test_ewe_ruler/ewe_ruler_step_get.c:61:F:TCase:ewe_ruler_step_get_test_p:0: Cannot get default step of the ruler
../tests/test_ewe_ruler/ewe_ruler_step_get.c:97:P:TCase:ewe_ruler_step_get_test_n:0: Passed
../tests/test_ewe_ruler/ewe_ruler_value_step_set.c:70:P:TCase:ewe_ruler_value_step_set_test_p:0: Passed
../tests/test_ewe_ruler/ewe_ruler_value_step_set.c:106:P:TCase:ewe_ruler_value_step_set_test_n:0: Passed
../tests/test_ewe_ruler/ewe_ruler_value_step_get.c:63:P:TCase:ewe_ruler_value_step_get_test_p:0: Passed
../tests/test_ewe_ruler/ewe_ruler_value_step_get.c:99:P:TCase:ewe_ruler_value_step_get_test_n:0: Passed
../tests/test_ewe_ruler/ewe_ruler_zero_offset_set.c:64:F:TCase:ewe_ruler_zero_offset_set_test_p:0: Cannot set zero pointer of the ruler
../tests/test_ewe_ruler/ewe_ruler_zero_offset_set.c:106:P:TCase:ewe_ruler_zero_offset_set_test_n:0: Passed
../tests/test_ewe_ruler/ewe_ruler_zero_offset_get.c:61:P:TCase:ewe_ruler_zero_offset_get_test_p:0: Passed
../tests/test_ewe_ruler/ewe_ruler_zero_offset_get.c:97:P:TCase:ewe_ruler_zero_offset_get_test_n:0: Passed
../tests/test_ewe_ruler/ewe_ruler_format_get.c:63:P:TCase:ewe_ruler_format_get_test_p:0: Passed
../tests/test_ewe_ruler/ewe_ruler_format_get.c:99:P:TCase:ewe_ruler_format_get_test_n:0: Passed
../tests/test_ewe_ruler/ewe_ruler_format_set.c:70:P:TCase:ewe_ruler_format_set_test_p:0: Passed
../tests/test_ewe_ruler/ewe_ruler_format_set.c:106:P:TCase:ewe_ruler_format_set_test_n:0: Passed
../tests/test_ewe_ruler/ewe_ruler_style_get.c:63:P:TCase:ewe_ruler_style_get_test_p:0: Passed
../tests/test_ewe_ruler/ewe_ruler_style_get.c:99:P:TCase:ewe_ruler_style_get_test_n:0: Passed
../tests/test_ewe_ruler/ewe_ruler_style_set.c:70:P:TCase:ewe_ruler_style_set_test_p:0: Passed
../tests/test_ewe_ruler/ewe_ruler_style_set.c:106:P:TCase:ewe_ruler_style_set_test_n:0: Passed
../tests/test_ewe_ruler/ewe_ruler_marker_visible_get.c:64:P:TCase:ewe_ruler_marker_visible_get_test_p:0: Passed
../tests/test_ewe_ruler/ewe_ruler_marker_visible_get.c:100:P:TCase:ewe_ruler_marker_visible_get_test_n:0: Passed
../tests/test_ewe_ruler/ewe_ruler_marker_visible_set.c:71:P:TCase:ewe_ruler_marker_visible_set_test_p:0: Passed
../tests/test_ewe_ruler/ewe_ruler_marker_visible_set.c:107:P:TCase:ewe_ruler_marker_visible_set_test_n:0: Passed
../tests/test_ewe_ruler/ewe_ruler_marker_style_get.c:64:P:TCase:ewe_ruler_marker_style_get_test_p:0: Passed
../tests/test_ewe_ruler/ewe_ruler_marker_style_get.c:100:P:TCase:ewe_ruler_marker_style_get_test_n:0: Passed
../tests/test_ewe_ruler/ewe_ruler_marker_style_set.c:71:P:TCase:ewe_ruler_marker_style_set_test_p:0: Passed
../tests/test_ewe_ruler/ewe_ruler_marker_style_set.c:107:P:TCase:ewe_ruler_marker_style_set_test_n:0: Passed
../tests/test_ewe_ruler/ewe_ruler_marker_absolute_get.c:64:P:TCase:ewe_ruler_marker_absolute_get_test_p:0: Passed
../tests/test_ewe_ruler/ewe_ruler_marker_absolute_get.c:111:P:TCase:ewe_ruler_marker_absolute_get_test_n:0: Passed
../tests/test_ewe_ruler/ewe_ruler_marker_absolute_set.c:71:P:TCase:ewe_ruler_marker_absolute_set_test_p:0: Passed
../tests/test_ewe_ruler/ewe_ruler_marker_absolute_set.c:118:P:TCase:ewe_ruler_marker_absolute_set_test_n:0: Passed
../tests/test_ewe_ruler/ewe_ruler_marker_relative_get.c:64:P:TCase:ewe_ruler_marker_relative_get_test_p:0: Passed
../tests/test_ewe_ruler/ewe_ruler_marker_relative_get.c:111:P:TCase:ewe_ruler_marker_relative_get_test_n:0: Passed
../tests/test_ewe_ruler/ewe_ruler_marker_relative_set.c:68:F:TCase:ewe_ruler_marker_relative_set_test_p:0: Can't set rel position
../tests/test_ewe_ruler/ewe_ruler_marker_relative_set.c:118:P:TCase:ewe_ruler_marker_relative_set_test_n:0: Passed
../tests/test_ewe_ruler/ewe_ruler_marker_add.c:66:P:TCase:ewe_ruler_marker_add_test_p:0: Passed
../tests/test_ewe_ruler/ewe_ruler_marker_add.c:104:P:TCase:ewe_ruler_marker_add_test_n:0: Passed
../tests/test_ewe_ruler/ewe_ruler_marker_del.c:64:P:TCase:ewe_ruler_marker_del_test_p:0: Passed
../tests/test_ewe_ruler/ewe_ruler_marker_del.c:100:P:TCase:ewe_ruler_marker_del_test_n:0: Passed
FAIL ewe_ruler_test (exit status: 7)

